
> teacher-playground@1.0.0 test
> vitest run


 RUN  v4.1.6 D:/new-projects/teacher-playground


 Test Files  7 passed (7)
      Tests  91 passed (91)
   Start at  12:41:22
   Duration  964ms (transform 282ms, setup 499ms, import 465ms, tests 160ms, environment 4.31s)

