
> teacher-playground@1.0.0 test:e2e
> node scripts/run-e2e.mjs

[1A[2K[2m[WebServer] [22m
[2m[WebServer] [22m> teacher-playground@1.0.0 dev
[2m[WebServer] [22m> concurrently "node signaling-server.mjs" "next dev"
[2m[WebServer] [22m


node.exe : [1A[2K[2m[WebServer] [22m(node:12856) Warning: The 'NO_COLOR' env is ignored due to the 'FORCE_COLOR' 
env being set.
At line:1 char:1
+ & "C:\Program Files\nodejs/node.exe" "C:\Program Files\nodejs/node_mo ...
+ ~~~~~~~~~~~~~~~~~~~~~~~~~~~~~~~~~~~~~~~~~~~~~~~~~~~~~~~~~~~~~~~~~~~~~
    + CategoryInfo          : NotSpecified: ([1A[2K[2m[We... env being set.:String) [], RemoteException
    + FullyQualifiedErrorId : NativeCommandError
 
[2m[WebServer] [22m(Use `node --trace-warnings ...` to show where the warning was created)
[1A[2K[2m[WebServer] [22m[0m[0][0m 

[1A[2K[2m[WebServer] [22m(node:26168) Warning: The 'NO_COLOR' env is ignored due to the 'FORCE_COLOR' env being set.
[2m[WebServer] [22m[0m[0][0m (Use `node --trace-warnings ...` to show where the warning was created)

[1A[2K[2m[WebServer] [22m[0m[0][0m y-webrtc signaling server running on ws://0.0.0.0:1996

[1A[2K[2m[WebServer] [22m[0m[1][0m (node:2788) Warning: The 'NO_COLOR' env is ignored due to the 'FORCE_COLOR' env being set.
[2m[WebServer] [22m[0m[1][0m (Use `node --trace-warnings ...` to show where the warning was created)

[1A[2K[2m[WebServer] [22m[0m[1][0m 

[1A[2K[2m[WebServer] [22m(node:23752) Warning: The 'NO_COLOR' env is ignored due to the 'FORCE_COLOR' env being set.
[2m[WebServer] [22m[0m[1][0m (Use `node --trace-warnings ...` to show where the warning was created)

[1A[2K[2m[WebServer] [22m[0m[1][0m 

[1A[2K[2m[WebServer] [22m  ▲ Next.js 14.2.18
[2m[WebServer] [22m[0m[1][0m   - Local:        http://localhost:1995
[2m[WebServer] [22m[0m[1][0m 
[2m[WebServer] [22m[0m[1][0m  ✓ Starting...

[1A[2K[2m[WebServer] [22m[0m[1][0m  ✓ Ready in 1438ms

[1A[2K[2m[WebServer] [22m[0m[1][0m  ○ Compiling / ...

[1A[2K[2m[WebServer] [22m[0m[1][0m  ✓ Compiled / in 1402ms (457 modules)

[1A[2K[2m[WebServer] [22m[0m[1][0m  GET / 200 in 1712ms


Running 69 tests using 1 worker

[1A[2K(node:9052) Warning: The 'NO_COLOR' env is ignored due to the 'FORCE_COLOR' env being set.
(Use `node --trace-warnings ...` to show where the warning was created)


[1A[2K(node:9052) Warning: The 'NO_COLOR' env is ignored due to the 'FORCE_COLOR' env being set.
(Use `node --trace-warnings ...` to show where the warning was created)


[1A[2K[1/69] [chromium] › tests\e2e\collaboration.spec.ts:229:7 › Excalidraw › whiteboard page loads with Excalidraw canvas
[1A[2K[2m[WebServer] [22m[0m[1][0m  ✓ Compiled in 746ms (237 modules)

[1A[2K[2m[WebServer] [22m[0m[1][0m  ✓ Compiled /whiteboard in 426ms (453 modules)

[1A[2K[2m[WebServer] [22m[0m[1][0m  GET /whiteboard 200 in 527ms

[1A[2K[2m[WebServer] [22m[0m[1][0m  ✓ Compiled /api/whiteboard/room/[roomId] in 224ms (343 modules)

[1A[2K[2m[WebServer] [22m[0m[1][0m (node:20592) Warning: The 'NO_COLOR' env is ignored due to the 'FORCE_COLOR' env being set.
[2m[WebServer] [22m[0m[1][0m (Use `node --trace-warnings ...` to show where the warning was created)

[1A[2K[2m[WebServer] [22m[0m[1][0m  POST /api/whiteboard/room/UZ9X6U6B 200 in 515ms

[1A[2K[2m[WebServer] [22m[0m[1][0m  ○ Compiling /whiteboard/[roomId] ...

[1A[2K[2m[WebServer] [22m[0m[1][0m  ✓ Compiled /whiteboard/[roomId] in 5.5s (5279 modules)

[1A[2K[2m[WebServer] [22m[0m[1][0m (node:18064) Warning: The 'NO_COLOR' env is ignored due to the 'FORCE_COLOR' env being set.
[2m[WebServer] [22m[0m[1][0m (Use `node --trace-warnings ...` to show where the warning was created)

[1A[2K[2m[WebServer] [22m[0m[1][0m  ✓ Compiled in 387ms (2589 modules)

[1A[2K[2m[WebServer] [22m[0m[1][0m (node:6388) Warning: The 'NO_COLOR' env is ignored due to the 'FORCE_COLOR' env being set.
[2m[WebServer] [22m[0m[1][0m (Use `node --trace-warnings ...` to show where the warning was created)

[1A[2K[2m[WebServer] [22m[0m[1][0m  ✓ Compiled in 269ms (2589 modules)

[1A[2K[2m[WebServer] [22m[0m[1][0m  ✓ Compiled in 230ms (2589 modules)

[1A[2K[2m[WebServer] [22m[0m[1][0m (node:32668) Warning: The 'NO_COLOR' env is ignored due to the 'FORCE_COLOR' env being set.
[2m[WebServer] [22m[0m[1][0m (Use `node --trace-warnings ...` to show where the warning was created)

[1A[2K[2m[WebServer] [22m[0m[1][0m  ✓ Compiled in 236ms (2589 modules)

[1A[2K[2m[WebServer] [22m[0m[1][0m  ✓ Compiled in 245ms (2589 modules)

[1A[2K[2m[WebServer] [22m[0m[1][0m (node:20436) Warning: The 'NO_COLOR' env is ignored due to the 'FORCE_COLOR' env being set.
[2m[WebServer] [22m[0m[1][0m (Use `node --trace-warnings ...` to show where the warning was created)

[1A[2K[2m[WebServer] [22m[0m[1][0m  ○ Compiling /api/whiteboard/room/[roomId]/presence ...

[1A[2K[2m[WebServer] [22m[0m[1][0m  ✓ Compiled /api/whiteboard/room/[roomId]/presence in 831ms (5264 modules)

[1A[2K[2m[WebServer] [22m[0m[1][0m  GET /api/whiteboard/room/UZ9X6U6B 200 in 1005ms

[1A[2K[2m[WebServer] [22m[0m[1][0m  GET /api/whiteboard/room/UZ9X6U6B 200 in 119ms

[1A[2K[2m[WebServer] [22m[0m[1][0m (node:27784) Warning: The 'NO_COLOR' env is ignored due to the 'FORCE_COLOR' env being set.
[2m[WebServer] [22m[0m[1][0m (Use `node --trace-warnings ...` to show where the warning was created)

[1A[2K[2m[WebServer] [22m[0m[1][0m (node:7076) Warning: The 'NO_COLOR' env is ignored due to the 'FORCE_COLOR' env being set.
[2m[WebServer] [22m[0m[1][0m (Use `node --trace-warnings ...` to show where the warning was created)

[1A[2K[2m[WebServer] [22m[0m[1][0m (node:26708) Warning: The 'NO_COLOR' env is ignored due to the 'FORCE_COLOR' env being set.
[2m[WebServer] [22m[0m[1][0m (Use `node --trace-warnings ...` to show where the warning was created)

[1A[2K[2m[WebServer] [22m[0m[1][0m  ✓ Compiled in 299ms (2589 modules)

[1A[2K[2m[WebServer] [22m[0m[1][0m  POST /api/whiteboard/room/UZ9X6U6B/presence 200 in 1217ms

[1A[2K[2m[WebServer] [22m[0m[1][0m  ✓ Compiled in 232ms (2589 modules)

[1A[2K[2m[WebServer] [22m[0m[1][0m (node:32336) Warning: The 'NO_COLOR' env is ignored due to the 'FORCE_COLOR' env being set.
[2m[WebServer] [22m[0m[1][0m (Use `node --trace-warnings ...` to show where the warning was created)

[1A[2K[2m[WebServer] [22m[0m[1][0m  ✓ Compiled in 201ms (2589 modules)

[1A[2K[2m[WebServer] [22m[0m[1][0m  ✓ Compiled in 207ms (2589 modules)

[1A[2K[2m[WebServer] [22m[0m[1][0m (node:32440) Warning: The 'NO_COLOR' env is ignored due to the 'FORCE_COLOR' env being set.
[2m[WebServer] [22m[0m[1][0m (Use `node --trace-warnings ...` to show where the warning was created)

[1A[2K[2m[WebServer] [22m[0m[1][0m  POST /api/whiteboard/room/UZ9X6U6B/presence 200 in 33ms

[1A[2K[2/69] [chromium] › tests\e2e\collaboration.spec.ts:236:7 › Excalidraw › tool buttons are visible in sidebar
[1A[2K[2m[WebServer] [22m[0m[1][0m  ✓ Compiled in 263ms (2589 modules)

[1A[2K[2m[WebServer] [22m[0m[1][0m (node:25904) Warning: The 'NO_COLOR' env is ignored due to the 'FORCE_COLOR' env being set.
[2m[WebServer] [22m[0m[1][0m (Use `node --trace-warnings ...` to show where the warning was created)

[1A[2K[2m[WebServer] [22m[0m[1][0m (node:7448) Warning: The 'NO_COLOR' env is ignored due to the 'FORCE_COLOR' env being set.
[2m[WebServer] [22m[0m[1][0m (Use `node --trace-warnings ...` to show where the warning was created)

[1A[2K[2m[WebServer] [22m[0m[1][0m  GET /whiteboard 200 in 123ms

[1A[2K[2m[WebServer] [22m[0m[1][0m  ✓ Compiled in 278ms (2589 modules)

[1A[2K[2m[WebServer] [22m[0m[1][0m  ✓ Compiled in 204ms (2589 modules)

[1A[2K[2m[WebServer] [22m[0m[1][0m  ✓ Compiled in 206ms (2589 modules)

[1A[2K[2m[WebServer] [22m[0m[1][0m  ✓ Compiled in 225ms (2589 modules)

[1A[2K[2m[WebServer] [22m[0m[1][0m  POST /api/whiteboard/room/20DQ4L4O 200 in 48ms

[1A[2K[2m[WebServer] [22m[0m[1][0m (node:30936) Warning: The 'NO_COLOR' env is ignored due to the 'FORCE_COLOR' env being set.
[2m[WebServer] [22m[0m[1][0m (Use `node --trace-warnings ...` to show where the warning was created)

[1A[2K[2m[WebServer] [22m[0m[1][0m  ✓ Compiled in 271ms (2589 modules)

[1A[2K[2m[WebServer] [22m[0m[1][0m (node:22380) Warning: The 'NO_COLOR' env is ignored due to the 'FORCE_COLOR' env being set.
[2m[WebServer] [22m[0m[1][0m (Use `node --trace-warnings ...` to show where the warning was created)

[1A[2K[2m[WebServer] [22m[0m[1][0m  ✓ Compiled in 243ms (2589 modules)

[1A[2K[2m[WebServer] [22m[0m[1][0m (node:32284) Warning: The 'NO_COLOR' env is ignored due to the 'FORCE_COLOR' env being set.
[2m[WebServer] [22m[0m[1][0m (Use `node --trace-warnings ...` to show where the warning was created)

[1A[2K[2m[WebServer] [22m[0m[1][0m 

[1A[2K[2m[WebServer] [22m ✓ Compiled in 245ms (2589 modules)

[1A[2K[2m[WebServer] [22m[0m[1][0m  GET /api/whiteboard/room/20DQ4L4O 200 in 104ms

[1A[2K[2m[WebServer] [22m[0m[1][0m  POST /api/whiteboard/room/20DQ4L4O/presence 200 in 127ms

[1A[2K[3/69] [chromium] › tests\e2e\collaboration.spec.ts:249:7 › Excalidraw › undo/redo bar is visible
[1A[2K[2m[WebServer] [22m[0m[1][0m (node:10288) Warning: The 'NO_COLOR' env is ignored due to the 'FORCE_COLOR' env being set.
[2m[WebServer] [22m[0m[1][0m (Use `node --trace-warnings ...` to show where the warning was created)

[1A[2K[2m[WebServer] [22m[0m[1][0m (node:7452) Warning: The 'NO_COLOR' env is ignored due to the 'FORCE_COLOR' env being set.
[2m[WebServer] [22m[0m[1][0m (Use `node --trace-warnings ...` to show where the warning was created)

[1A[2K[2m[WebServer] [22m[0m[1][0m  ✓ Compiled in 281ms (2589 modules)

[1A[2K[2m[WebServer] [22m[0m[1][0m (node:8528) Warning: The 'NO_COLOR' env is ignored due to the 'FORCE_COLOR' env being set.
[2m[WebServer] [22m[0m[1][0m (Use `node --trace-warnings ...` to show where the warning was created)

[1A[2K[2m[WebServer] [22m[0m[1][0m  GET /whiteboard 200 in 198ms

[1A[2K[2m[WebServer] [22m[0m[1][0m  ✓ Compiled in 208ms (2589 modules)

[1A[2K[2m[WebServer] [22m[0m[1][0m  ✓ Compiled in 186ms (2589 modules)

[1A[2K[2m[WebServer] [22m[0m[1][0m  ✓ Compiled in 180ms (2589 modules)

[1A[2K[2m[WebServer] [22m[0m[1][0m  ✓ Compiled in 196ms (2589 modules)

[1A[2K[2m[WebServer] [22m[0m[1][0m  POST /api/whiteboard/room/0GC67D3N 200 in 80ms

[1A[2K[2m[WebServer] [22m[0m[1][0m  ✓ Compiled in 253ms (2589 modules)

[1A[2K[2m[WebServer] [22m[0m[1][0m (node:21480) Warning: The 'NO_COLOR' env is ignored due to the 'FORCE_COLOR' env being set.
[2m[WebServer] [22m[0m[1][0m (Use `node --trace-warnings ...` to show where the warning was created)

[1A[2K[2m[WebServer] [22m[0m[1][0m (node:32652) Warning: The 'NO_COLOR' env is ignored due to the 'FORCE_COLOR' env being set.
[2m[WebServer] [22m[0m[1][0m (Use `node --trace-warnings ...` to show where the warning was created)

[1A[2K[2m[WebServer] [22m[0m[1][0m  ✓ Compiled in 221ms (2589 modules)

[1A[2K[2m[WebServer] [22m[0m[1][0m  ✓ Compiled in 201ms (2589 modules)

[1A[2K[2m[WebServer] [22m[0m[1][0m 

[1A[2K[2m[WebServer] [22m(node:29392) Warning: The 'NO_COLOR' env is ignored due to the 'FORCE_COLOR' env being set.
[2m[WebServer] [22m[0m[1][0m (Use `node --trace-warnings ...` to show where the warning was created)

[1A[2K[2m[WebServer] [22m[0m[1][0m  ✓ Compiled in 227ms (2589 modules)

[1A[2K[2m[WebServer] [22m[0m[1][0m  GET /api/whiteboard/room/0GC67D3N 200 in 134ms

[1A[2K[2m[WebServer] [22m[0m[1][0m  POST /api/whiteboard/room/0GC67D3N/presence 200 in 58ms

[1A[2K[2m[WebServer] [22m[0m[1][0m  GET /api/whiteboard/room/0GC67D3N 200 in 89ms

[1A[2K[2m[WebServer] [22m[0m[1][0m (node:1700) Warning: The 'NO_COLOR' env is ignored due to the 'FORCE_COLOR' env being set.
[2m[WebServer] [22m[0m[1][0m (Use `node --trace-warnings ...` to show where the warning was created)

[1A[2K[2m[WebServer] [22m[0m[1][0m (node:10000) Warning: The 'NO_COLOR' env is ignored due to the 'FORCE_COLOR' env being set.
[2m[WebServer] [22m[0m[1][0m (Use `node --trace-warnings ...` to show where the warning was created)

[1A[2K[2m[WebServer] [22m[0m[1][0m  ✓ Compiled in 258ms (2589 modules)

[1A[2K[2m[WebServer] [22m[0m[1][0m (node:17376) Warning: The 'NO_COLOR' env is ignored due to the 'FORCE_COLOR' env being set.
[2m[WebServer] [22m[0m[1][0m (Use `node --trace-warnings ...` to show where the warning was created)

[1A[2K[4/69] [chromium] › tests\e2e\collaboration.spec.ts:254:7 › Excalidraw › select tool is active by default
[1A[2K[2m[WebServer] [22m[0m[1][0m  ✓ Compiled in 220ms (2589 modules)

[1A[2K[2m[WebServer] [22m[0m[1][0m  GET /whiteboard 200 in 84ms

[1A[2K[2m[WebServer] [22m[0m[1][0m  ✓ Compiled in 220ms (2589 modules)

[1A[2K[2m[WebServer] [22m[0m[1][0m  ✓ Compiled in 202ms (2589 modules)

[1A[2K[2m[WebServer] [22m[0m[1][0m  ✓ Compiled in 209ms (2589 modules)

[1A[2K[2m[WebServer] [22m[0m[1][0m  ✓ Compiled in 215ms (2589 modules)

[1A[2K[2m[WebServer] [22m[0m[1][0m  POST /api/whiteboard/room/TEOUO1VY 200 in 46ms

[1A[2K[2m[WebServer] [22m[0m[1][0m (node:27076) Warning: The 'NO_COLOR' env is ignored due to the 'FORCE_COLOR' env being set.
[2m[WebServer] [22m[0m[1][0m (Use `node --trace-warnings ...` to show where the warning was created)

[1A[2K[2m[WebServer] [22m[0m[1][0m  ✓ Compiled in 256ms (2589 modules)

[1A[2K[2m[WebServer] [22m[0m[1][0m (node:26584) Warning: The 'NO_COLOR' env is ignored due to the 'FORCE_COLOR' env being set.
[2m[WebServer] [22m[0m[1][0m (Use `node --trace-warnings ...` to show where the warning was created)

[1A[2K[2m[WebServer] [22m[0m[1][0m  ✓ Compiled in 221ms (2589 modules)

[1A[2K[2m[WebServer] [22m[0m[1][0m (node:13292) Warning: The 'NO_COLOR' env is ignored due to the 'FORCE_COLOR' env being set.
[2m[WebServer] [22m[0m[1][0m (Use `node --trace-warnings ...` to show where the warning was created)

[1A[2K[2m[WebServer] [22m[0m[1][0m  ✓ Compiled in 230ms (2589 modules)

[1A[2K[2m[WebServer] [22m[0m[1][0m  GET /api/whiteboard/room/TEOUO1VY 200 in 138ms

[1A[2K[2m[WebServer] [22m[0m[1][0m  POST /api/whiteboard/room/TEOUO1VY/presence 200 in 64ms

[1A[2K[2m[WebServer] [22m[0m[1][0m  GET /api/whiteboard/room/TEOUO1VY 200 in 86ms

[1A[2K[5/69] [chromium] › tests\e2e\collaboration.spec.ts:260:7 › Excalidraw › clicking a tool highlights it
[1A[2K[2m[WebServer] [22m[0m[1][0m (node:25128) Warning: The 'NO_COLOR' env is ignored due to the 'FORCE_COLOR' env being set.
[2m[WebServer] [22m[0m[1][0m (Use `node --trace-warnings ...` to show where the warning was created)

[1A[2K[2m[WebServer] [22m[0m[1][0m (node:9416) Warning: The 'NO_COLOR' env is ignored due to the 'FORCE_COLOR' env being set.
[2m[WebServer] [22m[0m[1][0m (Use `node --trace-warnings ...` to show where the warning was created)

[1A[2K[2m[WebServer] [22m[0m[1][0m  ✓ Compiled in 280ms (2589 modules)

[1A[2K[2m[WebServer] [22m[0m[1][0m 

[1A[2K[2m[WebServer] [22m(node:3292) Warning: The 'NO_COLOR' env is ignored due to the 'FORCE_COLOR' env being set.
[2m[WebServer] [22m[0m[1][0m (Use `node --trace-warnings ...` to show where the warning was created)

[1A[2K[2m[WebServer] [22m[0m[1][0m  GET /whiteboard 200 in 92ms

[1A[2K[2m[WebServer] [22m[0m[1][0m  ✓ Compiled in 199ms (2589 modules)

[1A[2K[2m[WebServer] [22m[0m[1][0m  ✓ Compiled in 183ms (2589 modules)

[1A[2K[2m[WebServer] [22m[0m[1][0m  ✓ Compiled in 185ms (2589 modules)

[1A[2K[2m[WebServer] [22m[0m[1][0m  ✓ Compiled in 212ms (2589 modules)

[1A[2K[2m[WebServer] [22m[0m[1][0m  POST /api/whiteboard/room/Y099QB9R 200 in 42ms

[1A[2K[2m[WebServer] [22m[0m[1][0m (node:2480) Warning: The 'NO_COLOR' env is ignored due to the 'FORCE_COLOR' env being set.
[2m[WebServer] [22m[0m[1][0m (Use `node --trace-warnings ...` to show where the warning was created)

[1A[2K[2m[WebServer] [22m[0m[1][0m  ✓ Compiled in 247ms (2589 modules)

[1A[2K[2m[WebServer] [22m[0m[1][0m (node:25792) Warning: The 'NO_COLOR' env is ignored due to the 'FORCE_COLOR' env being set.
[2m[WebServer] [22m[0m[1][0m (Use `node --trace-warnings ...` to show where the warning was created)

[1A[2K[2m[WebServer] [22m[0m[1][0m  ✓ Compiled in 225ms (2589 modules)

[1A[2K[2m[WebServer] [22m[0m[1][0m (node:6388) Warning: The 'NO_COLOR' env is ignored due to the 'FORCE_COLOR' env being set.
[2m[WebServer] [22m[0m[1][0m (Use `node --trace-warnings ...` to show where the warning was created)

[1A[2K[2m[WebServer] [22m[0m[1][0m  ✓ Compiled in 222ms (2589 modules)

[1A[2K[2m[WebServer] [22m[0m[1][0m  GET /api/whiteboard/room/Y099QB9R 200 in 53ms

[1A[2K[2m[WebServer] [22m[0m[1][0m 

[1A[2K[2m[WebServer] [22m POST /api/whiteboard/room/Y099QB9R/presence 200 in 64ms

[1A[2K[2m[WebServer] [22m[0m[1][0m  GET /api/whiteboard/room/Y099QB9R 200 in 90ms

[1A[2K[2m[WebServer] [22m[0m[1][0m (node:31220) Warning: The 'NO_COLOR' env is ignored due to the 'FORCE_COLOR' env being set.
[2m[WebServer] [22m[0m[1][0m (Use `node --trace-warnings ...` to show where the warning was created)
[2m[WebServer] [22m[0m[1][0m (node:25184) Warning: The 'NO_COLOR' env is ignored due to the 'FORCE_COLOR' env being set.
[2m[WebServer] [22m[0m[1][0m (Use `node --trace-warnings ...` to show where the warning was created)

[1A[2K[2m[WebServer] [22m[0m[1][0m  ✓ Compiled in 270ms (2589 modules)

[1A[2K[2m[WebServer] [22m[0m[1][0m (node:17992) Warning: The 'NO_COLOR' env is ignored due to the 'FORCE_COLOR' env being set.
[2m[WebServer] [22m[0m[1][0m (Use `node --trace-warnings ...` to show where the warning was created)

[1A[2K[2m[WebServer] [22m[0m[1][0m  ✓ Compiled in 225ms (2589 modules)

[1A[2K[2m[WebServer] [22m[0m[1][0m (node:11860) Warning: The 'NO_COLOR' env is ignored due to the 'FORCE_COLOR' env being set.
[2m[WebServer] [22m[0m[1][0m (Use `node --trace-warnings ...` to show where the warning was created)

[1A[2K[2m[WebServer] [22m[0m[1][0m  ✓ Compiled in 213ms (2589 modules)

[1A[2K[2m[WebServer] [22m[0m[1][0m  ✓ Compiled in 239ms (2589 modules)

[1A[2K[2m[WebServer] [22m[0m[1][0m (node:10528) Warning: The 'NO_COLOR' env is ignored due to the 'FORCE_COLOR' env being set.
[2m[WebServer] [22m[0m[1][0m (Use `node --trace-warnings ...` to show where the warning was created)

[1A[2K[2m[WebServer] [22m[0m[1][0m  ✓ Compiled in 213ms (2589 modules)

[1A[2K[2m[WebServer] [22m[0m[1][0m (node:21064) Warning: The 'NO_COLOR' env is ignored due to the 'FORCE_COLOR' env being set.
[2m[WebServer] [22m[0m[1][0m (Use `node --trace-warnings ...` to show where the warning was created)

[1A[2K[6/69] [chromium] › tests\e2e\collaboration.spec.ts:278:7 › Excalidraw › canvas has no drawn shapes on fresh room
[1A[2K[2m[WebServer] [22m[0m[1][0m  ✓ Compiled in 230ms (2589 modules)

[1A[2K[2m[WebServer] [22m[0m[1][0m  GET /whiteboard 200 in 108ms

[1A[2K[2m[WebServer] [22m[0m[1][0m  ✓ Compiled in 226ms (2589 modules)

[1A[2K[2m[WebServer] [22m[0m[1][0m  ✓ Compiled in 205ms (2589 modules)

[1A[2K[2m[WebServer] [22m[0m[1][0m  ✓ Compiled in 213ms (2589 modules)

[1A[2K[2m[WebServer] [22m[0m[1][0m  ✓ Compiled in 230ms (2589 modules)

[1A[2K[2m[WebServer] [22m[0m[1][0m  POST /api/whiteboard/room/H2AW0T89 200 in 41ms

[1A[2K[2m[WebServer] [22m[0m[1][0m 

[1A[2K[2m[WebServer] [22m(node:7448) Warning: The 'NO_COLOR' env is ignored due to the 'FORCE_COLOR' env being set.
[2m[WebServer] [22m[0m[1][0m (Use `node --trace-warnings ...` to show where the warning was created)

[1A[2K[2m[WebServer] [22m[0m[1][0m  ✓ Compiled in 244ms (2589 modules)

[1A[2K[2m[WebServer] [22m[0m[1][0m (node:12268) Warning: The 'NO_COLOR' env is ignored due to the 'FORCE_COLOR' env being set.
[2m[WebServer] [22m[0m[1][0m (Use `node --trace-warnings ...` to show where the warning was created)

[1A[2K[2m[WebServer] [22m[0m[1][0m  ✓ Compiled in 227ms (2589 modules)

[1A[2K[2m[WebServer] [22m[0m[1][0m (node:32708) Warning: The 'NO_COLOR' env is ignored due to the 'FORCE_COLOR' env being set.
[2m[WebServer] [22m[0m[1][0m (Use `node --trace-warnings ...` to show where the warning was created)

[1A[2K[2m[WebServer] [22m[0m[1][0m  ✓ Compiled in 212ms (2589 modules)

[1A[2K[2m[WebServer] [22m[0m[1][0m  GET /api/whiteboard/room/H2AW0T89 200 in 100ms

[1A[2K[2m[WebServer] [22m[0m[1][0m  POST /api/whiteboard/room/H2AW0T89/presence 200 in 113ms

[1A[2K[2m[WebServer] [22m[0m[1][0m  GET /api/whiteboard/room/H2AW0T89 200 in 36ms

[1A[2K[2m[WebServer] [22m[0m[1][0m (node:8040) Warning: The 'NO_COLOR' env is ignored due to the 'FORCE_COLOR' env being set.
[2m[WebServer] [22m[0m[1][0m (Use `node --trace-warnings ...` to show where the warning was created)

[1A[2K[2m[WebServer] [22m[0m[1][0m  ✓ Compiled in 266ms (2589 modules)

[1A[2K[2m[WebServer] [22m[0m[1][0m (node:17928) Warning: The 'NO_COLOR' env is ignored due to the 'FORCE_COLOR' env being set.
[2m[WebServer] [22m[0m[1][0m (Use `node --trace-warnings ...` to show where the warning was created)

[1A[2K[2m[WebServer] [22m[0m[1][0m 

[1A[2K[2m[WebServer] [22m(node:32180) Warning: The 'NO_COLOR' env is ignored due to the 'FORCE_COLOR' env being set.
[2m[WebServer] [22m[0m[1][0m (Use `node --trace-warnings ...` to show where the warning was created)

[1A[2K[2m[WebServer] [22m[0m[1][0m  ✓ Compiled in 222ms (2589 modules)

[1A[2K[2m[WebServer] [22m[0m[1][0m (node:15844) Warning: The 'NO_COLOR' env is ignored due to the 'FORCE_COLOR' env being set.
[2m[WebServer] [22m[0m[1][0m (Use `node --trace-warnings ...` to show where the warning was created)

[1A[2K[2m[WebServer] [22m[0m[1][0m  ✓ Compiled in 310ms (2589 modules)

[1A[2K[2m[WebServer] [22m[0m[1][0m  ✓ Compiled in 260ms (2589 modules)

[1A[2K[2m[WebServer] [22m[0m[1][0m (node:32536) Warning: The 'NO_COLOR' env is ignored due to the 'FORCE_COLOR' env being set.
[2m[WebServer] [22m[0m[1][0m (Use `node --trace-warnings ...` to show where the warning was created)

[1A[2K[2m[WebServer] [22m[0m[1][0m  ✓ Compiled in 237ms (2589 modules)

[1A[2K[2m[WebServer] [22m[0m[1][0m (node:10736) Warning: The 'NO_COLOR' env is ignored due to the 'FORCE_COLOR' env being set.
[2m[WebServer] [22m[0m[1][0m (Use `node --trace-warnings ...` to show where the warning was created)

[1A[2K[2m[WebServer] [22m[0m[1][0m  ✓ Compiled in 236ms (2589 modules)

[1A[2K[2m[WebServer] [22m[0m[1][0m  ✓ Compiled in 226ms (2589 modules)

[1A[2K[2m[WebServer] [22m[0m[1][0m (node:16964) Warning: The 'NO_COLOR' env is ignored due to the 'FORCE_COLOR' env being set.
[2m[WebServer] [22m[0m[1][0m (Use `node --trace-warnings ...` to show where the warning was created)

[1A[2K[2m[WebServer] [22m[0m[1][0m  ✓ Compiled in 207ms (2589 modules)

[1A[2K[2m[WebServer] [22m[0m[1][0m  POST /api/whiteboard/room/H2AW0T89/presence 200 in 122ms

[1A[2K[2m[WebServer] [22m[0m[1][0m (node:17292) Warning: The 'NO_COLOR' env is ignored due to the 'FORCE_COLOR' env being set.
[2m[WebServer] [22m[0m[1][0m (Use `node --trace-warnings ...` to show where the warning was created)

[1A[2K[7/69] [chromium] › tests\e2e\collaboration.spec.ts:287:7 › Excalidraw Collaboration › drawings sync in both directions in the same room
[1A[2K[2m[WebServer] [22m[0m[1][0m (node:31648) Warning: The 'NO_COLOR' env is ignored due to the 'FORCE_COLOR' env being set.
[2m[WebServer] [22m[0m[1][0m (Use `node --trace-warnings ...` to show where the warning was created)

[1A[2K[2m[WebServer] [22m[0m[1][0m  ✓ Compiled in 234ms (2589 modules)

[1A[2K[2m[WebServer] [22m[0m[1][0m  GET /whiteboard 200 in 92ms

[1A[2K[2m[WebServer] [22m[0m[1][0m  ✓ Compiled in 193ms (2589 modules)

[1A[2K[2m[WebServer] [22m[0m[1][0m  ✓ Compiled in 180ms (2589 modules)

[1A[2K[2m[WebServer] [22m[0m[1][0m  ✓ Compiled in 178ms (2589 modules)

[1A[2K[2m[WebServer] [22m[0m[1][0m  ✓ Compiled in 184ms (2589 modules)

[1A[2K[2m[WebServer] [22m[0m[1][0m  POST /api/whiteboard/room/GDKLWLGV 200 in 72ms

[1A[2K[2m[WebServer] [22m[0m[1][0m  ✓ Compiled in 224ms (2589 modules)

[1A[2K[2m[WebServer] [22m[0m[1][0m (node:26396) Warning: The 'NO_COLOR' env is ignored due to the 'FORCE_COLOR' env being set.
[2m[WebServer] [22m[0m[1][0m (Use `node --trace-warnings ...` to show where the warning was created)

[1A[2K[2m[WebServer] [22m[0m[1][0m (node:30892) Warning: The 'NO_COLOR' env is ignored due to the 'FORCE_COLOR' env being set.
[2m[WebServer] [22m[0m[1][0m (Use `node --trace-warnings ...` to show where the warning was created)

[1A[2K[2m[WebServer] [22m[0m[1][0m  ✓ Compiled in 197ms (2589 modules)

[1A[2K[2m[WebServer] [22m[0m[1][0m  ✓ Compiled in 203ms (2589 modules)

[1A[2K[2m[WebServer] [22m[0m[1][0m (node:21728) Warning: The 'NO_COLOR' env is ignored due to the 'FORCE_COLOR' env being set.
[2m[WebServer] [22m[0m[1][0m (Use `node --trace-warnings ...` to show where the warning was created)

[1A[2K[2m[WebServer] [22m[0m[1][0m  ✓ Compiled in 249ms (2589 modules)

[1A[2K[2m[WebServer] [22m[0m[1][0m  GET /api/whiteboard/room/GDKLWLGV 200 in 156ms

[1A[2K[2m[WebServer] [22m[0m[1][0m  POST /api/whiteboard/room/GDKLWLGV/presence 200 in 114ms

[1A[2K[2m[WebServer] [22m[0m[1][0m  GET /whiteboard/GDKLWLGV 200 in 166ms

[1A[2K[2m[WebServer] [22m[0m[1][0m  GET /api/whiteboard/room/GDKLWLGV 200 in 85ms

[1A[2K[2m[WebServer] [22m[0m[1][0m (node:32764) Warning: The 'NO_COLOR' env is ignored due to the 'FORCE_COLOR' env being set.
[2m[WebServer] [22m[0m[1][0m (Use `node --trace-warnings ...` to show where the warning was created)

[1A[2K[2m[WebServer] [22m[0m[1][0m (node:26724) Warning: The 'NO_COLOR' env is ignored due to the 'FORCE_COLOR' env being set.
[2m[WebServer] [22m[0m[1][0m (Use `node --trace-warnings ...` to show where the warning was created)
[2m[WebServer] [22m[0m[1][0m (node:32616) Warning: The 'NO_COLOR' env is ignored due to the 'FORCE_COLOR' env being set.
[2m[WebServer] [22m[0m[1][0m (Use `node --trace-warnings ...` to show where the warning was created)

[1A[2K[2m[WebServer] [22m[0m[1][0m  ✓ Compiled in 313ms (2589 modules)

[1A[2K[2m[WebServer] [22m[0m[1][0m  ✓ Compiled in 234ms (2589 modules)

[1A[2K[2m[WebServer] [22m[0m[1][0m (node:22224) Warning: The 'NO_COLOR' env is ignored due to the 'FORCE_COLOR' env being set.
[2m[WebServer] [22m[0m[1][0m (Use `node --trace-warnings ...` to show where the warning was created)

[1A[2K[2m[WebServer] [22m[0m[1][0m  ✓ Compiled in 219ms (2589 modules)

[1A[2K[2m[WebServer] [22m[0m[1][0m  ✓ Compiled in 238ms (2589 modules)

[1A[2K[2m[WebServer] [22m[0m[1][0m (node:8012) Warning: The 'NO_COLOR' env is ignored due to the 'FORCE_COLOR' env being set.
[2m[WebServer] [22m[0m[1][0m (Use `node --trace-warnings ...` to show where the warning was created)

[1A[2K[2m[WebServer] [22m[0m[1][0m  GET /api/whiteboard/room/GDKLWLGV 200 in 55ms

[1A[2K[2m[WebServer] [22m[0m[1][0m  POST /api/whiteboard/room/GDKLWLGV/presence 200 in 121ms

[1A[2K[2m[WebServer] [22m[0m[1][0m  GET /api/whiteboard/room/GDKLWLGV 200 in 50ms

[1A[2K[2m[WebServer] [22m[0m[1][0m (node:30968) Warning: The 'NO_COLOR' env is ignored due to the 'FORCE_COLOR' env being set.
[2m[WebServer] [22m[0m[1][0m (Use `node --trace-warnings ...` to show where the warning was created)

[1A[2K[2m[WebServer] [22m[0m[1][0m  ✓ Compiled in 276ms (2589 modules)

[1A[2K[2m[WebServer] [22m[0m[1][0m (node:7452) Warning: The 'NO_COLOR' env is ignored due to the 'FORCE_COLOR' env being set.
[2m[WebServer] [22m[0m[1][0m (Use `node --trace-warnings ...` to show where the warning was created)

[1A[2K[2m[WebServer] [22m[0m[1][0m (node:14872) Warning: The 'NO_COLOR' env is ignored due to the 'FORCE_COLOR' env being set.
[2m[WebServer] [22m[0m[1][0m (Use `node --trace-warnings ...` to show where the warning was created)

[1A[2K[2m[WebServer] [22m[0m[1][0m  ✓ Compiled in 209ms (2589 modules)

[1A[2K[2m[WebServer] [22m[0m[1][0m  ✓ Compiled in 222ms (2589 modules)

[1A[2K[2m[WebServer] [22m[0m[1][0m (node:19044) Warning: The 'NO_COLOR' env is ignored due to the 'FORCE_COLOR' env being set.
[2m[WebServer] [22m[0m[1][0m (Use `node --trace-warnings ...` to show where the warning was created)

[1A[2K[2m[WebServer] [22m[0m[1][0m  ✓ Compiled in 218ms (2589 modules)

[1A[2K[2m[WebServer] [22m[0m[1][0m  POST /api/whiteboard/room/GDKLWLGV/presence 200 in 118ms

[1A[2K[2m[WebServer] [22m[0m[1][0m (node:25588) Warning: The 'NO_COLOR' env is ignored due to the 'FORCE_COLOR' env being set.
[2m[WebServer] [22m[0m[1][0m (Use `node --trace-warnings ...` to show where the warning was created)

[1A[2K[2m[WebServer] [22m[0m[1][0m (node:32668) Warning: The 'NO_COLOR' env is ignored due to the 'FORCE_COLOR' env being set.
[2m[WebServer] [22m[0m[1][0m (Use `node --trace-warnings ...` to show where the warning was created)

[1A[2K[2m[WebServer] [22m[0m[1][0m  ✓ Compiled in 224ms (2589 modules)

[1A[2K[2m[WebServer] [22m[0m[1][0m  ✓ Compiled in 223ms (2589 modules)

[1A[2K[2m[WebServer] [22m[0m[1][0m 

[1A[2K[2m[WebServer] [22m(node:17376) Warning: The 'NO_COLOR' env is ignored due to the 'FORCE_COLOR' env being set.
[2m[WebServer] [22m[0m[1][0m (Use `node --trace-warnings ...` to show where the warning was created)

[1A[2K[2m[WebServer] [22m[0m[1][0m  ○ Compiling /api/whiteboard/room/[roomId]/waiting ...

[1A[2K[2m[WebServer] [22m[0m[1][0m  ✓ Compiled /api/whiteboard/room/[roomId]/waiting in 789ms (5266 modules)

[1A[2K[2m[WebServer] [22m[0m[1][0m  POST /api/whiteboard/room/GDKLWLGV/presence 200 in 295ms

[1A[2K[2m[WebServer] [22m[0m[1][0m (node:31220) Warning: The 'NO_COLOR' env is ignored due to the 'FORCE_COLOR' env being set.
[2m[WebServer] [22m[0m[1][0m (Use `node --trace-warnings ...` to show where the warning was created)

[1A[2K[2m[WebServer] [22m[0m[1][0m (node:7116) Warning: The 'NO_COLOR' env is ignored due to the 'FORCE_COLOR' env being set.
[2m[WebServer] [22m[0m[1][0m (Use `node --trace-warnings ...` to show where the warning was created)

[1A[2K[2m[WebServer] [22m[0m[1][0m (node:20728) Warning: The 'NO_COLOR' env is ignored due to the 'FORCE_COLOR' env being set.
[2m[WebServer] [22m[0m[1][0m (Use `node --trace-warnings ...` to show where the warning was created)

[1A[2K[2m[WebServer] [22m[0m[1][0m  POST /api/whiteboard/room/GDKLWLGV/waiting 200 in 1094ms

[1A[2K[2m[WebServer] [22m[0m[1][0m  GET /api/whiteboard/room/GDKLWLGV/presence 200 in 13ms

[1A[2K[2m[WebServer] [22m[0m[1][0m (node:14068) Warning: The 'NO_COLOR' env is ignored due to the 'FORCE_COLOR' env being set.
[2m[WebServer] [22m[0m[1][0m (Use `node --trace-warnings ...` to show where the warning was created)

[1A[2K[2m[WebServer] [22m[0m[1][0m  POST /api/whiteboard/room/GDKLWLGV/presence 200 in 8ms

[1A[2K[2m[WebServer] [22m[0m[1][0m  POST /api/whiteboard/room/GDKLWLGV/presence 200 in 13ms

[1A[2K[2m[WebServer] [22m[0m[1][0m 

[1A[2K[2m[WebServer] [22m(node:27784) Warning: The 'NO_COLOR' env is ignored due to the 'FORCE_COLOR' env being set.
[2m[WebServer] [22m[0m[1][0m (Use `node --trace-warnings ...` to show where the warning was created)

[1A[2K[2m[WebServer] [22m[0m[1][0m  POST /api/whiteboard/room/GDKLWLGV/presence 200 in 12ms

[1A[2K[2m[WebServer] [22m[0m[1][0m (node:31576) Warning: The 'NO_COLOR' env is ignored due to the 'FORCE_COLOR' env being set.
[2m[WebServer] [22m[0m[1][0m (Use `node --trace-warnings ...` to show where the warning was created)

[1A[2K[2m[WebServer] [22m[0m[1][0m  POST /api/whiteboard/room/GDKLWLGV/presence 200 in 12ms

[1A[2K[2m[WebServer] [22m[0m[1][0m (node:32684) Warning: The 'NO_COLOR' env is ignored due to the 'FORCE_COLOR' env being set.
[2m[WebServer] [22m[0m[1][0m (Use `node --trace-warnings ...` to show where the warning was created)

[1A[2K[2m[WebServer] [22m[0m[1][0m  POST /api/whiteboard/room/GDKLWLGV/presence 200 in 12ms

[1A[2K[2m[WebServer] [22m[0m[1][0m (node:26116) Warning: The 'NO_COLOR' env is ignored due to the 'FORCE_COLOR' env being set.
[2m[WebServer] [22m[0m[1][0m (Use `node --trace-warnings ...` to show where the warning was created)

[1A[2K[2m[WebServer] [22m[0m[1][0m  POST /api/whiteboard/room/GDKLWLGV/presence 200 in 13ms

[1A[2K[2m[WebServer] [22m[0m[1][0m (node:17428) Warning: The 'NO_COLOR' env is ignored due to the 'FORCE_COLOR' env being set.
[2m[WebServer] [22m[0m[1][0m (Use `node --trace-warnings ...` to show where the warning was created)

[1A[2K[2m[WebServer] [22m[0m[1][0m 

[1A[2K[2m[WebServer] [22m POST /api/whiteboard/room/GDKLWLGV/presence 200 in 25ms

[1A[2K[2m[WebServer] [22m[0m[1][0m (node:19512) Warning: The 'NO_COLOR' env is ignored due to the 'FORCE_COLOR' env being set.
[2m[WebServer] [22m[0m[1][0m (Use `node --trace-warnings ...` to show where the warning was created)

[1A[2K[2m[WebServer] [22m[0m[1][0m  POST /api/whiteboard/room/GDKLWLGV/presence 200 in 13ms

[1A[2K[2m[WebServer] [22m[0m[1][0m (node:19276) Warning: The 'NO_COLOR' env is ignored due to the 'FORCE_COLOR' env being set.
[2m[WebServer] [22m[0m[1][0m (Use `node --trace-warnings ...` to show where the warning was created)

[1A[2K[2m[WebServer] [22m[0m[1][0m  POST /api/whiteboard/room/GDKLWLGV/presence 200 in 15ms

[1A[2K[2m[WebServer] [22m[0m[1][0m (node:11508) Warning: The 'NO_COLOR' env is ignored due to the 'FORCE_COLOR' env being set.
[2m[WebServer] [22m[0m[1][0m (Use `node --trace-warnings ...` to show where the warning was created)

[1A[2K[8/69] [chromium] › tests\e2e\collaboration.spec.ts:321:7 › Excalidraw Collaboration › drawing a rectangle on one peer appears on the other
[1A[2K[2m[WebServer] [22m[0m[1][0m  GET /whiteboard 200 in 85ms

[1A[2K[2m[WebServer] [22m[0m[1][0m  POST /api/whiteboard/room/YSJ5P9HM 200 in 14ms

[1A[2K[2m[WebServer] [22m[0m[1][0m  GET /api/whiteboard/room/YSJ5P9HM 200 in 9ms

[1A[2K[2m[WebServer] [22m[0m[1][0m (node:32616) Warning: The 'NO_COLOR' env is ignored due to the 'FORCE_COLOR' env being set.
[2m[WebServer] [22m[0m[1][0m (Use `node --trace-warnings ...` to show where the warning was created)

[1A[2K[2m[WebServer] [22m[0m[1][0m  GET /api/whiteboard/room/YSJ5P9HM 200 in 11ms

[1A[2K[2m[WebServer] [22m[0m[1][0m (node:19292) Warning: The 'NO_COLOR' env is ignored due to the 'FORCE_COLOR' env being set.
[2m[WebServer] [22m[0m[1][0m (Use `node --trace-warnings ...` to show where the warning was created)

[1A[2K[2m[WebServer] [22m[0m[1][0m  POST /api/whiteboard/room/YSJ5P9HM/presence 200 in 18ms

[1A[2K[2m[WebServer] [22m[0m[1][0m Yjs was already imported. This breaks constructor checks and will lead to issues! - https://github.com/yjs/yjs/issues/438

[1A[2K[2m[WebServer] [22m[0m[1][0m  GET /whiteboard/YSJ5P9HM 200 in 36ms

[1A[2K[2m[WebServer] [22m[0m[1][0m (node:5312) Warning: The 'NO_COLOR' env is ignored due to the 'FORCE_COLOR' env being set.
[2m[WebServer] [22m[0m[1][0m (Use `node --trace-warnings ...` to show where the warning was created)

[1A[2K[2m[WebServer] [22m[0m[1][0m 

[1A[2K[2m[WebServer] [22m GET /api/whiteboard/room/YSJ5P9HM 200 in 17ms

[1A[2K[2m[WebServer] [22m[0m[1][0m  GET /api/whiteboard/room/YSJ5P9HM 200 in 24ms

[1A[2K[2m[WebServer] [22m[0m[1][0m  POST /api/whiteboard/room/YSJ5P9HM/presence 200 in 26ms

[1A[2K[2m[WebServer] [22m[0m[1][0m (node:19752) Warning: The 'NO_COLOR' env is ignored due to the 'FORCE_COLOR' env being set.
[2m[WebServer] [22m[0m[1][0m (Use `node --trace-warnings ...` to show where the warning was created)

[1A[2K[2m[WebServer] [22m[0m[1][0m (node:31652) Warning: The 'NO_COLOR' env is ignored due to the 'FORCE_COLOR' env being set.
[2m[WebServer] [22m[0m[1][0m (Use `node --trace-warnings ...` to show where the warning was created)

[1A[2K[2m[WebServer] [22m[0m[1][0m  POST /api/whiteboard/room/YSJ5P9HM/presence 200 in 13ms

[1A[2K[2m[WebServer] [22m[0m[1][0m (node:15436) Warning: The 'NO_COLOR' env is ignored due to the 'FORCE_COLOR' env being set.
[2m[WebServer] [22m[0m[1][0m (Use `node --trace-warnings ...` to show where the warning was created)

[1A[2K[2m[WebServer] [22m[0m[1][0m  POST /api/whiteboard/room/YSJ5P9HM/presence 200 in 12ms

[1A[2K[2m[WebServer] [22m[0m[1][0m (node:28456) Warning: The 'NO_COLOR' env is ignored due to the 'FORCE_COLOR' env being set.
[2m[WebServer] [22m[0m[1][0m (Use `node --trace-warnings ...` to show where the warning was created)

[1A[2K[2m[WebServer] [22m[0m[1][0m  POST /api/whiteboard/room/YSJ5P9HM/presence 200 in 13ms

[1A[2K[2m[WebServer] [22m[0m[1][0m (node:9648) Warning: The 'NO_COLOR' env is ignored due to the 'FORCE_COLOR' env being set.
[2m[WebServer] [22m[0m[1][0m (Use `node --trace-warnings ...` to show where the warning was created)

[1A[2K[2m[WebServer] [22m[0m[1][0m  POST /api/whiteboard/room/YSJ5P9HM/presence 200 in 13ms

[1A[2K[2m[WebServer] [22m[0m[1][0m (node:14984) Warning: The 'NO_COLOR' env is ignored due to the 'FORCE_COLOR' env being set.
[2m[WebServer] [22m[0m[1][0m (Use `node --trace-warnings ...` to show where the warning was created)

[1A[2K[2m[WebServer] [22m[0m[1][0m 

[1A[2K[2m[WebServer] [22m POST /api/whiteboard/room/YSJ5P9HM/presence 200 in 18ms

[1A[2K[2m[WebServer] [22m[0m[1][0m (node:20532) Warning: The 'NO_COLOR' env is ignored due to the 'FORCE_COLOR' env being set.
[2m[WebServer] [22m[0m[1][0m (Use `node --trace-warnings ...` to show where the warning was created)

[1A[2K[2m[WebServer] [22m[0m[1][0m  POST /api/whiteboard/room/YSJ5P9HM/presence 200 in 16ms

[1A[2K[2m[WebServer] [22m[0m[1][0m (node:22088) Warning: The 'NO_COLOR' env is ignored due to the 'FORCE_COLOR' env being set.
[2m[WebServer] [22m[0m[1][0m (Use `node --trace-warnings ...` to show where the warning was created)

[1A[2K[2m[WebServer] [22m[0m[1][0m  POST /api/whiteboard/room/YSJ5P9HM/presence 200 in 16ms

[1A[2K[2m[WebServer] [22m[0m[1][0m (node:32276) Warning: The 'NO_COLOR' env is ignored due to the 'FORCE_COLOR' env being set.
[2m[WebServer] [22m[0m[1][0m (Use `node --trace-warnings ...` to show where the warning was created)

[1A[2K[2m[WebServer] [22m[0m[1][0m  POST /api/whiteboard/room/YSJ5P9HM/presence 200 in 16ms

[1A[2K[2m[WebServer] [22m[0m[1][0m (node:14220) Warning: The 'NO_COLOR' env is ignored due to the 'FORCE_COLOR' env being set.
[2m[WebServer] [22m[0m[1][0m (Use `node --trace-warnings ...` to show where the warning was created)

[1A[2K[2m[WebServer] [22m[0m[1][0m  POST /api/whiteboard/room/YSJ5P9HM/presence 200 in 16ms

[1A[2K[2m[WebServer] [22m[0m[1][0m (node:16964) Warning: The 'NO_COLOR' env is ignored due to the 'FORCE_COLOR' env being set.
[2m[WebServer] [22m[0m[1][0m (Use `node --trace-warnings ...` to show where the warning was created)

[1A[2K[2m[WebServer] [22m[0m[1][0m  POST /api/whiteboard/room/YSJ5P9HM/presence 200 in 15ms

[1A[2K[2m[WebServer] [22m[0m[1][0m (node:16360) Warning: The 'NO_COLOR' env is ignored due to the 'FORCE_COLOR' env being set.
[2m[WebServer] [22m[0m[1][0m (Use `node --trace-warnings ...` to show where the warning was created)

[1A[2K[2m[WebServer] [22m[0m[1][0m  POST /api/whiteboard/room/YSJ5P9HM/presence 200 in 17ms

[1A[2K[2m[WebServer] [22m[0m[1][0m (node:11712) Warning: The 'NO_COLOR' env is ignored due to the 'FORCE_COLOR' env being set.
[2m[WebServer] [22m[0m[1][0m (Use `node --trace-warnings ...` to show where the warning was created)

[1A[2K[2m[WebServer] [22m[0m[1][0m  POST /api/whiteboard/room/YSJ5P9HM/presence 200 in 16ms

[1A[2K[2m[WebServer] [22m[0m[1][0m (node:21228) Warning: The 'NO_COLOR' env is ignored due to the 'FORCE_COLOR' env being set.
[2m[WebServer] [22m[0m[1][0m (Use `node --trace-warnings ...` to show where the warning was created)

[1A[2K[2m[WebServer] [22m[0m[1][0m  POST /api/whiteboard/room/YSJ5P9HM/presence 200 in 16ms

[1A[2K[2m[WebServer] [22m[0m[1][0m (node:20728) Warning: The 'NO_COLOR' env is ignored due to the 'FORCE_COLOR' env being set.
[2m[WebServer] [22m[0m[1][0m (Use `node --trace-warnings ...` to show where the warning was created)

[1A[2K[2m[WebServer] [22m[0m[1][0m  POST /api/whiteboard/room/YSJ5P9HM/presence 200 in 15ms

[1A[2K[2m[WebServer] [22m[0m[1][0m (node:27500) Warning: The 'NO_COLOR' env is ignored due to the 'FORCE_COLOR' env being set.
[2m[WebServer] [22m[0m[1][0m (Use `node --trace-warnings ...` to show where the warning was created)

[1A[2K[2m[WebServer] [22m[0m[1][0m  POST /api/whiteboard/room/YSJ5P9HM/presence 200 in 16ms

[1A[2K[2m[WebServer] [22m[0m[1][0m 

[1A[2K[2m[WebServer] [22m(node:21584) Warning: The 'NO_COLOR' env is ignored due to the 'FORCE_COLOR' env being set.
[2m[WebServer] [22m[0m[1][0m (Use `node --trace-warnings ...` to show where the warning was created)

[1A[2K[2m[WebServer] [22m[0m[1][0m  POST /api/whiteboard/room/YSJ5P9HM/presence 200 in 31ms

[1A[2K[2m[WebServer] [22m[0m[1][0m (node:29108) Warning: The 'NO_COLOR' env is ignored due to the 'FORCE_COLOR' env being set.
[2m[WebServer] [22m[0m[1][0m (Use `node --trace-warnings ...` to show where the warning was created)

[1A[2K[2m[WebServer] [22m[0m[1][0m  POST /api/whiteboard/room/YSJ5P9HM/presence 200 in 17ms

[1A[2K[2m[WebServer] [22m[0m[1][0m (node:2668) Warning: The 'NO_COLOR' env is ignored due to the 'FORCE_COLOR' env being set.
[2m[WebServer] [22m[0m[1][0m (Use `node --trace-warnings ...` to show where the warning was created)

[1A[2K[2m[WebServer] [22m[0m[1][0m  POST /api/whiteboard/room/YSJ5P9HM/presence 200 in 16ms

[1A[2K[2m[WebServer] [22m[0m[1][0m (node:6364) Warning: The 'NO_COLOR' env is ignored due to the 'FORCE_COLOR' env being set.
[2m[WebServer] [22m[0m[1][0m (Use `node --trace-warnings ...` to show where the warning was created)

[1A[2K[2m[WebServer] [22m[0m[1][0m  POST /api/whiteboard/room/YSJ5P9HM/presence 200 in 16ms

[1A[2K[2m[WebServer] [22m[0m[1][0m (node:4996) Warning: The 'NO_COLOR' env is ignored due to the 'FORCE_COLOR' env being set.
[2m[WebServer] [22m[0m[1][0m (Use `node --trace-warnings ...` to show where the warning was created)

[1A[2K[2m[WebServer] [22m[0m[1][0m  POST /api/whiteboard/room/YSJ5P9HM/presence 200 in 14ms

[1A[2K[2m[WebServer] [22m[0m[1][0m (node:13292) Warning: The 'NO_COLOR' env is ignored due to the 'FORCE_COLOR' env being set.
[2m[WebServer] [22m[0m[1][0m (Use `node --trace-warnings ...` to show where the warning was created)

[1A[2K[2m[WebServer] [22m[0m[1][0m  POST /api/whiteboard/room/YSJ5P9HM/presence 200 in 16ms

[1A[2K[2m[WebServer] [22m[0m[1][0m 

[1A[2K[2m[WebServer] [22m(node:28572) Warning: The 'NO_COLOR' env is ignored due to the 'FORCE_COLOR' env being set.
[2m[WebServer] [22m[0m[1][0m (Use `node --trace-warnings ...` to show where the warning was created)

[1A[2K[2m[WebServer] [22m[0m[1][0m  POST /api/whiteboard/room/YSJ5P9HM/presence 200 in 16ms

[1A[2K[2m[WebServer] [22m[0m[1][0m (node:31272) Warning: The 'NO_COLOR' env is ignored due to the 'FORCE_COLOR' env being set.
[2m[WebServer] [22m[0m[1][0m (Use `node --trace-warnings ...` to show where the warning was created)

[1A[2K[2m[WebServer] [22m[0m[1][0m  POST /api/whiteboard/room/YSJ5P9HM/presence 200 in 17ms

[1A[2K[2m[WebServer] [22m[0m[1][0m (node:29768) Warning: The 'NO_COLOR' env is ignored due to the 'FORCE_COLOR' env being set.
[2m[WebServer] [22m[0m[1][0m (Use `node --trace-warnings ...` to show where the warning was created)

[1A[2K[2m[WebServer] [22m[0m[1][0m  POST /api/whiteboard/room/YSJ5P9HM/presence 200 in 14ms

[1A[2K[2m[WebServer] [22m[0m[1][0m (node:26228) Warning: The 'NO_COLOR' env is ignored due to the 'FORCE_COLOR' env being set.
[2m[WebServer] [22m[0m[1][0m (Use `node --trace-warnings ...` to show where the warning was created)

[1A[2K[2m[WebServer] [22m[0m[1][0m  POST /api/whiteboard/room/YSJ5P9HM/presence 200 in 16ms

[1A[2K[2m[WebServer] [22m[0m[1][0m (node:2512) Warning: The 'NO_COLOR' env is ignored due to the 'FORCE_COLOR' env being set.
[2m[WebServer] [22m[0m[1][0m (Use `node --trace-warnings ...` to show where the warning was created)

[1A[2K[2m[WebServer] [22m[0m[1][0m  POST /api/whiteboard/room/YSJ5P9HM/presence 200 in 15ms

[1A[2K[2m[WebServer] [22m[0m[1][0m (node:2432) Warning: The 'NO_COLOR' env is ignored due to the 'FORCE_COLOR' env being set.
[2m[WebServer] [22m[0m[1][0m (Use `node --trace-warnings ...` to show where the warning was created)

[1A[2K[2m[WebServer] [22m[0m[1][0m  POST /api/whiteboard/room/YSJ5P9HM/presence 200 in 16ms

[1A[2K[2m[WebServer] [22m[0m[1][0m (node:13480) Warning: The 'NO_COLOR' env is ignored due to the 'FORCE_COLOR' env being set.
[2m[WebServer] [22m[0m[1][0m (Use `node --trace-warnings ...` to show where the warning was created)

[1A[2K[2m[WebServer] [22m[0m[1][0m  POST /api/whiteboard/room/YSJ5P9HM/presence 200 in 16ms

[1A[2K[2m[WebServer] [22m[0m[1][0m (node:25864) Warning: The 'NO_COLOR' env is ignored due to the 'FORCE_COLOR' env being set.
[2m[WebServer] [22m[0m[1][0m (Use `node --trace-warnings ...` to show where the warning was created)

[1A[2K[2m[WebServer] [22m[0m[1][0m  POST /api/whiteboard/room/YSJ5P9HM/presence 200 in 17ms

[1A[2K[2m[WebServer] [22m[0m[1][0m (node:27756) Warning: The 'NO_COLOR' env is ignored due to the 'FORCE_COLOR' env being set.
[2m[WebServer] [22m[0m[1][0m (Use `node --trace-warnings ...` to show where the warning was created)

[1A[2K[2m[WebServer] [22m[0m[1][0m  POST /api/whiteboard/room/YSJ5P9HM/presence 200 in 16ms

[1A[2K[2m[WebServer] [22m[0m[1][0m (node:31072) Warning: The 'NO_COLOR' env is ignored due to the 'FORCE_COLOR' env being set.
[2m[WebServer] [22m[0m[1][0m (Use `node --trace-warnings ...` to show where the warning was created)

[1A[2K[2m[WebServer] [22m[0m[1][0m  POST /api/whiteboard/room/YSJ5P9HM/presence 200 in 16ms

[1A[2K[2m[WebServer] [22m[0m[1][0m (node:28568) Warning: The 'NO_COLOR' env is ignored due to the 'FORCE_COLOR' env being set.
[2m[WebServer] [22m[0m[1][0m (Use `node --trace-warnings ...` to show where the warning was created)

[1A[2K[2m[WebServer] [22m[0m[1][0m  POST /api/whiteboard/room/YSJ5P9HM/presence 200 in 17ms

[1A[2K[2m[WebServer] [22m[0m[1][0m (node:31552) Warning: The 'NO_COLOR' env is ignored due to the 'FORCE_COLOR' env being set.
[2m[WebServer] [22m[0m[1][0m (Use `node --trace-warnings ...` to show where the warning was created)

[1A[2K[2m[WebServer] [22m[0m[1][0m  POST /api/whiteboard/room/YSJ5P9HM/presence 200 in 16ms

[1A[2K[2m[WebServer] [22m[0m[1][0m (node:18064) Warning: The 'NO_COLOR' env is ignored due to the 'FORCE_COLOR' env being set.
[2m[WebServer] [22m[0m[1][0m (Use `node --trace-warnings ...` to show where the warning was created)

[1A[2K[2m[WebServer] [22m[0m[1][0m  POST /api/whiteboard/room/YSJ5P9HM/presence 200 in 16ms

[1A[2K[2m[WebServer] [22m[0m[1][0m (node:30908) Warning: The 'NO_COLOR' env is ignored due to the 'FORCE_COLOR' env being set.
[2m[WebServer] [22m[0m[1][0m (Use `node --trace-warnings ...` to show where the warning was created)

[1A[2K[2m[WebServer] [22m[0m[1][0m  POST /api/whiteboard/room/YSJ5P9HM/presence 200 in 16ms

[1A[2K[2m[WebServer] [22m[0m[1][0m (node:22052) Warning: The 'NO_COLOR' env is ignored due to the 'FORCE_COLOR' env being set.
[2m[WebServer] [22m[0m[1][0m (Use `node --trace-warnings ...` to show where the warning was created)

[1A[2K[2m[WebServer] [22m[0m[1][0m  POST /api/whiteboard/room/YSJ5P9HM/presence 200 in 16ms

[1A[2K[2m[WebServer] [22m[0m[1][0m (node:9760) Warning: The 'NO_COLOR' env is ignored due to the 'FORCE_COLOR' env being set.
[2m[WebServer] [22m[0m[1][0m (Use `node --trace-warnings ...` to show where the warning was created)

[1A[2K[2m[WebServer] [22m[0m[1][0m  POST /api/whiteboard/room/YSJ5P9HM/presence 200 in 17ms

[1A[2K[2m[WebServer] [22m[0m[1][0m (node:12520) Warning: The 'NO_COLOR' env is ignored due to the 'FORCE_COLOR' env being set.
[2m[WebServer] [22m[0m[1][0m (Use `node --trace-warnings ...` to show where the warning was created)

[1A[2K[2m[WebServer] [22m[0m[1][0m  POST /api/whiteboard/room/YSJ5P9HM/presence 200 in 15ms

[1A[2K[2m[WebServer] [22m[0m[1][0m (node:30112) Warning: The 'NO_COLOR' env is ignored due to the 'FORCE_COLOR' env being set.
[2m[WebServer] [22m[0m[1][0m (Use `node --trace-warnings ...` to show where the warning was created)

[1A[2K[2m[WebServer] [22m[0m[1][0m  POST /api/whiteboard/room/YSJ5P9HM/presence 200 in 16ms

[1A[2K[2m[WebServer] [22m[0m[1][0m (node:16604) Warning: The 'NO_COLOR' env is ignored due to the 'FORCE_COLOR' env being set.
[2m[WebServer] [22m[0m[1][0m (Use `node --trace-warnings ...` to show where the warning was created)

[1A[2K[2m[WebServer] [22m[0m[1][0m  POST /api/whiteboard/room/YSJ5P9HM/presence 200 in 17ms

[1A[2K[2m[WebServer] [22m[0m[1][0m (node:22184) Warning: The 'NO_COLOR' env is ignored due to the 'FORCE_COLOR' env being set.
[2m[WebServer] [22m[0m[1][0m (Use `node --trace-warnings ...` to show where the warning was created)

[1A[2K[2m[WebServer] [22m[0m[1][0m  POST /api/whiteboard/room/YSJ5P9HM/presence 200 in 16ms

[1A[2K[2m[WebServer] [22m[0m[1][0m (node:25504) Warning: The 'NO_COLOR' env is ignored due to the 'FORCE_COLOR' env being set.
[2m[WebServer] [22m[0m[1][0m (Use `node --trace-warnings ...` to show where the warning was created)

[1A[2K[2m[WebServer] [22m[0m[1][0m 

[1A[2K[2m[WebServer] [22m POST /api/whiteboard/room/YSJ5P9HM/presence 200 in 15ms

[1A[2K[2m[WebServer] [22m[0m[1][0m (node:9148) Warning: The 'NO_COLOR' env is ignored due to the 'FORCE_COLOR' env being set.
[2m[WebServer] [22m[0m[1][0m (Use `node --trace-warnings ...` to show where the warning was created)

[1A[2K[2m[WebServer] [22m[0m[1][0m  POST /api/whiteboard/room/YSJ5P9HM/presence 200 in 16ms

[1A[2K[2m[WebServer] [22m[0m[1][0m 

[1A[2K[2m[WebServer] [22m(node:21732) Warning: The 'NO_COLOR' env is ignored due to the 'FORCE_COLOR' env being set.
[2m[WebServer] [22m[0m[1][0m (Use `node --trace-warnings ...` to show where the warning was created)

[1A[2K[2m[WebServer] [22m[0m[1][0m  POST /api/whiteboard/room/YSJ5P9HM/presence 200 in 16ms

[1A[2K[2m[WebServer] [22m[0m[1][0m (node:31576) Warning: The 'NO_COLOR' env is ignored due to the 'FORCE_COLOR' env being set.
[2m[WebServer] [22m[0m[1][0m (Use `node --trace-warnings ...` to show where the warning was created)

[1A[2K[2m[WebServer] [22m[0m[1][0m  POST /api/whiteboard/room/YSJ5P9HM/presence 200 in 18ms

[1A[2K[2m[WebServer] [22m[0m[1][0m (node:14072) Warning: The 'NO_COLOR' env is ignored due to the 'FORCE_COLOR' env being set.
[2m[WebServer] [22m[0m[1][0m (Use `node --trace-warnings ...` to show where the warning was created)

[1A[2K[2m[WebServer] [22m[0m[1][0m  POST /api/whiteboard/room/YSJ5P9HM/presence 200 in 15ms

[1A[2K[2m[WebServer] [22m[0m[1][0m (node:20000) Warning: The 'NO_COLOR' env is ignored due to the 'FORCE_COLOR' env being set.
[2m[WebServer] [22m[0m[1][0m (Use `node --trace-warnings ...` to show where the warning was created)

[1A[2K[2m[WebServer] [22m[0m[1][0m  POST /api/whiteboard/room/YSJ5P9HM/presence 200 in 17ms

[1A[2K[2m[WebServer] [22m[0m[1][0m (node:28080) Warning: The 'NO_COLOR' env is ignored due to the 'FORCE_COLOR' env being set.
[2m[WebServer] [22m[0m[1][0m (Use `node --trace-warnings ...` to show where the warning was created)

[1A[2K[2m[WebServer] [22m[0m[1][0m  POST /api/whiteboard/room/YSJ5P9HM/presence 200 in 16ms

[1A[2K[2m[WebServer] [22m[0m[1][0m (node:19220) Warning: The 'NO_COLOR' env is ignored due to the 'FORCE_COLOR' env being set.
[2m[WebServer] [22m[0m[1][0m (Use `node --trace-warnings ...` to show where the warning was created)

[1A[2K[2m[WebServer] [22m[0m[1][0m  POST /api/whiteboard/room/YSJ5P9HM/presence 200 in 19ms

[1A[2K[2m[WebServer] [22m[0m[1][0m (node:15664) Warning: The 'NO_COLOR' env is ignored due to the 'FORCE_COLOR' env being set.
[2m[WebServer] [22m[0m[1][0m (Use `node --trace-warnings ...` to show where the warning was created)

[1A[2K[2m[WebServer] [22m[0m[1][0m  POST /api/whiteboard/room/YSJ5P9HM/presence 200 in 93ms

[1A[2K[2m[WebServer] [22m[0m[1][0m (node:1928) Warning: The 'NO_COLOR' env is ignored due to the 'FORCE_COLOR' env being set.
[2m[WebServer] [22m[0m[1][0m (Use `node --trace-warnings ...` to show where the warning was created)

[1A[2K[2m[WebServer] [22m[0m[1][0m  POST /api/whiteboard/room/YSJ5P9HM/presence 200 in 14ms

[1A[2K[2m[WebServer] [22m[0m[1][0m (node:1536) Warning: The 'NO_COLOR' env is ignored due to the 'FORCE_COLOR' env being set.
[2m[WebServer] [22m[0m[1][0m (Use `node --trace-warnings ...` to show where the warning was created)

[1A[2K[2m[WebServer] [22m[0m[1][0m  POST /api/whiteboard/room/YSJ5P9HM/presence 200 in 12ms

[1A[2K[2m[WebServer] [22m[0m[1][0m (node:9432) Warning: The 'NO_COLOR' env is ignored due to the 'FORCE_COLOR' env being set.
[2m[WebServer] [22m[0m[1][0m (Use `node --trace-warnings ...` to show where the warning was created)

[1A[2K[2m[WebServer] [22m[0m[1][0m  POST /api/whiteboard/room/YSJ5P9HM/presence 200 in 12ms

[1A[2K[2m[WebServer] [22m[0m[1][0m (node:30724) Warning: The 'NO_COLOR' env is ignored due to the 'FORCE_COLOR' env being set.
[2m[WebServer] [22m[0m[1][0m (Use `node --trace-warnings ...` to show where the warning was created)

[1A[2K[2m[WebServer] [22m[0m[1][0m  POST /api/whiteboard/room/YSJ5P9HM/presence 200 in 13ms

[1A[2K[2m[WebServer] [22m[0m[1][0m (node:7840) Warning: The 'NO_COLOR' env is ignored due to the 'FORCE_COLOR' env being set.
[2m[WebServer] [22m[0m[1][0m (Use `node --trace-warnings ...` to show where the warning was created)

[1A[2K[2m[WebServer] [22m[0m[1][0m  POST /api/whiteboard/room/YSJ5P9HM/presence 200 in 13ms

[1A[2K[2m[WebServer] [22m[0m[1][0m (node:31176) Warning: The 'NO_COLOR' env is ignored due to the 'FORCE_COLOR' env being set.
[2m[WebServer] [22m[0m[1][0m (Use `node --trace-warnings ...` to show where the warning was created)

[1A[2K[2m[WebServer] [22m[0m[1][0m  POST /api/whiteboard/room/YSJ5P9HM/presence 200 in 12ms

[1A[2K[2m[WebServer] [22m[0m[1][0m (node:16560) Warning: The 'NO_COLOR' env is ignored due to the 'FORCE_COLOR' env being set.
[2m[WebServer] [22m[0m[1][0m (Use `node --trace-warnings ...` to show where the warning was created)

[1A[2K[2m[WebServer] [22m[0m[1][0m  POST /api/whiteboard/room/YSJ5P9HM/presence 200 in 14ms

[1A[2K[2m[WebServer] [22m[0m[1][0m (node:32492) Warning: The 'NO_COLOR' env is ignored due to the 'FORCE_COLOR' env being set.
[2m[WebServer] [22m[0m[1][0m (Use `node --trace-warnings ...` to show where the warning was created)

[1A[2K[2m[WebServer] [22m[0m[1][0m  POST /api/whiteboard/room/YSJ5P9HM/presence 200 in 13ms

[1A[2K[2m[WebServer] [22m[0m[1][0m (node:10112) Warning: The 'NO_COLOR' env is ignored due to the 'FORCE_COLOR' env being set.
[2m[WebServer] [22m[0m[1][0m (Use `node --trace-warnings ...` to show where the warning was created)

[1A[2K  1) [chromium] › tests\e2e\collaboration.spec.ts:321:7 › Excalidraw Collaboration › drawing a rectangle on one peer appears on the other 

    [31mTest timeout of 60000ms exceeded.[39m

    Error: locator.fill: Test ended.
    Call log:
    [2m  - waiting for getByTestId('whiteboard-username-input')[22m


      58 |   ]);
      59 |   if (nextView === 'prompt' && await usernameInput.isVisible().catch(() => false)) {
    > 60 |     await page.getByTestId('whiteboard-username-input').fill(name);
         |                                                         ^
      61 |     await page.getByTestId('whiteboard-join-room-btn').click();
      62 |   }
      63 |
        at joinExistingRoom (D:\new-projects\teacher-playground\tests\e2e\collaboration.spec.ts:60:57)
        at D:\new-projects\teacher-playground\tests\e2e\collaboration.spec.ts:329:5

    attachment #1: screenshot (image/png) ──────────────────────────────────────────────────────────
    test-results\collaboration-Excalidraw-C-34580-e-peer-appears-on-the-other-chromium\test-failed-2.png
    ────────────────────────────────────────────────────────────────────────────────────────────────

    attachment #2: screenshot (image/png) ──────────────────────────────────────────────────────────
    test-results\collaboration-Excalidraw-C-34580-e-peer-appears-on-the-other-chromium\test-failed-1.png
    ────────────────────────────────────────────────────────────────────────────────────────────────

    Error Context: test-results\collaboration-Excalidraw-C-34580-e-peer-appears-on-the-other-chromium\error-context.md




[1A[2K(node:28676) Warning: The 'NO_COLOR' env is ignored due to the 'FORCE_COLOR' env being set.
(Use `node --trace-warnings ...` to show where the warning was created)


[1A[2K(node:28676) Warning: The 'NO_COLOR' env is ignored due to the 'FORCE_COLOR' env being set.
(Use `node --trace-warnings ...` to show where the warning was created)
[1A[2K[9/69] [chromium] › tests\e2e\collaboration.spec.ts:348:7 › Excalidraw Collaboration › drawing a circle on one peer appears on the other
[1A[2K[2m[WebServer] [22m[0m[1][0m  GET /whiteboard 200 in 46ms

[1A[2K[2m[WebServer] [22m[0m[1][0m  POST /api/whiteboard/room/TZHEVN87 200 in 14ms

[1A[2K[2m[WebServer] [22m[0m[1][0m (node:4460) Warning: The 'NO_COLOR' env is ignored due to the 'FORCE_COLOR' env being set.
[2m[WebServer] [22m[0m[1][0m (Use `node --trace-warnings ...` to show where the warning was created)

[1A[2K[2m[WebServer] [22m[0m[1][0m  GET /api/whiteboard/room/TZHEVN87 200 in 10ms

[1A[2K[2m[WebServer] [22m[0m[1][0m  GET /api/whiteboard/room/TZHEVN87 200 in 10ms

[1A[2K[2m[WebServer] [22m[0m[1][0m (node:31980) Warning: The 'NO_COLOR' env is ignored due to the 'FORCE_COLOR' env being set.
[2m[WebServer] [22m[0m[1][0m (Use `node --trace-warnings ...` to show where the warning was created)

[1A[2K[2m[WebServer] [22m[0m[1][0m  POST /api/whiteboard/room/TZHEVN87/presence 200 in 19ms

[1A[2K[2m[WebServer] [22m[0m[1][0m  GET /whiteboard/TZHEVN87 200 in 23ms

[1A[2K[2m[WebServer] [22m[0m[1][0m (node:16964) Warning: The 'NO_COLOR' env is ignored due to the 'FORCE_COLOR' env being set.
[2m[WebServer] [22m[0m[1][0m (Use `node --trace-warnings ...` to show where the warning was created)

[1A[2K[2m[WebServer] [22m[0m[1][0m  GET /api/whiteboard/room/TZHEVN87 200 in 14ms

[1A[2K[2m[WebServer] [22m[0m[1][0m  GET /api/whiteboard/room/TZHEVN87 200 in 14ms

[1A[2K[2m[WebServer] [22m[0m[1][0m  POST /api/whiteboard/room/TZHEVN87/presence 200 in 23ms

[1A[2K[2m[WebServer] [22m[0m[1][0m (node:14288) Warning: The 'NO_COLOR' env is ignored due to the 'FORCE_COLOR' env being set.
[2m[WebServer] [22m[0m[1][0m (Use `node --trace-warnings ...` to show where the warning was created)

[1A[2K[2m[WebServer] [22m[0m[1][0m (node:820) Warning: The 'NO_COLOR' env is ignored due to the 'FORCE_COLOR' env being set.
[2m[WebServer] [22m[0m[1][0m (Use `node --trace-warnings ...` to show where the warning was created)

[1A[2K[2m[WebServer] [22m[0m[1][0m  POST /api/whiteboard/room/TZHEVN87/presence 200 in 13ms

[1A[2K[2m[WebServer] [22m[0m[1][0m (node:21348) Warning: The 'NO_COLOR' env is ignored due to the 'FORCE_COLOR' env being set.
[2m[WebServer] [22m[0m[1][0m (Use `node --trace-warnings ...` to show where the warning was created)

[1A[2K[2m[WebServer] [22m[0m[1][0m  POST /api/whiteboard/room/TZHEVN87/waiting 200 in 14ms

[1A[2K[2m[WebServer] [22m[0m[1][0m  GET /api/whiteboard/room/TZHEVN87/presence 200 in 13ms

[1A[2K[2m[WebServer] [22m[0m[1][0m  POST /api/whiteboard/room/TZHEVN87/presence 200 in 10ms

[1A[2K[2m[WebServer] [22m[0m[1][0m (node:10428) Warning: The 'NO_COLOR' env is ignored due to the 'FORCE_COLOR' env being set.
[2m[WebServer] [22m[0m[1][0m (Use `node --trace-warnings ...` to show where the warning was created)

[1A[2K[2m[WebServer] [22m[0m[1][0m (node:7464) Warning: The 'NO_COLOR' env is ignored due to the 'FORCE_COLOR' env being set.
[2m[WebServer] [22m[0m[1][0m (Use `node --trace-warnings ...` to show where the warning was created)

[1A[2K[2m[WebServer] [22m[0m[1][0m  POST /api/whiteboard/room/TZHEVN87/presence 200 in 17ms

[1A[2K[2m[WebServer] [22m[0m[1][0m (node:27500) Warning: The 'NO_COLOR' env is ignored due to the 'FORCE_COLOR' env being set.
[2m[WebServer] [22m[0m[1][0m (Use `node --trace-warnings ...` to show where the warning was created)

[1A[2K[2m[WebServer] [22m[0m[1][0m  POST /api/whiteboard/room/TZHEVN87/presence 200 in 12ms

[1A[2K[2m[WebServer] [22m[0m[1][0m (node:28052) Warning: The 'NO_COLOR' env is ignored due to the 'FORCE_COLOR' env being set.
[2m[WebServer] [22m[0m[1][0m (Use `node --trace-warnings ...` to show where the warning was created)

[1A[2K[2m[WebServer] [22m[0m[1][0m  POST /api/whiteboard/room/TZHEVN87/presence 200 in 12ms

[1A[2K[2m[WebServer] [22m[0m[1][0m (node:29108) Warning: The 'NO_COLOR' env is ignored due to the 'FORCE_COLOR' env being set.
[2m[WebServer] [22m[0m[1][0m (Use `node --trace-warnings ...` to show where the warning was created)

[1A[2K[2m[WebServer] [22m[0m[1][0m  POST /api/whiteboard/room/TZHEVN87/presence 200 in 13ms

[1A[2K[2m[WebServer] [22m[0m[1][0m 

[1A[2K[2m[WebServer] [22m(node:25948) Warning: The 'NO_COLOR' env is ignored due to the 'FORCE_COLOR' env being set.
[2m[WebServer] [22m[0m[1][0m (Use `node --trace-warnings ...` to show where the warning was created)

[1A[2K[2m[WebServer] [22m[0m[1][0m  POST /api/whiteboard/room/TZHEVN87/presence 200 in 13ms

[1A[2K[2m[WebServer] [22m[0m[1][0m (node:28924) Warning: The 'NO_COLOR' env is ignored due to the 'FORCE_COLOR' env being set.
[2m[WebServer] [22m[0m[1][0m (Use `node --trace-warnings ...` to show where the warning was created)

[1A[2K[2m[WebServer] [22m[0m[1][0m  POST /api/whiteboard/room/TZHEVN87/presence 200 in 13ms

[1A[2K[2m[WebServer] [22m[0m[1][0m (node:18860) Warning: The 'NO_COLOR' env is ignored due to the 'FORCE_COLOR' env being set.
[2m[WebServer] [22m[0m[1][0m (Use `node --trace-warnings ...` to show where the warning was created)

[1A[2K[10/69] [chromium] › tests\e2e\collaboration.spec.ts:372:7 › Excalidraw Collaboration › drawing a pen stroke on one peer appears on the other
[1A[2K[2m[WebServer] [22m[0m[1][0m  GET /whiteboard 200 in 73ms

[1A[2K[2m[WebServer] [22m[0m[1][0m  POST /api/whiteboard/room/8SC7FOMN 200 in 12ms

[1A[2K[2m[WebServer] [22m[0m[1][0m (node:15076) Warning: The 'NO_COLOR' env is ignored due to the 'FORCE_COLOR' env being set.
[2m[WebServer] [22m[0m[1][0m (Use `node --trace-warnings ...` to show where the warning was created)

[1A[2K[2m[WebServer] [22m[0m[1][0m  GET /api/whiteboard/room/8SC7FOMN 200 in 9ms

[1A[2K[2m[WebServer] [22m[0m[1][0m  GET /api/whiteboard/room/8SC7FOMN 200 in 9ms

[1A[2K[2m[WebServer] [22m[0m[1][0m (node:28572) Warning: The 'NO_COLOR' env is ignored due to the 'FORCE_COLOR' env being set.
[2m[WebServer] [22m[0m[1][0m (Use `node --trace-warnings ...` to show where the warning was created)

[1A[2K[2m[WebServer] [22m[0m[1][0m  POST /api/whiteboard/room/8SC7FOMN/presence 200 in 23ms

[1A[2K[2m[WebServer] [22m[0m[1][0m  GET /whiteboard/8SC7FOMN 200 in 18ms

[1A[2K[2m[WebServer] [22m[0m[1][0m (node:23080) Warning: The 'NO_COLOR' env is ignored due to the 'FORCE_COLOR' env being set.
[2m[WebServer] [22m[0m[1][0m (Use `node --trace-warnings ...` to show where the warning was created)

[1A[2K[2m[WebServer] [22m[0m[1][0m  GET /api/whiteboard/room/8SC7FOMN 200 in 15ms

[1A[2K[2m[WebServer] [22m[0m[1][0m  GET /api/whiteboard/room/8SC7FOMN 200 in 14ms

[1A[2K[2m[WebServer] [22m[0m[1][0m  POST /api/whiteboard/room/8SC7FOMN/presence 200 in 18ms

[1A[2K[2m[WebServer] [22m[0m[1][0m (node:17692) Warning: The 'NO_COLOR' env is ignored due to the 'FORCE_COLOR' env being set.
[2m[WebServer] [22m[0m[1][0m (Use `node --trace-warnings ...` to show where the warning was created)

[1A[2K[2m[WebServer] [22m[0m[1][0m (node:14944) Warning: The 'NO_COLOR' env is ignored due to the 'FORCE_COLOR' env being set.
[2m[WebServer] [22m[0m[1][0m (Use `node --trace-warnings ...` to show where the warning was created)

[1A[2K[2m[WebServer] [22m[0m[1][0m  POST /api/whiteboard/room/8SC7FOMN/presence 200 in 17ms

[1A[2K[2m[WebServer] [22m[0m[1][0m (node:27696) Warning: The 'NO_COLOR' env is ignored due to the 'FORCE_COLOR' env being set.
[2m[WebServer] [22m[0m[1][0m (Use `node --trace-warnings ...` to show where the warning was created)

[1A[2K[2m[WebServer] [22m[0m[1][0m  POST /api/whiteboard/room/8SC7FOMN/presence 200 in 12ms

[1A[2K[2m[WebServer] [22m[0m[1][0m (node:15644) Warning: The 'NO_COLOR' env is ignored due to the 'FORCE_COLOR' env being set.
[2m[WebServer] [22m[0m[1][0m (Use `node --trace-warnings ...` to show where the warning was created)

[1A[2K[2m[WebServer] [22m[0m[1][0m  POST /api/whiteboard/room/8SC7FOMN/presence 200 in 13ms

[1A[2K[2m[WebServer] [22m[0m[1][0m (node:28060) Warning: The 'NO_COLOR' env is ignored due to the 'FORCE_COLOR' env being set.
[2m[WebServer] [22m[0m[1][0m (Use `node --trace-warnings ...` to show where the warning was created)

[1A[2K[2m[WebServer] [22m[0m[1][0m  POST /api/whiteboard/room/8SC7FOMN/presence 200 in 13ms

[1A[2K[2m[WebServer] [22m[0m[1][0m (node:22448) Warning: The 'NO_COLOR' env is ignored due to the 'FORCE_COLOR' env being set.
[2m[WebServer] [22m[0m[1][0m (Use `node --trace-warnings ...` to show where the warning was created)

[1A[2K[2m[WebServer] [22m[0m[1][0m  POST /api/whiteboard/room/8SC7FOMN/presence 200 in 13ms

[1A[2K[2m[WebServer] [22m[0m[1][0m (node:7504) Warning: The 'NO_COLOR' env is ignored due to the 'FORCE_COLOR' env being set.
[2m[WebServer] [22m[0m[1][0m (Use `node --trace-warnings ...` to show where the warning was created)

[1A[2K[2m[WebServer] [22m[0m[1][0m  POST /api/whiteboard/room/8SC7FOMN/presence 200 in 13ms

[1A[2K[2m[WebServer] [22m[0m[1][0m (node:32244) Warning: The 'NO_COLOR' env is ignored due to the 'FORCE_COLOR' env being set.
[2m[WebServer] [22m[0m[1][0m (Use `node --trace-warnings ...` to show where the warning was created)

[1A[2K[2m[WebServer] [22m[0m[1][0m  POST /api/whiteboard/room/8SC7FOMN/presence 200 in 13ms

[1A[2K[2m[WebServer] [22m[0m[1][0m (node:21664) Warning: The 'NO_COLOR' env is ignored due to the 'FORCE_COLOR' env being set.
[2m[WebServer] [22m[0m[1][0m (Use `node --trace-warnings ...` to show where the warning was created)

[1A[2K[2m[WebServer] [22m[0m[1][0m  POST /api/whiteboard/room/8SC7FOMN/presence 200 in 17ms

[1A[2K[2m[WebServer] [22m[0m[1][0m (node:14188) Warning: The 'NO_COLOR' env is ignored due to the 'FORCE_COLOR' env being set.
[2m[WebServer] [22m[0m[1][0m (Use `node --trace-warnings ...` to show where the warning was created)

[1A[2K[2m[WebServer] [22m[0m[1][0m  POST /api/whiteboard/room/8SC7FOMN/presence 200 in 13ms

[1A[2K[2m[WebServer] [22m[0m[1][0m (node:3816) Warning: The 'NO_COLOR' env is ignored due to the 'FORCE_COLOR' env being set.
[2m[WebServer] [22m[0m[1][0m (Use `node --trace-warnings ...` to show where the warning was created)

[1A[2K[2m[WebServer] [22m[0m[1][0m  POST /api/whiteboard/room/8SC7FOMN/presence 200 in 13ms

[1A[2K[2m[WebServer] [22m[0m[1][0m (node:25980) Warning: The 'NO_COLOR' env is ignored due to the 'FORCE_COLOR' env being set.
[2m[WebServer] [22m[0m[1][0m (Use `node --trace-warnings ...` to show where the warning was created)

[1A[2K[2m[WebServer] [22m[0m[1][0m  POST /api/whiteboard/room/8SC7FOMN/presence 200 in 14ms

[1A[2K[2m[WebServer] [22m[0m[1][0m (node:31392) Warning: The 'NO_COLOR' env is ignored due to the 'FORCE_COLOR' env being set.
[2m[WebServer] [22m[0m[1][0m (Use `node --trace-warnings ...` to show where the warning was created)

[1A[2K[2m[WebServer] [22m[0m[1][0m  POST /api/whiteboard/room/8SC7FOMN/presence 200 in 11ms

[1A[2K[2m[WebServer] [22m[0m[1][0m (node:28644) Warning: The 'NO_COLOR' env is ignored due to the 'FORCE_COLOR' env being set.
[2m[WebServer] [22m[0m[1][0m (Use `node --trace-warnings ...` to show where the warning was created)

[1A[2K[2m[WebServer] [22m[0m[1][0m  POST /api/whiteboard/room/8SC7FOMN/presence 200 in 12ms

[1A[2K[2m[WebServer] [22m[0m[1][0m (node:8832) Warning: The 'NO_COLOR' env is ignored due to the 'FORCE_COLOR' env being set.
[2m[WebServer] [22m[0m[1][0m (Use `node --trace-warnings ...` to show where the warning was created)

[1A[2K[2m[WebServer] [22m[0m[1][0m  POST /api/whiteboard/room/8SC7FOMN/presence 200 in 13ms

[1A[2K[2m[WebServer] [22m[0m[1][0m (node:30008) Warning: The 'NO_COLOR' env is ignored due to the 'FORCE_COLOR' env being set.
[2m[WebServer] [22m[0m[1][0m (Use `node --trace-warnings ...` to show where the warning was created)

[1A[2K[2m[WebServer] [22m[0m[1][0m  POST /api/whiteboard/room/8SC7FOMN/presence 200 in 13ms

[1A[2K[2m[WebServer] [22m[0m[1][0m (node:16604) Warning: The 'NO_COLOR' env is ignored due to the 'FORCE_COLOR' env being set.
[2m[WebServer] [22m[0m[1][0m (Use `node --trace-warnings ...` to show where the warning was created)

[1A[2K[2m[WebServer] [22m[0m[1][0m  POST /api/whiteboard/room/8SC7FOMN/presence 200 in 12ms

[1A[2K[2m[WebServer] [22m[0m[1][0m (node:22176) Warning: The 'NO_COLOR' env is ignored due to the 'FORCE_COLOR' env being set.
[2m[WebServer] [22m[0m[1][0m (Use `node --trace-warnings ...` to show where the warning was created)

[1A[2K[2m[WebServer] [22m[0m[1][0m  POST /api/whiteboard/room/8SC7FOMN/presence 200 in 12ms

[1A[2K[2m[WebServer] [22m[0m[1][0m (node:19576) Warning: The 'NO_COLOR' env is ignored due to the 'FORCE_COLOR' env being set.
[2m[WebServer] [22m[0m[1][0m (Use `node --trace-warnings ...` to show where the warning was created)

[1A[2K[2m[WebServer] [22m[0m[1][0m  POST /api/whiteboard/room/8SC7FOMN/presence 200 in 11ms

[1A[2K[2m[WebServer] [22m[0m[1][0m (node:17772) Warning: The 'NO_COLOR' env is ignored due to the 'FORCE_COLOR' env being set.
[2m[WebServer] [22m[0m[1][0m (Use `node --trace-warnings ...` to show where the warning was created)

[1A[2K[2m[WebServer] [22m[0m[1][0m  POST /api/whiteboard/room/8SC7FOMN/presence 200 in 12ms

[1A[2K[2m[WebServer] [22m[0m[1][0m (node:26396) Warning: The 'NO_COLOR' env is ignored due to the 'FORCE_COLOR' env being set.
[2m[WebServer] [22m[0m[1][0m (Use `node --trace-warnings ...` to show where the warning was created)

[1A[2K[2m[WebServer] [22m[0m[1][0m  POST /api/whiteboard/room/8SC7FOMN/presence 200 in 14ms

[1A[2K[2m[WebServer] [22m[0m[1][0m (node:14072) Warning: The 'NO_COLOR' env is ignored due to the 'FORCE_COLOR' env being set.
[2m[WebServer] [22m[0m[1][0m (Use `node --trace-warnings ...` to show where the warning was created)

[1A[2K[2m[WebServer] [22m[0m[1][0m  POST /api/whiteboard/room/8SC7FOMN/presence 200 in 13ms

[1A[2K[2m[WebServer] [22m[0m[1][0m (node:10764) Warning: The 'NO_COLOR' env is ignored due to the 'FORCE_COLOR' env being set.
[2m[WebServer] [22m[0m[1][0m (Use `node --trace-warnings ...` to show where the warning was created)

[1A[2K[2m[WebServer] [22m[0m[1][0m  POST /api/whiteboard/room/8SC7FOMN/presence 200 in 13ms

[1A[2K[2m[WebServer] [22m[0m[1][0m (node:10920) Warning: The 'NO_COLOR' env is ignored due to the 'FORCE_COLOR' env being set.
[2m[WebServer] [22m[0m[1][0m (Use `node --trace-warnings ...` to show where the warning was created)

[1A[2K[2m[WebServer] [22m[0m[1][0m  POST /api/whiteboard/room/8SC7FOMN/presence 200 in 13ms

[1A[2K[2m[WebServer] [22m[0m[1][0m (node:6632) Warning: The 'NO_COLOR' env is ignored due to the 'FORCE_COLOR' env being set.
[2m[WebServer] [22m[0m[1][0m (Use `node --trace-warnings ...` to show where the warning was created)

[1A[2K[2m[WebServer] [22m[0m[1][0m  POST /api/whiteboard/room/8SC7FOMN/presence 200 in 12ms

[1A[2K[2m[WebServer] [22m[0m[1][0m (node:4772) Warning: The 'NO_COLOR' env is ignored due to the 'FORCE_COLOR' env being set.
[2m[WebServer] [22m[0m[1][0m (Use `node --trace-warnings ...` to show where the warning was created)

[1A[2K[2m[WebServer] [22m[0m[1][0m  POST /api/whiteboard/room/8SC7FOMN/presence 200 in 12ms

[1A[2K[2m[WebServer] [22m[0m[1][0m (node:24312) Warning: The 'NO_COLOR' env is ignored due to the 'FORCE_COLOR' env being set.
[2m[WebServer] [22m[0m[1][0m (Use `node --trace-warnings ...` to show where the warning was created)

[1A[2K[2m[WebServer] [22m[0m[1][0m  POST /api/whiteboard/room/8SC7FOMN/presence 200 in 13ms

[1A[2K[2m[WebServer] [22m[0m[1][0m (node:32372) Warning: The 'NO_COLOR' env is ignored due to the 'FORCE_COLOR' env being set.
[2m[WebServer] [22m[0m[1][0m (Use `node --trace-warnings ...` to show where the warning was created)

[1A[2K[2m[WebServer] [22m[0m[1][0m  POST /api/whiteboard/room/8SC7FOMN/presence 200 in 12ms

[1A[2K[2m[WebServer] [22m[0m[1][0m (node:22612) Warning: The 'NO_COLOR' env is ignored due to the 'FORCE_COLOR' env being set.
[2m[WebServer] [22m[0m[1][0m (Use `node --trace-warnings ...` to show where the warning was created)

[1A[2K[2m[WebServer] [22m[0m[1][0m  POST /api/whiteboard/room/8SC7FOMN/presence 200 in 12ms

[1A[2K[2m[WebServer] [22m[0m[1][0m (node:29732) Warning: The 'NO_COLOR' env is ignored due to the 'FORCE_COLOR' env being set.
[2m[WebServer] [22m[0m[1][0m (Use `node --trace-warnings ...` to show where the warning was created)

[1A[2K[2m[WebServer] [22m[0m[1][0m  POST /api/whiteboard/room/8SC7FOMN/presence 200 in 13ms

[1A[2K[2m[WebServer] [22m[0m[1][0m (node:18780) Warning: The 'NO_COLOR' env is ignored due to the 'FORCE_COLOR' env being set.
[2m[WebServer] [22m[0m[1][0m (Use `node --trace-warnings ...` to show where the warning was created)

[1A[2K[2m[WebServer] [22m[0m[1][0m  POST /api/whiteboard/room/8SC7FOMN/presence 200 in 13ms

[1A[2K[2m[WebServer] [22m[0m[1][0m (node:19304) Warning: The 'NO_COLOR' env is ignored due to the 'FORCE_COLOR' env being set.
[2m[WebServer] [22m[0m[1][0m (Use `node --trace-warnings ...` to show where the warning was created)

[1A[2K[2m[WebServer] [22m[0m[1][0m  POST /api/whiteboard/room/8SC7FOMN/presence 200 in 13ms

[1A[2K[2m[WebServer] [22m[0m[1][0m (node:31244) Warning: The 'NO_COLOR' env is ignored due to the 'FORCE_COLOR' env being set.
[2m[WebServer] [22m[0m[1][0m (Use `node --trace-warnings ...` to show where the warning was created)

[1A[2K[2m[WebServer] [22m[0m[1][0m  POST /api/whiteboard/room/8SC7FOMN/presence 200 in 15ms

[1A[2K[2m[WebServer] [22m[0m[1][0m (node:10564) Warning: The 'NO_COLOR' env is ignored due to the 'FORCE_COLOR' env being set.
[2m[WebServer] [22m[0m[1][0m (Use `node --trace-warnings ...` to show where the warning was created)

[1A[2K[2m[WebServer] [22m[0m[1][0m 

[1A[2K[2m[WebServer] [22m POST /api/whiteboard/room/8SC7FOMN/presence 200 in 12ms

[1A[2K[2m[WebServer] [22m[0m[1][0m (node:24552) Warning: The 'NO_COLOR' env is ignored due to the 'FORCE_COLOR' env being set.
[2m[WebServer] [22m[0m[1][0m (Use `node --trace-warnings ...` to show where the warning was created)

[1A[2K[2m[WebServer] [22m[0m[1][0m  POST /api/whiteboard/room/8SC7FOMN/presence 200 in 13ms

[1A[2K[2m[WebServer] [22m[0m[1][0m (node:32764) Warning: The 'NO_COLOR' env is ignored due to the 'FORCE_COLOR' env being set.
[2m[WebServer] [22m[0m[1][0m (Use `node --trace-warnings ...` to show where the warning was created)

[1A[2K[2m[WebServer] [22m[0m[1][0m  POST /api/whiteboard/room/8SC7FOMN/presence 200 in 12ms

[1A[2K[2m[WebServer] [22m[0m[1][0m (node:8056) Warning: The 'NO_COLOR' env is ignored due to the 'FORCE_COLOR' env being set.
[2m[WebServer] [22m[0m[1][0m (Use `node --trace-warnings ...` to show where the warning was created)

[1A[2K[2m[WebServer] [22m[0m[1][0m  POST /api/whiteboard/room/8SC7FOMN/presence 200 in 12ms

[1A[2K[2m[WebServer] [22m[0m[1][0m (node:6856) Warning: The 'NO_COLOR' env is ignored due to the 'FORCE_COLOR' env being set.
[2m[WebServer] [22m[0m[1][0m (Use `node --trace-warnings ...` to show where the warning was created)

[1A[2K[2m[WebServer] [22m[0m[1][0m  POST /api/whiteboard/room/8SC7FOMN/presence 200 in 15ms

[1A[2K[2m[WebServer] [22m[0m[1][0m (node:21084) Warning: The 'NO_COLOR' env is ignored due to the 'FORCE_COLOR' env being set.
[2m[WebServer] [22m[0m[1][0m (Use `node --trace-warnings ...` to show where the warning was created)

[1A[2K[2m[WebServer] [22m[0m[1][0m  POST /api/whiteboard/room/8SC7FOMN/presence 200 in 12ms

[1A[2K[2m[WebServer] [22m[0m[1][0m (node:11208) Warning: The 'NO_COLOR' env is ignored due to the 'FORCE_COLOR' env being set.
[2m[WebServer] [22m[0m[1][0m (Use `node --trace-warnings ...` to show where the warning was created)

[1A[2K[2m[WebServer] [22m[0m[1][0m  POST /api/whiteboard/room/8SC7FOMN/presence 200 in 13ms

[1A[2K[2m[WebServer] [22m[0m[1][0m (node:30936) Warning: The 'NO_COLOR' env is ignored due to the 'FORCE_COLOR' env being set.
[2m[WebServer] [22m[0m[1][0m (Use `node --trace-warnings ...` to show where the warning was created)

[1A[2K[2m[WebServer] [22m[0m[1][0m  POST /api/whiteboard/room/8SC7FOMN/presence 200 in 12ms

[1A[2K[2m[WebServer] [22m[0m[1][0m (node:24164) Warning: The 'NO_COLOR' env is ignored due to the 'FORCE_COLOR' env being set.
[2m[WebServer] [22m[0m[1][0m (Use `node --trace-warnings ...` to show where the warning was created)

[1A[2K[2m[WebServer] [22m[0m[1][0m  POST /api/whiteboard/room/8SC7FOMN/presence 200 in 13ms

[1A[2K[2m[WebServer] [22m[0m[1][0m (node:30248) Warning: The 'NO_COLOR' env is ignored due to the 'FORCE_COLOR' env being set.
[2m[WebServer] [22m[0m[1][0m (Use `node --trace-warnings ...` to show where the warning was created)

[1A[2K[2m[WebServer] [22m[0m[1][0m  POST /api/whiteboard/room/8SC7FOMN/presence 200 in 13ms

[1A[2K[2m[WebServer] [22m[0m[1][0m (node:3620) Warning: The 'NO_COLOR' env is ignored due to the 'FORCE_COLOR' env being set.
[2m[WebServer] [22m[0m[1][0m (Use `node --trace-warnings ...` to show where the warning was created)

[1A[2K[2m[WebServer] [22m[0m[1][0m  POST /api/whiteboard/room/8SC7FOMN/presence 200 in 14ms

[1A[2K[2m[WebServer] [22m[0m[1][0m (node:13660) Warning: The 'NO_COLOR' env is ignored due to the 'FORCE_COLOR' env being set.
[2m[WebServer] [22m[0m[1][0m (Use `node --trace-warnings ...` to show where the warning was created)

[1A[2K[2m[WebServer] [22m[0m[1][0m  POST /api/whiteboard/room/8SC7FOMN/presence 200 in 12ms

[1A[2K[2m[WebServer] [22m[0m[1][0m (node:18284) Warning: The 'NO_COLOR' env is ignored due to the 'FORCE_COLOR' env being set.
[2m[WebServer] [22m[0m[1][0m (Use `node --trace-warnings ...` to show where the warning was created)

[1A[2K[2m[WebServer] [22m[0m[1][0m  POST /api/whiteboard/room/8SC7FOMN/presence 200 in 14ms

[1A[2K[2m[WebServer] [22m[0m[1][0m (node:31748) Warning: The 'NO_COLOR' env is ignored due to the 'FORCE_COLOR' env being set.
[2m[WebServer] [22m[0m[1][0m (Use `node --trace-warnings ...` to show where the warning was created)

[1A[2K[2m[WebServer] [22m[0m[1][0m  POST /api/whiteboard/room/8SC7FOMN/presence 200 in 12ms

[1A[2K[2m[WebServer] [22m[0m[1][0m (node:22176) Warning: The 'NO_COLOR' env is ignored due to the 'FORCE_COLOR' env being set.
[2m[WebServer] [22m[0m[1][0m (Use `node --trace-warnings ...` to show where the warning was created)

[1A[2K[2m[WebServer] [22m[0m[1][0m  POST /api/whiteboard/room/8SC7FOMN/presence 200 in 12ms

[1A[2K[2m[WebServer] [22m[0m[1][0m (node:26944) Warning: The 'NO_COLOR' env is ignored due to the 'FORCE_COLOR' env being set.
[2m[WebServer] [22m[0m[1][0m (Use `node --trace-warnings ...` to show where the warning was created)

[1A[2K[2m[WebServer] [22m[0m[1][0m  POST /api/whiteboard/room/8SC7FOMN/presence 200 in 13ms

[1A[2K[2m[WebServer] [22m[0m[1][0m (node:29168) Warning: The 'NO_COLOR' env is ignored due to the 'FORCE_COLOR' env being set.
[2m[WebServer] [22m[0m[1][0m (Use `node --trace-warnings ...` to show where the warning was created)

[1A[2K[2m[WebServer] [22m[0m[1][0m  POST /api/whiteboard/room/8SC7FOMN/presence 200 in 12ms

[1A[2K[2m[WebServer] [22m[0m[1][0m (node:29108) Warning: The 'NO_COLOR' env is ignored due to the 'FORCE_COLOR' env being set.
[2m[WebServer] [22m[0m[1][0m (Use `node --trace-warnings ...` to show where the warning was created)

[1A[2K[2m[WebServer] [22m[0m[1][0m  POST /api/whiteboard/room/8SC7FOMN/presence 200 in 12ms

[1A[2K[2m[WebServer] [22m[0m[1][0m (node:29480) Warning: The 'NO_COLOR' env is ignored due to the 'FORCE_COLOR' env being set.
[2m[WebServer] [22m[0m[1][0m (Use `node --trace-warnings ...` to show where the warning was created)

[1A[2K[2m[WebServer] [22m[0m[1][0m  POST /api/whiteboard/room/8SC7FOMN/presence 200 in 13ms

[1A[2K[2m[WebServer] [22m[0m[1][0m (node:31268) Warning: The 'NO_COLOR' env is ignored due to the 'FORCE_COLOR' env being set.
[2m[WebServer] [22m[0m[1][0m (Use `node --trace-warnings ...` to show where the warning was created)

[1A[2K[2m[WebServer] [22m[0m[1][0m  POST /api/whiteboard/room/8SC7FOMN/presence 200 in 12ms

[1A[2K[2m[WebServer] [22m[0m[1][0m (node:32652) Warning: The 'NO_COLOR' env is ignored due to the 'FORCE_COLOR' env being set.
[2m[WebServer] [22m[0m[1][0m (Use `node --trace-warnings ...` to show where the warning was created)

[1A[2K[2m[WebServer] [22m[0m[1][0m  POST /api/whiteboard/room/8SC7FOMN/presence 200 in 13ms

[1A[2K[2m[WebServer] [22m[0m[1][0m (node:29484) Warning: The 'NO_COLOR' env is ignored due to the 'FORCE_COLOR' env being set.
[2m[WebServer] [22m[0m[1][0m (Use `node --trace-warnings ...` to show where the warning was created)

[1A[2K[2m[WebServer] [22m[0m[1][0m  POST /api/whiteboard/room/8SC7FOMN/presence 200 in 13ms

[1A[2K[2m[WebServer] [22m[0m[1][0m (node:19044) Warning: The 'NO_COLOR' env is ignored due to the 'FORCE_COLOR' env being set.
[2m[WebServer] [22m[0m[1][0m (Use `node --trace-warnings ...` to show where the warning was created)

[1A[2K[2m[WebServer] [22m[0m[1][0m  POST /api/whiteboard/room/8SC7FOMN/presence 200 in 12ms

[1A[2K[2m[WebServer] [22m[0m[1][0m (node:22748) Warning: The 'NO_COLOR' env is ignored due to the 'FORCE_COLOR' env being set.
[2m[WebServer] [22m[0m[1][0m (Use `node --trace-warnings ...` to show where the warning was created)

[1A[2K[2m[WebServer] [22m[0m[1][0m  POST /api/whiteboard/room/8SC7FOMN/presence 200 in 12ms

[1A[2K[2m[WebServer] [22m[0m[1][0m (node:13232) Warning: The 'NO_COLOR' env is ignored due to the 'FORCE_COLOR' env being set.
[2m[WebServer] [22m[0m[1][0m (Use `node --trace-warnings ...` to show where the warning was created)

[1A[2K[2m[WebServer] [22m[0m[1][0m  POST /api/whiteboard/room/8SC7FOMN/presence 200 in 17ms

[1A[2K[2m[WebServer] [22m[0m[1][0m (node:9432) Warning: The 'NO_COLOR' env is ignored due to the 'FORCE_COLOR' env being set.
[2m[WebServer] [22m[0m[1][0m (Use `node --trace-warnings ...` to show where the warning was created)

[1A[2K[2m[WebServer] [22m[0m[1][0m  POST /api/whiteboard/room/8SC7FOMN/presence 200 in 14ms

[1A[2K[2m[WebServer] [22m[0m[1][0m (node:10328) Warning: The 'NO_COLOR' env is ignored due to the 'FORCE_COLOR' env being set.
[2m[WebServer] [22m[0m[1][0m (Use `node --trace-warnings ...` to show where the warning was created)

[1A[2K  2) [chromium] › tests\e2e\collaboration.spec.ts:372:7 › Excalidraw Collaboration › drawing a pen stroke on one peer appears on the other 

    [31mTest timeout of 60000ms exceeded.[39m

    Error: locator.fill: Test ended.
    Call log:
    [2m  - waiting for getByTestId('whiteboard-username-input')[22m


      58 |   ]);
      59 |   if (nextView === 'prompt' && await usernameInput.isVisible().catch(() => false)) {
    > 60 |     await page.getByTestId('whiteboard-username-input').fill(name);
         |                                                         ^
      61 |     await page.getByTestId('whiteboard-join-room-btn').click();
      62 |   }
      63 |
        at joinExistingRoom (D:\new-projects\teacher-playground\tests\e2e\collaboration.spec.ts:60:57)
        at D:\new-projects\teacher-playground\tests\e2e\collaboration.spec.ts:380:5

    attachment #1: screenshot (image/png) ──────────────────────────────────────────────────────────
    test-results\collaboration-Excalidraw-C-ba215-e-peer-appears-on-the-other-chromium\test-failed-2.png
    ────────────────────────────────────────────────────────────────────────────────────────────────

    attachment #2: screenshot (image/png) ──────────────────────────────────────────────────────────
    test-results\collaboration-Excalidraw-C-ba215-e-peer-appears-on-the-other-chromium\test-failed-1.png
    ────────────────────────────────────────────────────────────────────────────────────────────────

    Error Context: test-results\collaboration-Excalidraw-C-ba215-e-peer-appears-on-the-other-chromium\error-context.md




[1A[2K(node:31236) Warning: The 'NO_COLOR' env is ignored due to the 'FORCE_COLOR' env being set.
(Use `node --trace-warnings ...` to show where the warning was created)


[1A[2K(node:31236) Warning: The 'NO_COLOR' env is ignored due to the 'FORCE_COLOR' env being set.
(Use `node --trace-warnings ...` to show where the warning was created)
[1A[2K[11/69] [chromium] › tests\e2e\collaboration.spec.ts:401:7 › Excalidraw Collaboration › tool switch on one peer highlights the correct button locally
[1A[2K[2m[WebServer] [22m[0m[1][0m  GET /whiteboard 200 in 59ms

[1A[2K[2m[WebServer] [22m[0m[1][0m  POST /api/whiteboard/room/4AZF28PG 200 in 12ms

[1A[2K[2m[WebServer] [22m[0m[1][0m (node:29836) Warning: The 'NO_COLOR' env is ignored due to the 'FORCE_COLOR' env being set.
[2m[WebServer] [22m[0m[1][0m (Use `node --trace-warnings ...` to show where the warning was created)

[1A[2K[2m[WebServer] [22m[0m[1][0m  GET /api/whiteboard/room/4AZF28PG 200 in 10ms

[1A[2K[2m[WebServer] [22m[0m[1][0m  GET /api/whiteboard/room/4AZF28PG 200 in 11ms

[1A[2K[2m[WebServer] [22m[0m[1][0m (node:1716) Warning: The 'NO_COLOR' env is ignored due to the 'FORCE_COLOR' env being set.
[2m[WebServer] [22m[0m[1][0m (Use `node --trace-warnings ...` to show where the warning was created)

[1A[2K[2m[WebServer] [22m[0m[1][0m  POST /api/whiteboard/room/4AZF28PG/presence 200 in 18ms

[1A[2K[2m[WebServer] [22m[0m[1][0m  GET /whiteboard 200 in 21ms

[1A[2K[2m[WebServer] [22m[0m[1][0m (node:7356) Warning: The 'NO_COLOR' env is ignored due to the 'FORCE_COLOR' env being set.
[2m[WebServer] [22m[0m[1][0m (Use `node --trace-warnings ...` to show where the warning was created)

[1A[2K[2m[WebServer] [22m[0m[1][0m  POST /api/whiteboard/room/I94BPP4U 200 in 15ms

[1A[2K[2m[WebServer] [22m[0m[1][0m  GET /api/whiteboard/room/I94BPP4U 200 in 10ms

[1A[2K[2m[WebServer] [22m[0m[1][0m (node:30936) Warning: The 'NO_COLOR' env is ignored due to the 'FORCE_COLOR' env being set.
[2m[WebServer] [22m[0m[1][0m (Use `node --trace-warnings ...` to show where the warning was created)

[1A[2K[2m[WebServer] [22m[0m[1][0m  GET /api/whiteboard/room/I94BPP4U 200 in 10ms

[1A[2K[2m[WebServer] [22m[0m[1][0m (node:9052) Warning: The 'NO_COLOR' env is ignored due to the 'FORCE_COLOR' env being set.
[2m[WebServer] [22m[0m[1][0m (Use `node --trace-warnings ...` to show where the warning was created)

[1A[2K[2m[WebServer] [22m[0m[1][0m  POST /api/whiteboard/room/I94BPP4U/presence 200 in 16ms

[1A[2K[2m[WebServer] [22m[0m[1][0m (node:23460) Warning: The 'NO_COLOR' env is ignored due to the 'FORCE_COLOR' env being set.
[2m[WebServer] [22m[0m[1][0m (Use `node --trace-warnings ...` to show where the warning was created)

[1A[2K[2m[WebServer] [22m[0m[1][0m  POST /api/whiteboard/room/4AZF28PG/presence 200 in 13ms

[1A[2K[2m[WebServer] [22m[0m[1][0m (node:23140) Warning: The 'NO_COLOR' env is ignored due to the 'FORCE_COLOR' env being set.
[2m[WebServer] [22m[0m[1][0m (Use `node --trace-warnings ...` to show where the warning was created)

[1A[2K[2m[WebServer] [22m[0m[1][0m  POST /api/whiteboard/room/I94BPP4U/presence 200 in 12ms

[1A[2K[2m[WebServer] [22m[0m[1][0m (node:31052) Warning: The 'NO_COLOR' env is ignored due to the 'FORCE_COLOR' env being set.
[2m[WebServer] [22m[0m[1][0m (Use `node --trace-warnings ...` to show where the warning was created)

[1A[2K[2m[WebServer] [22m[0m[1][0m  POST /api/whiteboard/room/4AZF28PG/presence 200 in 12ms

[1A[2K[2m[WebServer] [22m[0m[1][0m (node:1868) Warning: The 'NO_COLOR' env is ignored due to the 'FORCE_COLOR' env being set.
[2m[WebServer] [22m[0m[1][0m (Use `node --trace-warnings ...` to show where the warning was created)

[1A[2K[2m[WebServer] [22m[0m[1][0m  POST /api/whiteboard/room/I94BPP4U/presence 200 in 13ms

[1A[2K[2m[WebServer] [22m[0m[1][0m (node:21732) Warning: The 'NO_COLOR' env is ignored due to the 'FORCE_COLOR' env being set.
[2m[WebServer] [22m[0m[1][0m (Use `node --trace-warnings ...` to show where the warning was created)

[1A[2K[2m[WebServer] [22m[0m[1][0m  POST /api/whiteboard/room/4AZF28PG/presence 200 in 13ms

[1A[2K[2m[WebServer] [22m[0m[1][0m (node:28940) Warning: The 'NO_COLOR' env is ignored due to the 'FORCE_COLOR' env being set.
[2m[WebServer] [22m[0m[1][0m (Use `node --trace-warnings ...` to show where the warning was created)

[1A[2K[2m[WebServer] [22m[0m[1][0m  POST /api/whiteboard/room/I94BPP4U/presence 200 in 13ms

[1A[2K[2m[WebServer] [22m[0m[1][0m (node:31140) Warning: The 'NO_COLOR' env is ignored due to the 'FORCE_COLOR' env being set.
[2m[WebServer] [22m[0m[1][0m (Use `node --trace-warnings ...` to show where the warning was created)

[1A[2K[12/69] [chromium] › tests\e2e\collaboration.spec.ts:429:7 › Excalidraw Collaboration › presence panel shows at least one user
[1A[2K[2m[WebServer] [22m[0m[1][0m  GET /whiteboard 200 in 56ms

[1A[2K[2m[WebServer] [22m[0m[1][0m  POST /api/whiteboard/room/6PZGHBZK 200 in 13ms

[1A[2K[2m[WebServer] [22m[0m[1][0m  GET /api/whiteboard/room/6PZGHBZK 200 in 9ms

[1A[2K[2m[WebServer] [22m[0m[1][0m (node:2264) Warning: The 'NO_COLOR' env is ignored due to the 'FORCE_COLOR' env being set.
[2m[WebServer] [22m[0m[1][0m (Use `node --trace-warnings ...` to show where the warning was created)

[1A[2K[2m[WebServer] [22m[0m[1][0m  GET /api/whiteboard/room/6PZGHBZK 200 in 10ms

[1A[2K[2m[WebServer] [22m[0m[1][0m (node:5868) Warning: The 'NO_COLOR' env is ignored due to the 'FORCE_COLOR' env being set.
[2m[WebServer] [22m[0m[1][0m (Use `node --trace-warnings ...` to show where the warning was created)

[1A[2K[2m[WebServer] [22m[0m[1][0m  POST /api/whiteboard/room/6PZGHBZK/presence 200 in 18ms

[1A[2K[2m[WebServer] [22m[0m[1][0m  GET /whiteboard 200 in 19ms

[1A[2K[2m[WebServer] [22m[0m[1][0m (node:20256) Warning: The 'NO_COLOR' env is ignored due to the 'FORCE_COLOR' env being set.
[2m[WebServer] [22m[0m[1][0m (Use `node --trace-warnings ...` to show where the warning was created)

[1A[2K[2m[WebServer] [22m[0m[1][0m  POST /api/whiteboard/room/5ZB0XUXX 200 in 16ms

[1A[2K[2m[WebServer] [22m[0m[1][0m  GET /api/whiteboard/room/5ZB0XUXX 200 in 10ms

[1A[2K[2m[WebServer] [22m[0m[1][0m (node:31468) Warning: The 'NO_COLOR' env is ignored due to the 'FORCE_COLOR' env being set.
[2m[WebServer] [22m[0m[1][0m (Use `node --trace-warnings ...` to show where the warning was created)

[1A[2K[2m[WebServer] [22m[0m[1][0m  GET /api/whiteboard/room/5ZB0XUXX 200 in 11ms

[1A[2K[2m[WebServer] [22m[0m[1][0m 

[1A[2K[2m[WebServer] [22m(node:13232) Warning: The 'NO_COLOR' env is ignored due to the 'FORCE_COLOR' env being set.
[2m[WebServer] [22m[0m[1][0m (Use `node --trace-warnings ...` to show where the warning was created)

[1A[2K[2m[WebServer] [22m[0m[1][0m  POST /api/whiteboard/room/5ZB0XUXX/presence 200 in 18ms

[1A[2K[2m[WebServer] [22m[0m[1][0m (node:22612) Warning: The 'NO_COLOR' env is ignored due to the 'FORCE_COLOR' env being set.
[2m[WebServer] [22m[0m[1][0m (Use `node --trace-warnings ...` to show where the warning was created)

[1A[2K[2m[WebServer] [22m[0m[1][0m  POST /api/whiteboard/room/6PZGHBZK/presence 200 in 13ms

[1A[2K[2m[WebServer] [22m[0m[1][0m (node:26708) Warning: The 'NO_COLOR' env is ignored due to the 'FORCE_COLOR' env being set.
[2m[WebServer] [22m[0m[1][0m (Use `node --trace-warnings ...` to show where the warning was created)

[1A[2K[2m[WebServer] [22m[0m[1][0m  POST /api/whiteboard/room/5ZB0XUXX/presence 200 in 13ms

[1A[2K[2m[WebServer] [22m[0m[1][0m (node:23228) Warning: The 'NO_COLOR' env is ignored due to the 'FORCE_COLOR' env being set.
[2m[WebServer] [22m[0m[1][0m (Use `node --trace-warnings ...` to show where the warning was created)

[1A[2K[2m[WebServer] [22m[0m[1][0m  POST /api/whiteboard/room/6PZGHBZK/presence 200 in 14ms

[1A[2K[2m[WebServer] [22m[0m[1][0m (node:17696) Warning: The 'NO_COLOR' env is ignored due to the 'FORCE_COLOR' env being set.
[2m[WebServer] [22m[0m[1][0m (Use `node --trace-warnings ...` to show where the warning was created)

[1A[2K[2m[WebServer] [22m[0m[1][0m  POST /api/whiteboard/room/5ZB0XUXX/presence 200 in 12ms

[1A[2K[2m[WebServer] [22m[0m[1][0m (node:31552) Warning: The 'NO_COLOR' env is ignored due to the 'FORCE_COLOR' env being set.
[2m[WebServer] [22m[0m[1][0m (Use `node --trace-warnings ...` to show where the warning was created)

[1A[2K[2m[WebServer] [22m[0m[1][0m  POST /api/whiteboard/room/6PZGHBZK/presence 200 in 13ms

[1A[2K[2m[WebServer] [22m[0m[1][0m (node:31084) Warning: The 'NO_COLOR' env is ignored due to the 'FORCE_COLOR' env being set.
[2m[WebServer] [22m[0m[1][0m (Use `node --trace-warnings ...` to show where the warning was created)

[1A[2K[2m[WebServer] [22m[0m[1][0m  POST /api/whiteboard/room/5ZB0XUXX/presence 200 in 12ms

[1A[2K[2m[WebServer] [22m[0m[1][0m (node:21052) Warning: The 'NO_COLOR' env is ignored due to the 'FORCE_COLOR' env being set.
[2m[WebServer] [22m[0m[1][0m (Use `node --trace-warnings ...` to show where the warning was created)

[1A[2K[2m[WebServer] [22m[0m[1][0m  POST /api/whiteboard/room/6PZGHBZK/presence 200 in 18ms

[1A[2K[2m[WebServer] [22m[0m[1][0m (node:32256) Warning: The 'NO_COLOR' env is ignored due to the 'FORCE_COLOR' env being set.
[2m[WebServer] [22m[0m[1][0m (Use `node --trace-warnings ...` to show where the warning was created)

[1A[2K[2m[WebServer] [22m[0m[1][0m  POST /api/whiteboard/room/5ZB0XUXX/presence 200 in 13ms

[1A[2K[2m[WebServer] [22m[0m[1][0m (node:29708) Warning: The 'NO_COLOR' env is ignored due to the 'FORCE_COLOR' env being set.
[2m[WebServer] [22m[0m[1][0m (Use `node --trace-warnings ...` to show where the warning was created)

[1A[2K[2m[WebServer] [22m[0m[1][0m  POST /api/whiteboard/room/6PZGHBZK/presence 200 in 12ms

[1A[2K[2m[WebServer] [22m[0m[1][0m (node:21508) Warning: The 'NO_COLOR' env is ignored due to the 'FORCE_COLOR' env being set.
[2m[WebServer] [22m[0m[1][0m (Use `node --trace-warnings ...` to show where the warning was created)

[1A[2K[2m[WebServer] [22m[0m[1][0m  POST /api/whiteboard/room/5ZB0XUXX/presence 200 in 17ms

[1A[2K[13/69] [chromium] › tests\e2e\collaboration.spec.ts:447:7 › Excalidraw Collaboration › provider status reflects disconnect and reconnect
[1A[2K[2m[WebServer] [22m[0m[1][0m (node:6448) Warning: The 'NO_COLOR' env is ignored due to the 'FORCE_COLOR' env being set.
[2m[WebServer] [22m[0m[1][0m (Use `node --trace-warnings ...` to show where the warning was created)

[1A[2K[2m[WebServer] [22m[0m[1][0m  GET /whiteboard 200 in 32ms

[1A[2K[2m[WebServer] [22m[0m[1][0m  POST /api/whiteboard/room/1YZSDXTK 200 in 13ms

[1A[2K[2m[WebServer] [22m[0m[1][0m (node:26356) Warning: The 'NO_COLOR' env is ignored due to the 'FORCE_COLOR' env being set.
[2m[WebServer] [22m[0m[1][0m (Use `node --trace-warnings ...` to show where the warning was created)

[1A[2K[2m[WebServer] [22m[0m[1][0m  GET /api/whiteboard/room/1YZSDXTK 200 in 10ms

[1A[2K[2m[WebServer] [22m[0m[1][0m (node:1620) Warning: The 'NO_COLOR' env is ignored due to the 'FORCE_COLOR' env being set.
[2m[WebServer] [22m[0m[1][0m (Use `node --trace-warnings ...` to show where the warning was created)

[1A[2K[2m[WebServer] [22m[0m[1][0m  GET /api/whiteboard/room/1YZSDXTK 200 in 10ms

[1A[2K[2m[WebServer] [22m[0m[1][0m  POST /api/whiteboard/room/1YZSDXTK/presence 200 in 15ms

[1A[2K[2m[WebServer] [22m[0m[1][0m (node:32456) Warning: The 'NO_COLOR' env is ignored due to the 'FORCE_COLOR' env being set.
[2m[WebServer] [22m[0m[1][0m (Use `node --trace-warnings ...` to show where the warning was created)

[1A[2K[2m[WebServer] [22m[0m[1][0m  POST /api/whiteboard/room/1YZSDXTK/presence 200 in 13ms

[1A[2K[2m[WebServer] [22m[0m[1][0m  DELETE /api/whiteboard/room/1YZSDXTK/presence?peerId=user-t39jnjv 200 in 20ms

[1A[2K[2m[WebServer] [22m[0m[1][0m (node:13680) Warning: The 'NO_COLOR' env is ignored due to the 'FORCE_COLOR' env being set.
[2m[WebServer] [22m[0m[1][0m (Use `node --trace-warnings ...` to show where the warning was created)

[1A[2K  3) [chromium] › tests\e2e\collaboration.spec.ts:447:7 › Excalidraw Collaboration › provider status reflects disconnect and reconnect 

    Error: [2mexpect([22m[31mreceived[39m[2m).[22mtoMatchObject[2m([22m[32mexpected[39m[2m)[22m

    [32m- Expected  - 1[39m
    [31m+ Received  + 1[39m

    [2m  Object {[22m
    [2m    "isConnected": false,[22m
    [2m    "providerConnected": false,[22m
    [2m    "providerShouldConnect": false,[22m
    [32m-   "status": "disconnected",[39m
    [31m+   "status": "synced",[39m
    [2m  }[22m

    Call Log:
    - Timeout 10000ms exceeded while waiting on the predicate

      459 |     await expect
      460 |       .poll(async () => await getCollaborationState(page), { timeout: 10000 })
    > 461 |       .toMatchObject({
          |        ^
      462 |         status: 'disconnected',
      463 |         isConnected: false,
      464 |         providerConnected: false,
        at D:\new-projects\teacher-playground\tests\e2e\collaboration.spec.ts:461:8

    attachment #1: screenshot (image/png) ──────────────────────────────────────────────────────────
    test-results\collaboration-Excalidraw-C-0d5ea-ts-disconnect-and-reconnect-chromium\test-failed-1.png
    ────────────────────────────────────────────────────────────────────────────────────────────────

    attachment #2: video (video/webm) ──────────────────────────────────────────────────────────────
    test-results\collaboration-Excalidraw-C-0d5ea-ts-disconnect-and-reconnect-chromium\video.webm
    ────────────────────────────────────────────────────────────────────────────────────────────────

    Error Context: test-results\collaboration-Excalidraw-C-0d5ea-ts-disconnect-and-reconnect-chromium\error-context.md




[1A[2K(node:31140) Warning: The 'NO_COLOR' env is ignored due to the 'FORCE_COLOR' env being set.
(Use `node --trace-warnings ...` to show where the warning was created)


[1A[2K(node:31140) Warning: The 'NO_COLOR' env is ignored due to the 'FORCE_COLOR' env being set.
(Use `node --trace-warnings ...` to show where the warning was created)
[1A[2K[14/69] [chromium] › tests\e2e\collaboration.spec.ts:477:7 › Excalidraw Collaboration › disconnected peer catches up from API fallback
[1A[2K[2m[WebServer] [22m[0m[1][0m  GET /whiteboard 200 in 83ms

[1A[2K[2m[WebServer] [22m[0m[1][0m  POST /api/whiteboard/room/M32N2YEX 200 in 13ms

[1A[2K[2m[WebServer] [22m[0m[1][0m (node:29252) Warning: The 'NO_COLOR' env is ignored due to the 'FORCE_COLOR' env being set.
[2m[WebServer] [22m[0m[1][0m (Use `node --trace-warnings ...` to show where the warning was created)

[1A[2K[2m[WebServer] [22m[0m[1][0m  GET /api/whiteboard/room/M32N2YEX 200 in 9ms

[1A[2K[2m[WebServer] [22m[0m[1][0m (node:31468) Warning: The 'NO_COLOR' env is ignored due to the 'FORCE_COLOR' env being set.
[2m[WebServer] [22m[0m[1][0m (Use `node --trace-warnings ...` to show where the warning was created)

[1A[2K[2m[WebServer] [22m[0m[1][0m  GET /api/whiteboard/room/M32N2YEX 200 in 10ms

[1A[2K[2m[WebServer] [22m[0m[1][0m  POST /api/whiteboard/room/M32N2YEX/presence 200 in 15ms

[1A[2K[2m[WebServer] [22m[0m[1][0m  GET /whiteboard/M32N2YEX 200 in 17ms

[1A[2K[2m[WebServer] [22m[0m[1][0m (node:30744) Warning: The 'NO_COLOR' env is ignored due to the 'FORCE_COLOR' env being set.
[2m[WebServer] [22m[0m[1][0m (Use `node --trace-warnings ...` to show where the warning was created)

[1A[2K[2m[WebServer] [22m[0m[1][0m  GET /api/whiteboard/room/M32N2YEX 200 in 14ms

[1A[2K[2m[WebServer] [22m[0m[1][0m  GET /api/whiteboard/room/M32N2YEX 200 in 13ms

[1A[2K[2m[WebServer] [22m[0m[1][0m  POST /api/whiteboard/room/M32N2YEX/presence 200 in 29ms

[1A[2K[2m[WebServer] [22m[0m[1][0m (node:24436) Warning: The 'NO_COLOR' env is ignored due to the 'FORCE_COLOR' env being set.
[2m[WebServer] [22m[0m[1][0m (Use `node --trace-warnings ...` to show where the warning was created)

[1A[2K[2m[WebServer] [22m[0m[1][0m (node:17696) Warning: The 'NO_COLOR' env is ignored due to the 'FORCE_COLOR' env being set.
[2m[WebServer] [22m[0m[1][0m (Use `node --trace-warnings ...` to show where the warning was created)

[1A[2K[2m[WebServer] [22m[0m[1][0m  POST /api/whiteboard/room/M32N2YEX/presence 200 in 13ms

[1A[2K[2m[WebServer] [22m[0m[1][0m (node:16660) Warning: The 'NO_COLOR' env is ignored due to the 'FORCE_COLOR' env being set.
[2m[WebServer] [22m[0m[1][0m (Use `node --trace-warnings ...` to show where the warning was created)

[1A[2K[2m[WebServer] [22m[0m[1][0m  POST /api/whiteboard/room/M32N2YEX/presence 200 in 12ms

[1A[2K[2m[WebServer] [22m[0m[1][0m (node:17876) Warning: The 'NO_COLOR' env is ignored due to the 'FORCE_COLOR' env being set.
[2m[WebServer] [22m[0m[1][0m (Use `node --trace-warnings ...` to show where the warning was created)

[1A[2K[2m[WebServer] [22m[0m[1][0m  POST /api/whiteboard/room/M32N2YEX/presence 200 in 13ms

[1A[2K[2m[WebServer] [22m[0m[1][0m (node:24532) Warning: The 'NO_COLOR' env is ignored due to the 'FORCE_COLOR' env being set.
[2m[WebServer] [22m[0m[1][0m (Use `node --trace-warnings ...` to show where the warning was created)

[1A[2K[2m[WebServer] [22m[0m[1][0m  POST /api/whiteboard/room/M32N2YEX/presence 200 in 12ms

[1A[2K[2m[WebServer] [22m[0m[1][0m (node:3292) Warning: The 'NO_COLOR' env is ignored due to the 'FORCE_COLOR' env being set.
[2m[WebServer] [22m[0m[1][0m (Use `node --trace-warnings ...` to show where the warning was created)

[1A[2K[2m[WebServer] [22m[0m[1][0m  POST /api/whiteboard/room/M32N2YEX/presence 200 in 13ms

[1A[2K[2m[WebServer] [22m[0m[1][0m (node:16240) Warning: The 'NO_COLOR' env is ignored due to the 'FORCE_COLOR' env being set.
[2m[WebServer] [22m[0m[1][0m (Use `node --trace-warnings ...` to show where the warning was created)

[1A[2K[2m[WebServer] [22m[0m[1][0m  POST /api/whiteboard/room/M32N2YEX/presence 200 in 13ms

[1A[2K[2m[WebServer] [22m[0m[1][0m (node:10484) Warning: The 'NO_COLOR' env is ignored due to the 'FORCE_COLOR' env being set.
[2m[WebServer] [22m[0m[1][0m (Use `node --trace-warnings ...` to show where the warning was created)

[1A[2K[2m[WebServer] [22m[0m[1][0m  POST /api/whiteboard/room/M32N2YEX/presence 200 in 13ms

[1A[2K[2m[WebServer] [22m[0m[1][0m (node:6908) Warning: The 'NO_COLOR' env is ignored due to the 'FORCE_COLOR' env being set.
[2m[WebServer] [22m[0m[1][0m (Use `node --trace-warnings ...` to show where the warning was created)

[1A[2K[2m[WebServer] [22m[0m[1][0m  POST /api/whiteboard/room/M32N2YEX/presence 200 in 12ms

[1A[2K[2m[WebServer] [22m[0m[1][0m (node:1820) Warning: The 'NO_COLOR' env is ignored due to the 'FORCE_COLOR' env being set.
[2m[WebServer] [22m[0m[1][0m (Use `node --trace-warnings ...` to show where the warning was created)

[1A[2K[2m[WebServer] [22m[0m[1][0m  POST /api/whiteboard/room/M32N2YEX/presence 200 in 13ms

[1A[2K[2m[WebServer] [22m[0m[1][0m (node:6856) Warning: The 'NO_COLOR' env is ignored due to the 'FORCE_COLOR' env being set.
[2m[WebServer] [22m[0m[1][0m (Use `node --trace-warnings ...` to show where the warning was created)

[1A[2K[2m[WebServer] [22m[0m[1][0m  POST /api/whiteboard/room/M32N2YEX/presence 200 in 13ms

[1A[2K[2m[WebServer] [22m[0m[1][0m (node:4460) Warning: The 'NO_COLOR' env is ignored due to the 'FORCE_COLOR' env being set.
[2m[WebServer] [22m[0m[1][0m (Use `node --trace-warnings ...` to show where the warning was created)

[1A[2K[2m[WebServer] [22m[0m[1][0m  POST /api/whiteboard/room/M32N2YEX/presence 200 in 13ms

[1A[2K[2m[WebServer] [22m[0m[1][0m (node:13688) Warning: The 'NO_COLOR' env is ignored due to the 'FORCE_COLOR' env being set.
[2m[WebServer] [22m[0m[1][0m (Use `node --trace-warnings ...` to show where the warning was created)

[1A[2K[2m[WebServer] [22m[0m[1][0m  POST /api/whiteboard/room/M32N2YEX/presence 200 in 13ms

[1A[2K[2m[WebServer] [22m[0m[1][0m (node:24812) Warning: The 'NO_COLOR' env is ignored due to the 'FORCE_COLOR' env being set.
[2m[WebServer] [22m[0m[1][0m (Use `node --trace-warnings ...` to show where the warning was created)

[1A[2K[2m[WebServer] [22m[0m[1][0m  POST /api/whiteboard/room/M32N2YEX/presence 200 in 15ms

[1A[2K[2m[WebServer] [22m[0m[1][0m (node:5536) Warning: The 'NO_COLOR' env is ignored due to the 'FORCE_COLOR' env being set.
[2m[WebServer] [22m[0m[1][0m (Use `node --trace-warnings ...` to show where the warning was created)

[1A[2K[2m[WebServer] [22m[0m[1][0m  POST /api/whiteboard/room/M32N2YEX/presence 200 in 12ms

[1A[2K[2m[WebServer] [22m[0m[1][0m (node:29836) Warning: The 'NO_COLOR' env is ignored due to the 'FORCE_COLOR' env being set.
[2m[WebServer] [22m[0m[1][0m (Use `node --trace-warnings ...` to show where the warning was created)

[1A[2K[2m[WebServer] [22m[0m[1][0m  POST /api/whiteboard/room/M32N2YEX/presence 200 in 13ms

[1A[2K[2m[WebServer] [22m[0m[1][0m (node:29504) Warning: The 'NO_COLOR' env is ignored due to the 'FORCE_COLOR' env being set.
[2m[WebServer] [22m[0m[1][0m (Use `node --trace-warnings ...` to show where the warning was created)

[1A[2K[2m[WebServer] [22m[0m[1][0m  POST /api/whiteboard/room/M32N2YEX/presence 200 in 13ms

[1A[2K[2m[WebServer] [22m[0m[1][0m (node:32292) Warning: The 'NO_COLOR' env is ignored due to the 'FORCE_COLOR' env being set.
[2m[WebServer] [22m[0m[1][0m (Use `node --trace-warnings ...` to show where the warning was created)

[1A[2K[2m[WebServer] [22m[0m[1][0m  POST /api/whiteboard/room/M32N2YEX/presence 200 in 14ms

[1A[2K[2m[WebServer] [22m[0m[1][0m (node:4668) Warning: The 'NO_COLOR' env is ignored due to the 'FORCE_COLOR' env being set.
[2m[WebServer] [22m[0m[1][0m (Use `node --trace-warnings ...` to show where the warning was created)

[1A[2K[2m[WebServer] [22m[0m[1][0m  POST /api/whiteboard/room/M32N2YEX/presence 200 in 13ms

[1A[2K[2m[WebServer] [22m[0m[1][0m (node:31144) Warning: The 'NO_COLOR' env is ignored due to the 'FORCE_COLOR' env being set.
[2m[WebServer] [22m[0m[1][0m (Use `node --trace-warnings ...` to show where the warning was created)

[1A[2K[2m[WebServer] [22m[0m[1][0m  POST /api/whiteboard/room/M32N2YEX/presence 200 in 12ms

[1A[2K[2m[WebServer] [22m[0m[1][0m (node:22144) Warning: The 'NO_COLOR' env is ignored due to the 'FORCE_COLOR' env being set.
[2m[WebServer] [22m[0m[1][0m (Use `node --trace-warnings ...` to show where the warning was created)

[1A[2K[2m[WebServer] [22m[0m[1][0m  POST /api/whiteboard/room/M32N2YEX/presence 200 in 12ms

[1A[2K[2m[WebServer] [22m[0m[1][0m (node:15744) Warning: The 'NO_COLOR' env is ignored due to the 'FORCE_COLOR' env being set.
[2m[WebServer] [22m[0m[1][0m (Use `node --trace-warnings ...` to show where the warning was created)

[1A[2K[2m[WebServer] [22m[0m[1][0m  POST /api/whiteboard/room/M32N2YEX/presence 200 in 13ms

[1A[2K[2m[WebServer] [22m[0m[1][0m (node:21200) Warning: The 'NO_COLOR' env is ignored due to the 'FORCE_COLOR' env being set.
[2m[WebServer] [22m[0m[1][0m (Use `node --trace-warnings ...` to show where the warning was created)

[1A[2K[2m[WebServer] [22m[0m[1][0m  POST /api/whiteboard/room/M32N2YEX/presence 200 in 13ms

[1A[2K[2m[WebServer] [22m[0m[1][0m (node:32684) Warning: The 'NO_COLOR' env is ignored due to the 'FORCE_COLOR' env being set.
[2m[WebServer] [22m[0m[1][0m (Use `node --trace-warnings ...` to show where the warning was created)

[1A[2K[2m[WebServer] [22m[0m[1][0m  POST /api/whiteboard/room/M32N2YEX/presence 200 in 13ms

[1A[2K[2m[WebServer] [22m[0m[1][0m (node:31732) Warning: The 'NO_COLOR' env is ignored due to the 'FORCE_COLOR' env being set.
[2m[WebServer] [22m[0m[1][0m (Use `node --trace-warnings ...` to show where the warning was created)

[1A[2K[2m[WebServer] [22m[0m[1][0m  POST /api/whiteboard/room/M32N2YEX/presence 200 in 13ms

[1A[2K[2m[WebServer] [22m[0m[1][0m (node:32632) Warning: The 'NO_COLOR' env is ignored due to the 'FORCE_COLOR' env being set.
[2m[WebServer] [22m[0m[1][0m (Use `node --trace-warnings ...` to show where the warning was created)

[1A[2K[2m[WebServer] [22m[0m[1][0m  POST /api/whiteboard/room/M32N2YEX/presence 200 in 15ms

[1A[2K[2m[WebServer] [22m[0m[1][0m (node:7840) Warning: The 'NO_COLOR' env is ignored due to the 'FORCE_COLOR' env being set.
[2m[WebServer] [22m[0m[1][0m (Use `node --trace-warnings ...` to show where the warning was created)

[1A[2K[2m[WebServer] [22m[0m[1][0m  POST /api/whiteboard/room/M32N2YEX/presence 200 in 12ms

[1A[2K[2m[WebServer] [22m[0m[1][0m (node:13292) Warning: The 'NO_COLOR' env is ignored due to the 'FORCE_COLOR' env being set.
[2m[WebServer] [22m[0m[1][0m (Use `node --trace-warnings ...` to show where the warning was created)

[1A[2K[2m[WebServer] [22m[0m[1][0m  POST /api/whiteboard/room/M32N2YEX/presence 200 in 12ms

[1A[2K[2m[WebServer] [22m[0m[1][0m (node:23572) Warning: The 'NO_COLOR' env is ignored due to the 'FORCE_COLOR' env being set.
[2m[WebServer] [22m[0m[1][0m (Use `node --trace-warnings ...` to show where the warning was created)

[1A[2K[2m[WebServer] [22m[0m[1][0m  POST /api/whiteboard/room/M32N2YEX/presence 200 in 12ms

[1A[2K[2m[WebServer] [22m[0m[1][0m (node:24480) Warning: The 'NO_COLOR' env is ignored due to the 'FORCE_COLOR' env being set.
[2m[WebServer] [22m[0m[1][0m (Use `node --trace-warnings ...` to show where the warning was created)

[1A[2K[2m[WebServer] [22m[0m[1][0m  POST /api/whiteboard/room/M32N2YEX/presence 200 in 12ms

[1A[2K[2m[WebServer] [22m[0m[1][0m (node:4856) Warning: The 'NO_COLOR' env is ignored due to the 'FORCE_COLOR' env being set.
[2m[WebServer] [22m[0m[1][0m (Use `node --trace-warnings ...` to show where the warning was created)

[1A[2K[2m[WebServer] [22m[0m[1][0m  POST /api/whiteboard/room/M32N2YEX/presence 200 in 11ms

[1A[2K[2m[WebServer] [22m[0m[1][0m (node:6320) Warning: The 'NO_COLOR' env is ignored due to the 'FORCE_COLOR' env being set.
[2m[WebServer] [22m[0m[1][0m (Use `node --trace-warnings ...` to show where the warning was created)

[1A[2K[2m[WebServer] [22m[0m[1][0m  POST /api/whiteboard/room/M32N2YEX/presence 200 in 12ms

[1A[2K[2m[WebServer] [22m[0m[1][0m (node:32232) Warning: The 'NO_COLOR' env is ignored due to the 'FORCE_COLOR' env being set.
[2m[WebServer] [22m[0m[1][0m (Use `node --trace-warnings ...` to show where the warning was created)

[1A[2K[2m[WebServer] [22m[0m[1][0m  POST /api/whiteboard/room/M32N2YEX/presence 200 in 13ms

[1A[2K[2m[WebServer] [22m[0m[1][0m (node:10632) Warning: The 'NO_COLOR' env is ignored due to the 'FORCE_COLOR' env being set.
[2m[WebServer] [22m[0m[1][0m (Use `node --trace-warnings ...` to show where the warning was created)

[1A[2K[2m[WebServer] [22m[0m[1][0m  POST /api/whiteboard/room/M32N2YEX/presence 200 in 12ms

[1A[2K[2m[WebServer] [22m[0m[1][0m (node:20764) Warning: The 'NO_COLOR' env is ignored due to the 'FORCE_COLOR' env being set.
[2m[WebServer] [22m[0m[1][0m (Use `node --trace-warnings ...` to show where the warning was created)

[1A[2K[2m[WebServer] [22m[0m[1][0m  POST /api/whiteboard/room/M32N2YEX/presence 200 in 13ms

[1A[2K[2m[WebServer] [22m[0m[1][0m (node:9636) Warning: The 'NO_COLOR' env is ignored due to the 'FORCE_COLOR' env being set.
[2m[WebServer] [22m[0m[1][0m (Use `node --trace-warnings ...` to show where the warning was created)

[1A[2K[2m[WebServer] [22m[0m[1][0m  POST /api/whiteboard/room/M32N2YEX/presence 200 in 11ms

[1A[2K[2m[WebServer] [22m[0m[1][0m (node:6828) Warning: The 'NO_COLOR' env is ignored due to the 'FORCE_COLOR' env being set.
[2m[WebServer] [22m[0m[1][0m (Use `node --trace-warnings ...` to show where the warning was created)

[1A[2K[2m[WebServer] [22m[0m[1][0m  POST /api/whiteboard/room/M32N2YEX/presence 200 in 12ms

[1A[2K[2m[WebServer] [22m[0m[1][0m (node:27564) Warning: The 'NO_COLOR' env is ignored due to the 'FORCE_COLOR' env being set.
[2m[WebServer] [22m[0m[1][0m (Use `node --trace-warnings ...` to show where the warning was created)

[1A[2K[2m[WebServer] [22m[0m[1][0m  POST /api/whiteboard/room/M32N2YEX/presence 200 in 13ms

[1A[2K[2m[WebServer] [22m[0m[1][0m (node:26908) Warning: The 'NO_COLOR' env is ignored due to the 'FORCE_COLOR' env being set.
[2m[WebServer] [22m[0m[1][0m (Use `node --trace-warnings ...` to show where the warning was created)

[1A[2K[2m[WebServer] [22m[0m[1][0m  POST /api/whiteboard/room/M32N2YEX/presence 200 in 14ms

[1A[2K[2m[WebServer] [22m[0m[1][0m (node:13972) Warning: The 'NO_COLOR' env is ignored due to the 'FORCE_COLOR' env being set.
[2m[WebServer] [22m[0m[1][0m (Use `node --trace-warnings ...` to show where the warning was created)

[1A[2K[2m[WebServer] [22m[0m[1][0m  POST /api/whiteboard/room/M32N2YEX/presence 200 in 12ms

[1A[2K[2m[WebServer] [22m[0m[1][0m (node:17292) Warning: The 'NO_COLOR' env is ignored due to the 'FORCE_COLOR' env being set.
[2m[WebServer] [22m[0m[1][0m (Use `node --trace-warnings ...` to show where the warning was created)

[1A[2K[2m[WebServer] [22m[0m[1][0m  POST /api/whiteboard/room/M32N2YEX/presence 200 in 13ms

[1A[2K[2m[WebServer] [22m[0m[1][0m (node:24876) Warning: The 'NO_COLOR' env is ignored due to the 'FORCE_COLOR' env being set.
[2m[WebServer] [22m[0m[1][0m (Use `node --trace-warnings ...` to show where the warning was created)

[1A[2K[2m[WebServer] [22m[0m[1][0m  POST /api/whiteboard/room/M32N2YEX/presence 200 in 13ms

[1A[2K[2m[WebServer] [22m[0m[1][0m (node:26724) Warning: The 'NO_COLOR' env is ignored due to the 'FORCE_COLOR' env being set.
[2m[WebServer] [22m[0m[1][0m (Use `node --trace-warnings ...` to show where the warning was created)

[1A[2K[2m[WebServer] [22m[0m[1][0m  POST /api/whiteboard/room/M32N2YEX/presence 200 in 13ms

[1A[2K[2m[WebServer] [22m[0m[1][0m (node:22752) Warning: The 'NO_COLOR' env is ignored due to the 'FORCE_COLOR' env being set.
[2m[WebServer] [22m[0m[1][0m (Use `node --trace-warnings ...` to show where the warning was created)

[1A[2K[2m[WebServer] [22m[0m[1][0m  POST /api/whiteboard/room/M32N2YEX/presence 200 in 12ms

[1A[2K[2m[WebServer] [22m[0m[1][0m (node:32340) Warning: The 'NO_COLOR' env is ignored due to the 'FORCE_COLOR' env being set.
[2m[WebServer] [22m[0m[1][0m (Use `node --trace-warnings ...` to show where the warning was created)

[1A[2K[2m[WebServer] [22m[0m[1][0m  POST /api/whiteboard/room/M32N2YEX/presence 200 in 12ms

[1A[2K[2m[WebServer] [22m[0m[1][0m (node:17892) Warning: The 'NO_COLOR' env is ignored due to the 'FORCE_COLOR' env being set.
[2m[WebServer] [22m[0m[1][0m (Use `node --trace-warnings ...` to show where the warning was created)

[1A[2K[2m[WebServer] [22m[0m[1][0m  POST /api/whiteboard/room/M32N2YEX/presence 200 in 13ms

[1A[2K[2m[WebServer] [22m[0m[1][0m (node:30032) Warning: The 'NO_COLOR' env is ignored due to the 'FORCE_COLOR' env being set.
[2m[WebServer] [22m[0m[1][0m (Use `node --trace-warnings ...` to show where the warning was created)

[1A[2K[2m[WebServer] [22m[0m[1][0m  POST /api/whiteboard/room/M32N2YEX/presence 200 in 13ms

[1A[2K[2m[WebServer] [22m[0m[1][0m (node:31164) Warning: The 'NO_COLOR' env is ignored due to the 'FORCE_COLOR' env being set.
[2m[WebServer] [22m[0m[1][0m (Use `node --trace-warnings ...` to show where the warning was created)

[1A[2K[2m[WebServer] [22m[0m[1][0m  POST /api/whiteboard/room/M32N2YEX/presence 200 in 12ms

[1A[2K[2m[WebServer] [22m[0m[1][0m (node:6464) Warning: The 'NO_COLOR' env is ignored due to the 'FORCE_COLOR' env being set.
[2m[WebServer] [22m[0m[1][0m (Use `node --trace-warnings ...` to show where the warning was created)

[1A[2K[2m[WebServer] [22m[0m[1][0m  POST /api/whiteboard/room/M32N2YEX/presence 200 in 12ms

[1A[2K[2m[WebServer] [22m[0m[1][0m (node:19276) Warning: The 'NO_COLOR' env is ignored due to the 'FORCE_COLOR' env being set.
[2m[WebServer] [22m[0m[1][0m (Use `node --trace-warnings ...` to show where the warning was created)

[1A[2K[2m[WebServer] [22m[0m[1][0m  POST /api/whiteboard/room/M32N2YEX/presence 200 in 13ms

[1A[2K[2m[WebServer] [22m[0m[1][0m (node:28456) Warning: The 'NO_COLOR' env is ignored due to the 'FORCE_COLOR' env being set.
[2m[WebServer] [22m[0m[1][0m (Use `node --trace-warnings ...` to show where the warning was created)

[1A[2K[2m[WebServer] [22m[0m[1][0m  POST /api/whiteboard/room/M32N2YEX/presence 200 in 16ms

[1A[2K[2m[WebServer] [22m[0m[1][0m (node:32272) Warning: The 'NO_COLOR' env is ignored due to the 'FORCE_COLOR' env being set.
[2m[WebServer] [22m[0m[1][0m (Use `node --trace-warnings ...` to show where the warning was created)

[1A[2K[2m[WebServer] [22m[0m[1][0m  POST /api/whiteboard/room/M32N2YEX/presence 200 in 14ms

[1A[2K[2m[WebServer] [22m[0m[1][0m (node:10944) Warning: The 'NO_COLOR' env is ignored due to the 'FORCE_COLOR' env being set.
[2m[WebServer] [22m[0m[1][0m (Use `node --trace-warnings ...` to show where the warning was created)

[1A[2K[2m[WebServer] [22m[0m[1][0m  POST /api/whiteboard/room/M32N2YEX/presence 200 in 13ms

[1A[2K[2m[WebServer] [22m[0m[1][0m (node:5776) Warning: The 'NO_COLOR' env is ignored due to the 'FORCE_COLOR' env being set.
[2m[WebServer] [22m[0m[1][0m (Use `node --trace-warnings ...` to show where the warning was created)

[1A[2K[2m[WebServer] [22m[0m[1][0m  POST /api/whiteboard/room/M32N2YEX/presence 200 in 12ms

[1A[2K[2m[WebServer] [22m[0m[1][0m (node:4404) Warning: The 'NO_COLOR' env is ignored due to the 'FORCE_COLOR' env being set.
[2m[WebServer] [22m[0m[1][0m (Use `node --trace-warnings ...` to show where the warning was created)

[1A[2K[2m[WebServer] [22m[0m[1][0m  POST /api/whiteboard/room/M32N2YEX/presence 200 in 13ms

[1A[2K[2m[WebServer] [22m[0m[1][0m (node:11800) Warning: The 'NO_COLOR' env is ignored due to the 'FORCE_COLOR' env being set.
[2m[WebServer] [22m[0m[1][0m (Use `node --trace-warnings ...` to show where the warning was created)

[1A[2K[2m[WebServer] [22m[0m[1][0m  POST /api/whiteboard/room/M32N2YEX/presence 200 in 13ms

[1A[2K[2m[WebServer] [22m[0m[1][0m (node:28924) Warning: The 'NO_COLOR' env is ignored due to the 'FORCE_COLOR' env being set.
[2m[WebServer] [22m[0m[1][0m (Use `node --trace-warnings ...` to show where the warning was created)

[1A[2K[2m[WebServer] [22m[0m[1][0m  POST /api/whiteboard/room/M32N2YEX/presence 200 in 12ms

[1A[2K[2m[WebServer] [22m[0m[1][0m (node:28888) Warning: The 'NO_COLOR' env is ignored due to the 'FORCE_COLOR' env being set.
[2m[WebServer] [22m[0m[1][0m (Use `node --trace-warnings ...` to show where the warning was created)

[1A[2K[2m[WebServer] [22m[0m[1][0m  POST /api/whiteboard/room/M32N2YEX/presence 200 in 12ms

[1A[2K[2m[WebServer] [22m[0m[1][0m (node:18596) Warning: The 'NO_COLOR' env is ignored due to the 'FORCE_COLOR' env being set.
[2m[WebServer] [22m[0m[1][0m (Use `node --trace-warnings ...` to show where the warning was created)

[1A[2K[2m[WebServer] [22m[0m[1][0m  POST /api/whiteboard/room/M32N2YEX/presence 200 in 12ms

[1A[2K[2m[WebServer] [22m[0m[1][0m (node:6908) Warning: The 'NO_COLOR' env is ignored due to the 'FORCE_COLOR' env being set.
[2m[WebServer] [22m[0m[1][0m (Use `node --trace-warnings ...` to show where the warning was created)

[1A[2K  4) [chromium] › tests\e2e\collaboration.spec.ts:477:7 › Excalidraw Collaboration › disconnected peer catches up from API fallback 

    [31mTest timeout of 60000ms exceeded.[39m

    Error: locator.fill: Test ended.
    Call log:
    [2m  - waiting for getByTestId('whiteboard-username-input')[22m


      58 |   ]);
      59 |   if (nextView === 'prompt' && await usernameInput.isVisible().catch(() => false)) {
    > 60 |     await page.getByTestId('whiteboard-username-input').fill(name);
         |                                                         ^
      61 |     await page.getByTestId('whiteboard-join-room-btn').click();
      62 |   }
      63 |
        at joinExistingRoom (D:\new-projects\teacher-playground\tests\e2e\collaboration.spec.ts:60:57)
        at D:\new-projects\teacher-playground\tests\e2e\collaboration.spec.ts:485:5

    attachment #1: screenshot (image/png) ──────────────────────────────────────────────────────────
    test-results\collaboration-Excalidraw-C-bae8b-atches-up-from-API-fallback-chromium\test-failed-1.png
    ────────────────────────────────────────────────────────────────────────────────────────────────

    attachment #2: screenshot (image/png) ──────────────────────────────────────────────────────────
    test-results\collaboration-Excalidraw-C-bae8b-atches-up-from-API-fallback-chromium\test-failed-2.png
    ────────────────────────────────────────────────────────────────────────────────────────────────

    Error Context: test-results\collaboration-Excalidraw-C-bae8b-atches-up-from-API-fallback-chromium\error-context.md




[1A[2K(node:23504) Warning: The 'NO_COLOR' env is ignored due to the 'FORCE_COLOR' env being set.
(Use `node --trace-warnings ...` to show where the warning was created)


[1A[2K(node:23504) Warning: The 'NO_COLOR' env is ignored due to the 'FORCE_COLOR' env being set.
(Use `node --trace-warnings ...` to show where the warning was created)
[1A[2K[15/69] [chromium] › tests\e2e\collaboration.spec.ts:517:7 › Excalidraw Collaboration › pen tool works locally
[1A[2K[2m[WebServer] [22m[0m[1][0m  GET /whiteboard 200 in 58ms

[1A[2K[2m[WebServer] [22m[0m[1][0m  POST /api/whiteboard/room/S8NKTD8Z 200 in 13ms

[1A[2K[2m[WebServer] [22m[0m[1][0m (node:31184) Warning: The 'NO_COLOR' env is ignored due to the 'FORCE_COLOR' env being set.
[2m[WebServer] [22m[0m[1][0m (Use `node --trace-warnings ...` to show where the warning was created)

[1A[2K[2m[WebServer] [22m[0m[1][0m  GET /api/whiteboard/room/S8NKTD8Z 200 in 9ms

[1A[2K[2m[WebServer] [22m[0m[1][0m  GET /api/whiteboard/room/S8NKTD8Z 200 in 11ms

[1A[2K[2m[WebServer] [22m[0m[1][0m (node:1716) Warning: The 'NO_COLOR' env is ignored due to the 'FORCE_COLOR' env being set.
[2m[WebServer] [22m[0m[1][0m (Use `node --trace-warnings ...` to show where the warning was created)

[1A[2K[2m[WebServer] [22m[0m[1][0m  POST /api/whiteboard/room/S8NKTD8Z/presence 200 in 18ms

[1A[2K[2m[WebServer] [22m[0m[1][0m (node:31240) Warning: The 'NO_COLOR' env is ignored due to the 'FORCE_COLOR' env being set.
[2m[WebServer] [22m[0m[1][0m (Use `node --trace-warnings ...` to show where the warning was created)

[1A[2K[2m[WebServer] [22m[0m[1][0m  POST /api/whiteboard/room/S8NKTD8Z/presence 200 in 13ms

[1A[2K[2m[WebServer] [22m[0m[1][0m (node:8848) Warning: The 'NO_COLOR' env is ignored due to the 'FORCE_COLOR' env being set.
[2m[WebServer] [22m[0m[1][0m (Use `node --trace-warnings ...` to show where the warning was created)

[1A[2K[16/69] [chromium] › tests\e2e\collaboration.spec.ts:534:7 › Excalidraw Collaboration › pen draws through the first-run empty state hints
[1A[2K[2m[WebServer] [22m[0m[1][0m  GET /whiteboard 200 in 69ms

[1A[2K[2m[WebServer] [22m[0m[1][0m  POST /api/whiteboard/room/4JQL2HDB 200 in 13ms

[1A[2K[2m[WebServer] [22m[0m[1][0m  GET /api/whiteboard/room/4JQL2HDB 200 in 10ms

[1A[2K[2m[WebServer] [22m[0m[1][0m (node:28052) Warning: The 'NO_COLOR' env is ignored due to the 'FORCE_COLOR' env being set.
[2m[WebServer] [22m[0m[1][0m (Use `node --trace-warnings ...` to show where the warning was created)

[1A[2K[2m[WebServer] [22m[0m[1][0m  GET /api/whiteboard/room/4JQL2HDB 200 in 10ms

[1A[2K[2m[WebServer] [22m[0m[1][0m (node:19644) Warning: The 'NO_COLOR' env is ignored due to the 'FORCE_COLOR' env being set.
[2m[WebServer] [22m[0m[1][0m (Use `node --trace-warnings ...` to show where the warning was created)

[1A[2K[2m[WebServer] [22m[0m[1][0m  POST /api/whiteboard/room/4JQL2HDB/presence 200 in 16ms

[1A[2K[2m[WebServer] [22m[0m[1][0m (node:11948) Warning: The 'NO_COLOR' env is ignored due to the 'FORCE_COLOR' env being set.
[2m[WebServer] [22m[0m[1][0m (Use `node --trace-warnings ...` to show where the warning was created)

[1A[2K[2m[WebServer] [22m[0m[1][0m  POST /api/whiteboard/room/4JQL2HDB/presence 200 in 14ms

[1A[2K[2m[WebServer] [22m[0m[1][0m (node:31072) Warning: The 'NO_COLOR' env is ignored due to the 'FORCE_COLOR' env being set.
[2m[WebServer] [22m[0m[1][0m (Use `node --trace-warnings ...` to show where the warning was created)

[1A[2K[17/69] [chromium] › tests\e2e\collaboration.spec.ts:563:7 › Excalidraw Collaboration › arrow tool works locally
[1A[2K[2m[WebServer] [22m[0m[1][0m  GET /whiteboard 200 in 84ms

[1A[2K[2m[WebServer] [22m[0m[1][0m  POST /api/whiteboard/room/Q4RCS4F4 200 in 15ms

[1A[2K[2m[WebServer] [22m[0m[1][0m  GET /api/whiteboard/room/Q4RCS4F4 200 in 10ms

[1A[2K[2m[WebServer] [22m[0m[1][0m (node:17128) Warning: The 'NO_COLOR' env is ignored due to the 'FORCE_COLOR' env being set.
[2m[WebServer] [22m[0m[1][0m (Use `node --trace-warnings ...` to show where the warning was created)

[1A[2K[2m[WebServer] [22m[0m[1][0m  GET /api/whiteboard/room/Q4RCS4F4 200 in 9ms

[1A[2K[2m[WebServer] [22m[0m[1][0m (node:23852) Warning: The 'NO_COLOR' env is ignored due to the 'FORCE_COLOR' env being set.
[2m[WebServer] [22m[0m[1][0m (Use `node --trace-warnings ...` to show where the warning was created)

[1A[2K[2m[WebServer] [22m[0m[1][0m  POST /api/whiteboard/room/Q4RCS4F4/presence 200 in 21ms

[1A[2K[2m[WebServer] [22m[0m[1][0m (node:2648) Warning: The 'NO_COLOR' env is ignored due to the 'FORCE_COLOR' env being set.
[2m[WebServer] [22m[0m[1][0m (Use `node --trace-warnings ...` to show where the warning was created)

[1A[2K[2m[WebServer] [22m[0m[1][0m  POST /api/whiteboard/room/Q4RCS4F4/presence 200 in 13ms

[1A[2K[2m[WebServer] [22m[0m[1][0m (node:16368) Warning: The 'NO_COLOR' env is ignored due to the 'FORCE_COLOR' env being set.
[2m[WebServer] [22m[0m[1][0m (Use `node --trace-warnings ...` to show where the warning was created)

[1A[2K[18/69] [chromium] › tests\e2e\debug.spec.ts:7:6 › debug: check Konva events from Playwright
[1A[2K[19/69] [chromium] › tests\e2e\excalidraw.spec.ts:25:7 › Excalidraw › whiteboard page loads with Excalidraw canvas
[1A[2K[2m[WebServer] [22m[0m[1][0m  GET /whiteboard 200 in 86ms

[1A[2K[2m[WebServer] [22m[0m[1][0m  POST /api/whiteboard/room/BAVLXQ6N 200 in 15ms

[1A[2K[2m[WebServer] [22m[0m[1][0m (node:5380) Warning: The 'NO_COLOR' env is ignored due to the 'FORCE_COLOR' env being set.
[2m[WebServer] [22m[0m[1][0m (Use `node --trace-warnings ...` to show where the warning was created)

[1A[2K[2m[WebServer] [22m[0m[1][0m  GET /api/whiteboard/room/BAVLXQ6N 200 in 10ms

[1A[2K[2m[WebServer] [22m[0m[1][0m  GET /api/whiteboard/room/BAVLXQ6N 200 in 9ms

[1A[2K[2m[WebServer] [22m[0m[1][0m (node:29588) Warning: The 'NO_COLOR' env is ignored due to the 'FORCE_COLOR' env being set.
[2m[WebServer] [22m[0m[1][0m (Use `node --trace-warnings ...` to show where the warning was created)

[1A[2K[2m[WebServer] [22m[0m[1][0m  POST /api/whiteboard/room/BAVLXQ6N/presence 200 in 15ms

[1A[2K[2m[WebServer] [22m[0m[1][0m (node:6768) Warning: The 'NO_COLOR' env is ignored due to the 'FORCE_COLOR' env being set.
[2m[WebServer] [22m[0m[1][0m (Use `node --trace-warnings ...` to show where the warning was created)

[1A[2K[2m[WebServer] [22m[0m[1][0m  POST /api/whiteboard/room/BAVLXQ6N/presence 200 in 13ms

[1A[2K[2m[WebServer] [22m[0m[1][0m (node:5312) Warning: The 'NO_COLOR' env is ignored due to the 'FORCE_COLOR' env being set.
[2m[WebServer] [22m[0m[1][0m (Use `node --trace-warnings ...` to show where the warning was created)

[1A[2K[20/69] [chromium] › tests\e2e\excalidraw.spec.ts:32:7 › Excalidraw › tool buttons are visible in sidebar
[1A[2K[2m[WebServer] [22m[0m[1][0m  GET /whiteboard 200 in 68ms

[1A[2K[2m[WebServer] [22m[0m[1][0m  POST /api/whiteboard/room/2UQV4T9O 200 in 13ms

[1A[2K[2m[WebServer] [22m[0m[1][0m  GET /api/whiteboard/room/2UQV4T9O 200 in 10ms

[1A[2K[2m[WebServer] [22m[0m[1][0m  GET /api/whiteboard/room/2UQV4T9O 200 in 10ms

[1A[2K[2m[WebServer] [22m[0m[1][0m (node:8120) Warning: The 'NO_COLOR' env is ignored due to the 'FORCE_COLOR' env being set.
[2m[WebServer] [22m[0m[1][0m (Use `node --trace-warnings ...` to show where the warning was created)

[1A[2K[2m[WebServer] [22m[0m[1][0m (node:18640) Warning: The 'NO_COLOR' env is ignored due to the 'FORCE_COLOR' env being set.
[2m[WebServer] [22m[0m[1][0m (Use `node --trace-warnings ...` to show where the warning was created)

[1A[2K[2m[WebServer] [22m[0m[1][0m  POST /api/whiteboard/room/2UQV4T9O/presence 200 in 15ms

[1A[2K[21/69] [chromium] › tests\e2e\excalidraw.spec.ts:37:7 › Excalidraw › undo/redo bar is visible
[1A[2K[2m[WebServer] [22m[0m[1][0m  GET /whiteboard 200 in 60ms

[1A[2K[2m[WebServer] [22m[0m[1][0m (node:32436) Warning: The 'NO_COLOR' env is ignored due to the 'FORCE_COLOR' env being set.
[2m[WebServer] [22m[0m[1][0m (Use `node --trace-warnings ...` to show where the warning was created)

[1A[2K[2m[WebServer] [22m[0m[1][0m  POST /api/whiteboard/room/CFZJ5G4V 200 in 13ms

[1A[2K[2m[WebServer] [22m[0m[1][0m  GET /api/whiteboard/room/CFZJ5G4V 200 in 11ms

[1A[2K[2m[WebServer] [22m[0m[1][0m  GET /api/whiteboard/room/CFZJ5G4V 200 in 10ms

[1A[2K[2m[WebServer] [22m[0m[1][0m (node:20792) Warning: The 'NO_COLOR' env is ignored due to the 'FORCE_COLOR' env being set.
[2m[WebServer] [22m[0m[1][0m (Use `node --trace-warnings ...` to show where the warning was created)

[1A[2K[2m[WebServer] [22m[0m[1][0m (node:1228) Warning: The 'NO_COLOR' env is ignored due to the 'FORCE_COLOR' env being set.
[2m[WebServer] [22m[0m[1][0m (Use `node --trace-warnings ...` to show where the warning was created)

[1A[2K[2m[WebServer] [22m[0m[1][0m  POST /api/whiteboard/room/CFZJ5G4V/presence 200 in 16ms

[1A[2K[22/69] [chromium] › tests\e2e\ui-controls.spec.ts:37:7 › Clear Board Modal › clear board button is visible in bottom controls
[1A[2K[2m[WebServer] [22m[0m[1][0m  GET /whiteboard 200 in 67ms

[1A[2K[2m[WebServer] [22m[0m[1][0m (node:16492) Warning: The 'NO_COLOR' env is ignored due to the 'FORCE_COLOR' env being set.
[2m[WebServer] [22m[0m[1][0m (Use `node --trace-warnings ...` to show where the warning was created)

[1A[2K[2m[WebServer] [22m[0m[1][0m  POST /api/whiteboard/room/NHMAV2YJ 200 in 13ms

[1A[2K[2m[WebServer] [22m[0m[1][0m  GET /api/whiteboard/room/NHMAV2YJ 200 in 10ms

[1A[2K[2m[WebServer] [22m[0m[1][0m (node:21732) Warning: The 'NO_COLOR' env is ignored due to the 'FORCE_COLOR' env being set.
[2m[WebServer] [22m[0m[1][0m (Use `node --trace-warnings ...` to show where the warning was created)

[1A[2K[2m[WebServer] [22m[0m[1][0m  GET /api/whiteboard/room/NHMAV2YJ 200 in 12ms

[1A[2K[2m[WebServer] [22m[0m[1][0m (node:24124) Warning: The 'NO_COLOR' env is ignored due to the 'FORCE_COLOR' env being set.
[2m[WebServer] [22m[0m[1][0m (Use `node --trace-warnings ...` to show where the warning was created)

[1A[2K[2m[WebServer] [22m[0m[1][0m  POST /api/whiteboard/room/NHMAV2YJ/presence 200 in 14ms

[1A[2K[2m[WebServer] [22m[0m[1][0m (node:508) Warning: The 'NO_COLOR' env is ignored due to the 'FORCE_COLOR' env being set.
[2m[WebServer] [22m[0m[1][0m (Use `node --trace-warnings ...` to show where the warning was created)

[1A[2K[2m[WebServer] [22m[0m[1][0m  POST /api/whiteboard/room/NHMAV2YJ/presence 200 in 13ms

[1A[2K[23/69] [chromium] › tests\e2e\ui-controls.spec.ts:43:7 › Clear Board Modal › clear board button opens the confirmation modal
[1A[2K[2m[WebServer] [22m[0m[1][0m (node:14028) Warning: The 'NO_COLOR' env is ignored due to the 'FORCE_COLOR' env being set.
[2m[WebServer] [22m[0m[1][0m (Use `node --trace-warnings ...` to show where the warning was created)

[1A[2K[2m[WebServer] [22m[0m[1][0m  GET /whiteboard 200 in 59ms

[1A[2K[2m[WebServer] [22m[0m[1][0m  POST /api/whiteboard/room/DK4YXWTV 200 in 14ms

[1A[2K[2m[WebServer] [22m[0m[1][0m (node:29732) Warning: The 'NO_COLOR' env is ignored due to the 'FORCE_COLOR' env being set.
[2m[WebServer] [22m[0m[1][0m (Use `node --trace-warnings ...` to show where the warning was created)

[1A[2K[2m[WebServer] [22m[0m[1][0m  GET /api/whiteboard/room/DK4YXWTV 200 in 10ms

[1A[2K[2m[WebServer] [22m[0m[1][0m  GET /api/whiteboard/room/DK4YXWTV 200 in 8ms

[1A[2K[2m[WebServer] [22m[0m[1][0m (node:27184) Warning: The 'NO_COLOR' env is ignored due to the 'FORCE_COLOR' env being set.
[2m[WebServer] [22m[0m[1][0m (Use `node --trace-warnings ...` to show where the warning was created)

[1A[2K[2m[WebServer] [22m[0m[1][0m  POST /api/whiteboard/room/DK4YXWTV/presence 200 in 16ms

[1A[2K[2m[WebServer] [22m[0m[1][0m (node:3628) Warning: The 'NO_COLOR' env is ignored due to the 'FORCE_COLOR' env being set.
[2m[WebServer] [22m[0m[1][0m (Use `node --trace-warnings ...` to show where the warning was created)

[1A[2K[2m[WebServer] [22m[0m[1][0m  POST /api/whiteboard/room/DK4YXWTV/presence 200 in 14ms

[1A[2K[2m[WebServer] [22m[0m[1][0m (node:21928) Warning: The 'NO_COLOR' env is ignored due to the 'FORCE_COLOR' env being set.
[2m[WebServer] [22m[0m[1][0m (Use `node --trace-warnings ...` to show where the warning was created)

[1A[2K[24/69] [chromium] › tests\e2e\ui-controls.spec.ts:51:7 › Clear Board Modal › cancel button closes the clear board modal
[1A[2K[2m[WebServer] [22m[0m[1][0m  GET /whiteboard 200 in 63ms

[1A[2K[2m[WebServer] [22m[0m[1][0m  POST /api/whiteboard/room/3I8L31RM 200 in 14ms

[1A[2K[2m[WebServer] [22m[0m[1][0m  GET /api/whiteboard/room/3I8L31RM 200 in 10ms

[1A[2K[2m[WebServer] [22m[0m[1][0m  GET /api/whiteboard/room/3I8L31RM 200 in 9ms

[1A[2K[2m[WebServer] [22m[0m[1][0m 

[1A[2K[2m[WebServer] [22m(node:4340) Warning: The 'NO_COLOR' env is ignored due to the 'FORCE_COLOR' env being set.
[2m[WebServer] [22m[0m[1][0m (Use `node --trace-warnings ...` to show where the warning was created)

[1A[2K[2m[WebServer] [22m[0m[1][0m (node:17452) Warning: The 'NO_COLOR' env is ignored due to the 'FORCE_COLOR' env being set.
[2m[WebServer] [22m[0m[1][0m (Use `node --trace-warnings ...` to show where the warning was created)

[1A[2K[2m[WebServer] [22m[0m[1][0m  POST /api/whiteboard/room/3I8L31RM/presence 200 in 14ms

[1A[2K[2m[WebServer] [22m[0m[1][0m (node:31068) Warning: The 'NO_COLOR' env is ignored due to the 'FORCE_COLOR' env being set.
[2m[WebServer] [22m[0m[1][0m (Use `node --trace-warnings ...` to show where the warning was created)

[1A[2K[2m[WebServer] [22m[0m[1][0m  POST /api/whiteboard/room/3I8L31RM/presence 200 in 14ms

[1A[2K[2m[WebServer] [22m[0m[1][0m (node:18284) Warning: The 'NO_COLOR' env is ignored due to the 'FORCE_COLOR' env being set.
[2m[WebServer] [22m[0m[1][0m (Use `node --trace-warnings ...` to show where the warning was created)

[1A[2K[25/69] [chromium] › tests\e2e\ui-controls.spec.ts:60:7 › Clear Board Modal › clear board removes all elements from the store
[1A[2K[2m[WebServer] [22m[0m[1][0m  GET /whiteboard 200 in 41ms

[1A[2K[2m[WebServer] [22m[0m[1][0m  POST /api/whiteboard/room/JRGAQYBB 200 in 14ms

[1A[2K[2m[WebServer] [22m[0m[1][0m  GET /api/whiteboard/room/JRGAQYBB 200 in 11ms

[1A[2K[2m[WebServer] [22m[0m[1][0m (node:31736) Warning: The 'NO_COLOR' env is ignored due to the 'FORCE_COLOR' env being set.
[2m[WebServer] [22m[0m[1][0m (Use `node --trace-warnings ...` to show where the warning was created)

[1A[2K[2m[WebServer] [22m[0m[1][0m  GET /api/whiteboard/room/JRGAQYBB 200 in 10ms

[1A[2K[2m[WebServer] [22m[0m[1][0m (node:28752) Warning: The 'NO_COLOR' env is ignored due to the 'FORCE_COLOR' env being set.
[2m[WebServer] [22m[0m[1][0m (Use `node --trace-warnings ...` to show where the warning was created)

[1A[2K[2m[WebServer] [22m[0m[1][0m  POST /api/whiteboard/room/JRGAQYBB/presence 200 in 15ms

[1A[2K[2m[WebServer] [22m[0m[1][0m (node:28572) Warning: The 'NO_COLOR' env is ignored due to the 'FORCE_COLOR' env being set.
[2m[WebServer] [22m[0m[1][0m (Use `node --trace-warnings ...` to show where the warning was created)

[1A[2K[2m[WebServer] [22m[0m[1][0m  POST /api/whiteboard/room/JRGAQYBB/presence 200 in 14ms

[1A[2K[2m[WebServer] [22m[0m[1][0m (node:32340) Warning: The 'NO_COLOR' env is ignored due to the 'FORCE_COLOR' env being set.
[2m[WebServer] [22m[0m[1][0m (Use `node --trace-warnings ...` to show where the warning was created)

[1A[2K[26/69] [chromium] › tests\e2e\ui-controls.spec.ts:84:7 › Empty State › empty state hints are visible on fresh whiteboard with select tool
[1A[2K[2m[WebServer] [22m[0m[1][0m  GET /whiteboard 200 in 73ms

[1A[2K[2m[WebServer] [22m[0m[1][0m  POST /api/whiteboard/room/4N2E21S5 200 in 13ms

[1A[2K[2m[WebServer] [22m[0m[1][0m  GET /api/whiteboard/room/4N2E21S5 200 in 10ms

[1A[2K[2m[WebServer] [22m[0m[1][0m (node:21836) Warning: The 'NO_COLOR' env is ignored due to the 'FORCE_COLOR' env being set.
[2m[WebServer] [22m[0m[1][0m (Use `node --trace-warnings ...` to show where the warning was created)

[1A[2K[2m[WebServer] [22m[0m[1][0m  GET /api/whiteboard/room/4N2E21S5 200 in 10ms

[1A[2K[2m[WebServer] [22m[0m[1][0m (node:5984) Warning: The 'NO_COLOR' env is ignored due to the 'FORCE_COLOR' env being set.
[2m[WebServer] [22m[0m[1][0m (Use `node --trace-warnings ...` to show where the warning was created)

[1A[2K[2m[WebServer] [22m[0m[1][0m  POST /api/whiteboard/room/4N2E21S5/presence 200 in 15ms

[1A[2K[2m[WebServer] [22m[0m[1][0m (node:30032) Warning: The 'NO_COLOR' env is ignored due to the 'FORCE_COLOR' env being set.
[2m[WebServer] [22m[0m[1][0m (Use `node --trace-warnings ...` to show where the warning was created)

[1A[2K[2m[WebServer] [22m[0m[1][0m  POST /api/whiteboard/room/4N2E21S5/presence 200 in 15ms

[1A[2K[27/69] [chromium] › tests\e2e\ui-controls.spec.ts:90:7 › Empty State › dismiss button hides the empty state hints
[1A[2K[2m[WebServer] [22m[0m[1][0m (node:6804) Warning: The 'NO_COLOR' env is ignored due to the 'FORCE_COLOR' env being set.
[2m[WebServer] [22m[0m[1][0m (Use `node --trace-warnings ...` to show where the warning was created)

[1A[2K[2m[WebServer] [22m[0m[1][0m  GET /whiteboard 200 in 63ms

[1A[2K[2m[WebServer] [22m[0m[1][0m  POST /api/whiteboard/room/DT26CNP6 200 in 15ms

[1A[2K[2m[WebServer] [22m[0m[1][0m (node:32040) Warning: The 'NO_COLOR' env is ignored due to the 'FORCE_COLOR' env being set.
[2m[WebServer] [22m[0m[1][0m (Use `node --trace-warnings ...` to show where the warning was created)

[1A[2K[2m[WebServer] [22m[0m[1][0m  GET /api/whiteboard/room/DT26CNP6 200 in 9ms

[1A[2K[2m[WebServer] [22m[0m[1][0m (node:14156) Warning: The 'NO_COLOR' env is ignored due to the 'FORCE_COLOR' env being set.
[2m[WebServer] [22m[0m[1][0m (Use `node --trace-warnings ...` to show where the warning was created)

[1A[2K[2m[WebServer] [22m[0m[1][0m  GET /api/whiteboard/room/DT26CNP6 200 in 9ms

[1A[2K[2m[WebServer] [22m[0m[1][0m  POST /api/whiteboard/room/DT26CNP6/presence 200 in 15ms

[1A[2K[2m[WebServer] [22m[0m[1][0m (node:32536) Warning: The 'NO_COLOR' env is ignored due to the 'FORCE_COLOR' env being set.
[2m[WebServer] [22m[0m[1][0m (Use `node --trace-warnings ...` to show where the warning was created)

[1A[2K[2m[WebServer] [22m[0m[1][0m  POST /api/whiteboard/room/DT26CNP6/presence 200 in 14ms

[1A[2K[2m[WebServer] [22m[0m[1][0m (node:32276) Warning: The 'NO_COLOR' env is ignored due to the 'FORCE_COLOR' env being set.
[2m[WebServer] [22m[0m[1][0m (Use `node --trace-warnings ...` to show where the warning was created)

[1A[2K[28/69] [chromium] › tests\e2e\ui-controls.spec.ts:98:7 › Empty State › empty state is hidden after switching tool away from select
[1A[2K[2m[WebServer] [22m[0m[1][0m  GET /whiteboard 200 in 56ms

[1A[2K[2m[WebServer] [22m[0m[1][0m  POST /api/whiteboard/room/I07ARYFO 200 in 14ms

[1A[2K[2m[WebServer] [22m[0m[1][0m (node:31420) Warning: The 'NO_COLOR' env is ignored due to the 'FORCE_COLOR' env being set.
[2m[WebServer] [22m[0m[1][0m (Use `node --trace-warnings ...` to show where the warning was created)

[1A[2K[2m[WebServer] [22m[0m[1][0m  GET /api/whiteboard/room/I07ARYFO 200 in 10ms

[1A[2K[2m[WebServer] [22m[0m[1][0m  GET /api/whiteboard/room/I07ARYFO 200 in 9ms

[1A[2K[2m[WebServer] [22m[0m[1][0m (node:30724) Warning: The 'NO_COLOR' env is ignored due to the 'FORCE_COLOR' env being set.
[2m[WebServer] [22m[0m[1][0m (Use `node --trace-warnings ...` to show where the warning was created)

[1A[2K[2m[WebServer] [22m[0m[1][0m  POST /api/whiteboard/room/I07ARYFO/presence 200 in 17ms

[1A[2K[2m[WebServer] [22m[0m[1][0m (node:21248) Warning: The 'NO_COLOR' env is ignored due to the 'FORCE_COLOR' env being set.
[2m[WebServer] [22m[0m[1][0m (Use `node --trace-warnings ...` to show where the warning was created)

[1A[2K[2m[WebServer] [22m[0m[1][0m  POST /api/whiteboard/room/I07ARYFO/presence 200 in 12ms

[1A[2K[2m[WebServer] [22m[0m[1][0m (node:20716) Warning: The 'NO_COLOR' env is ignored due to the 'FORCE_COLOR' env being set.
[2m[WebServer] [22m[0m[1][0m (Use `node --trace-warnings ...` to show where the warning was created)

[1A[2K[29/69] [chromium] › tests\e2e\ui-controls.spec.ts:109:7 › Undo/Redo Bar › undo button is visible
[1A[2K[2m[WebServer] [22m[0m[1][0m  GET /whiteboard 200 in 73ms

[1A[2K[2m[WebServer] [22m[0m[1][0m  POST /api/whiteboard/room/CS5T4O95 200 in 14ms

[1A[2K[2m[WebServer] [22m[0m[1][0m (node:22124) Warning: The 'NO_COLOR' env is ignored due to the 'FORCE_COLOR' env being set.
[2m[WebServer] [22m[0m[1][0m (Use `node --trace-warnings ...` to show where the warning was created)

[1A[2K[2m[WebServer] [22m[0m[1][0m  GET /api/whiteboard/room/CS5T4O95 200 in 9ms

[1A[2K[2m[WebServer] [22m[0m[1][0m (node:9696) Warning: The 'NO_COLOR' env is ignored due to the 'FORCE_COLOR' env being set.
[2m[WebServer] [22m[0m[1][0m (Use `node --trace-warnings ...` to show where the warning was created)

[1A[2K[2m[WebServer] [22m[0m[1][0m  GET /api/whiteboard/room/CS5T4O95 200 in 11ms

[1A[2K[2m[WebServer] [22m[0m[1][0m  POST /api/whiteboard/room/CS5T4O95/presence 200 in 23ms

[1A[2K[2m[WebServer] [22m[0m[1][0m (node:9948) Warning: The 'NO_COLOR' env is ignored due to the 'FORCE_COLOR' env being set.
[2m[WebServer] [22m[0m[1][0m (Use `node --trace-warnings ...` to show where the warning was created)

[1A[2K[2m[WebServer] [22m[0m[1][0m  POST /api/whiteboard/room/CS5T4O95/presence 200 in 12ms

[1A[2K[30/69] [chromium] › tests\e2e\ui-controls.spec.ts:115:7 › Undo/Redo Bar › redo button is visible
[1A[2K[2m[WebServer] [22m[0m[1][0m (node:27088) Warning: The 'NO_COLOR' env is ignored due to the 'FORCE_COLOR' env being set.
[2m[WebServer] [22m[0m[1][0m (Use `node --trace-warnings ...` to show where the warning was created)

[1A[2K[2m[WebServer] [22m[0m[1][0m  GET /whiteboard 200 in 80ms

[1A[2K[2m[WebServer] [22m[0m[1][0m  POST /api/whiteboard/room/66TB9K6X 200 in 13ms

[1A[2K[2m[WebServer] [22m[0m[1][0m (node:32676) Warning: The 'NO_COLOR' env is ignored due to the 'FORCE_COLOR' env being set.
[2m[WebServer] [22m[0m[1][0m (Use `node --trace-warnings ...` to show where the warning was created)

[1A[2K[2m[WebServer] [22m[0m[1][0m (node:24468) Warning: The 'NO_COLOR' env is ignored due to the 'FORCE_COLOR' env being set.
[2m[WebServer] [22m[0m[1][0m (Use `node --trace-warnings ...` to show where the warning was created)

[1A[2K[2m[WebServer] [22m[0m[1][0m  GET /api/whiteboard/room/66TB9K6X 200 in 11ms

[1A[2K[2m[WebServer] [22m[0m[1][0m  GET /api/whiteboard/room/66TB9K6X 200 in 10ms

[1A[2K[2m[WebServer] [22m[0m[1][0m  POST /api/whiteboard/room/66TB9K6X/presence 200 in 16ms

[1A[2K[2m[WebServer] [22m[0m[1][0m (node:30876) Warning: The 'NO_COLOR' env is ignored due to the 'FORCE_COLOR' env being set.
[2m[WebServer] [22m[0m[1][0m (Use `node --trace-warnings ...` to show where the warning was created)

[1A[2K[2m[WebServer] [22m[0m[1][0m  POST /api/whiteboard/room/66TB9K6X/presence 200 in 13ms

[1A[2K[31/69] [chromium] › tests\e2e\ui-controls.spec.ts:121:7 › Undo/Redo Bar › undo and redo buttons are disabled initially
[1A[2K[2m[WebServer] [22m[0m[1][0m (node:19320) Warning: The 'NO_COLOR' env is ignored due to the 'FORCE_COLOR' env being set.
[2m[WebServer] [22m[0m[1][0m (Use `node --trace-warnings ...` to show where the warning was created)

[1A[2K[2m[WebServer] [22m[0m[1][0m  GET /whiteboard 200 in 42ms

[1A[2K[2m[WebServer] [22m[0m[1][0m  POST /api/whiteboard/room/G5SWB1OM 200 in 16ms

[1A[2K[2m[WebServer] [22m[0m[1][0m (node:32244) Warning: The 'NO_COLOR' env is ignored due to the 'FORCE_COLOR' env being set.
[2m[WebServer] [22m[0m[1][0m (Use `node --trace-warnings ...` to show where the warning was created)

[1A[2K[2m[WebServer] [22m[0m[1][0m  GET /api/whiteboard/room/G5SWB1OM 200 in 11ms

[1A[2K[2m[WebServer] [22m[0m[1][0m (node:29760) Warning: The 'NO_COLOR' env is ignored due to the 'FORCE_COLOR' env being set.
[2m[WebServer] [22m[0m[1][0m (Use `node --trace-warnings ...` to show where the warning was created)

[1A[2K[2m[WebServer] [22m[0m[1][0m  GET /api/whiteboard/room/G5SWB1OM 200 in 11ms

[1A[2K[2m[WebServer] [22m[0m[1][0m  POST /api/whiteboard/room/G5SWB1OM/presence 200 in 16ms

[1A[2K[2m[WebServer] [22m[0m[1][0m (node:12116) Warning: The 'NO_COLOR' env is ignored due to the 'FORCE_COLOR' env being set.
[2m[WebServer] [22m[0m[1][0m (Use `node --trace-warnings ...` to show where the warning was created)

[1A[2K[2m[WebServer] [22m[0m[1][0m  POST /api/whiteboard/room/G5SWB1OM/presence 200 in 13ms

[1A[2K[2m[WebServer] [22m[0m[1][0m (node:6632) Warning: The 'NO_COLOR' env is ignored due to the 'FORCE_COLOR' env being set.
[2m[WebServer] [22m[0m[1][0m (Use `node --trace-warnings ...` to show where the warning was created)

[1A[2K[32/69] [chromium] › tests\e2e\ui-controls.spec.ts:128:7 › Undo/Redo Bar › undo is enabled after adding an element
[1A[2K[2m[WebServer] [22m[0m[1][0m  GET /whiteboard 200 in 56ms

[1A[2K[2m[WebServer] [22m[0m[1][0m  POST /api/whiteboard/room/HCJE4QCL 200 in 13ms

[1A[2K[2m[WebServer] [22m[0m[1][0m (node:25864) Warning: The 'NO_COLOR' env is ignored due to the 'FORCE_COLOR' env being set.
[2m[WebServer] [22m[0m[1][0m (Use `node --trace-warnings ...` to show where the warning was created)

[1A[2K[2m[WebServer] [22m[0m[1][0m  GET /api/whiteboard/room/HCJE4QCL 200 in 11ms

[1A[2K[2m[WebServer] [22m[0m[1][0m (node:2264) Warning: The 'NO_COLOR' env is ignored due to the 'FORCE_COLOR' env being set.
[2m[WebServer] [22m[0m[1][0m (Use `node --trace-warnings ...` to show where the warning was created)

[1A[2K[2m[WebServer] [22m[0m[1][0m  GET /api/whiteboard/room/HCJE4QCL 200 in 16ms

[1A[2K[2m[WebServer] [22m[0m[1][0m 

[1A[2K[2m[WebServer] [22m POST /api/whiteboard/room/HCJE4QCL/presence 200 in 16ms

[1A[2K[2m[WebServer] [22m[0m[1][0m (node:32348) Warning: The 'NO_COLOR' env is ignored due to the 'FORCE_COLOR' env being set.
[2m[WebServer] [22m[0m[1][0m (Use `node --trace-warnings ...` to show where the warning was created)

[1A[2K[2m[WebServer] [22m[0m[1][0m  POST /api/whiteboard/room/HCJE4QCL/presence 200 in 12ms

[1A[2K[2m[WebServer] [22m[0m[1][0m (node:19644) Warning: The 'NO_COLOR' env is ignored due to the 'FORCE_COLOR' env being set.
[2m[WebServer] [22m[0m[1][0m (Use `node --trace-warnings ...` to show where the warning was created)

[1A[2K[33/69] [chromium] › tests\e2e\waiting-room.spec.ts:84:7 › Waiting Room › peer always starts in waiting room even when room has spare capacity
[1A[2K[2m[WebServer] [22m[0m[1][0m  GET /whiteboard 200 in 62ms

[1A[2K[2m[WebServer] [22m[0m[1][0m  POST /api/whiteboard/room/VSZZL3KK 200 in 13ms

[1A[2K[2m[WebServer] [22m[0m[1][0m  GET /api/whiteboard/room/VSZZL3KK 200 in 9ms

[1A[2K[2m[WebServer] [22m[0m[1][0m (node:26928) Warning: The 'NO_COLOR' env is ignored due to the 'FORCE_COLOR' env being set.
[2m[WebServer] [22m[0m[1][0m (Use `node --trace-warnings ...` to show where the warning was created)

[1A[2K[2m[WebServer] [22m[0m[1][0m  GET /api/whiteboard/room/VSZZL3KK 200 in 9ms

[1A[2K[2m[WebServer] [22m[0m[1][0m (node:12252) Warning: The 'NO_COLOR' env is ignored due to the 'FORCE_COLOR' env being set.
[2m[WebServer] [22m[0m[1][0m (Use `node --trace-warnings ...` to show where the warning was created)

[1A[2K[2m[WebServer] [22m[0m[1][0m  POST /api/whiteboard/room/VSZZL3KK/presence 200 in 14ms

[1A[2K[2m[WebServer] [22m[0m[1][0m  GET /whiteboard/VSZZL3KK 200 in 20ms

[1A[2K[2m[WebServer] [22m[0m[1][0m (node:11860) Warning: The 'NO_COLOR' env is ignored due to the 'FORCE_COLOR' env being set.
[2m[WebServer] [22m[0m[1][0m (Use `node --trace-warnings ...` to show where the warning was created)

[1A[2K[2m[WebServer] [22m[0m[1][0m (node:25912) Warning: The 'NO_COLOR' env is ignored due to the 'FORCE_COLOR' env being set.
[2m[WebServer] [22m[0m[1][0m (Use `node --trace-warnings ...` to show where the warning was created)

[1A[2K[2m[WebServer] [22m[0m[1][0m  GET /api/whiteboard/room/VSZZL3KK 200 in 16ms

[1A[2K[2m[WebServer] [22m[0m[1][0m  GET /api/whiteboard/room/VSZZL3KK 200 in 8ms

[1A[2K[2m[WebServer] [22m[0m[1][0m  POST /api/whiteboard/room/VSZZL3KK/presence 200 in 15ms

[1A[2K[2m[WebServer] [22m[0m[1][0m (node:5796) Warning: The 'NO_COLOR' env is ignored due to the 'FORCE_COLOR' env being set.
[2m[WebServer] [22m[0m[1][0m (Use `node --trace-warnings ...` to show where the warning was created)

[1A[2K[2m[WebServer] [22m[0m[1][0m (node:31192) Warning: The 'NO_COLOR' env is ignored due to the 'FORCE_COLOR' env being set.
[2m[WebServer] [22m[0m[1][0m (Use `node --trace-warnings ...` to show where the warning was created)

[1A[2K[2m[WebServer] [22m[0m[1][0m  POST /api/whiteboard/room/VSZZL3KK/presence 200 in 13ms

[1A[2K[2m[WebServer] [22m[0m[1][0m (node:32648) Warning: The 'NO_COLOR' env is ignored due to the 'FORCE_COLOR' env being set.
[2m[WebServer] [22m[0m[1][0m (Use `node --trace-warnings ...` to show where the warning was created)

[1A[2K[2m[WebServer] [22m[0m[1][0m  POST /api/whiteboard/room/VSZZL3KK/waiting 200 in 13ms

[1A[2K[2m[WebServer] [22m[0m[1][0m  GET /api/whiteboard/room/VSZZL3KK/presence 200 in 12ms

[1A[2K[2m[WebServer] [22m[0m[1][0m  POST /api/whiteboard/room/VSZZL3KK/presence 200 in 10ms

[1A[2K[2m[WebServer] [22m[0m[1][0m (node:21636) Warning: The 'NO_COLOR' env is ignored due to the 'FORCE_COLOR' env being set.
[2m[WebServer] [22m[0m[1][0m (Use `node --trace-warnings ...` to show where the warning was created)

[1A[2K[2m[WebServer] [22m[0m[1][0m (node:32316) Warning: The 'NO_COLOR' env is ignored due to the 'FORCE_COLOR' env being set.
[2m[WebServer] [22m[0m[1][0m (Use `node --trace-warnings ...` to show where the warning was created)

[1A[2K[34/69] [chromium] › tests\e2e\waiting-room.spec.ts:105:7 › Waiting Room › peer goes to waiting room when room is full, host can approve them
[1A[2K[2m[WebServer] [22m[0m[1][0m  GET /whiteboard 200 in 48ms

[1A[2K[2m[WebServer] [22m[0m[1][0m  POST /api/whiteboard/room/XTCL6QRJ 200 in 14ms

[1A[2K[2m[WebServer] [22m[0m[1][0m  GET /api/whiteboard/room/XTCL6QRJ 200 in 9ms

[1A[2K[2m[WebServer] [22m[0m[1][0m (node:4680) Warning: The 'NO_COLOR' env is ignored due to the 'FORCE_COLOR' env being set.
[2m[WebServer] [22m[0m[1][0m (Use `node --trace-warnings ...` to show where the warning was created)

[1A[2K[2m[WebServer] [22m[0m[1][0m  GET /api/whiteboard/room/XTCL6QRJ 200 in 10ms

[1A[2K[2m[WebServer] [22m[0m[1][0m (node:32588) Warning: The 'NO_COLOR' env is ignored due to the 'FORCE_COLOR' env being set.
[2m[WebServer] [22m[0m[1][0m (Use `node --trace-warnings ...` to show where the warning was created)

[1A[2K[2m[WebServer] [22m[0m[1][0m  POST /api/whiteboard/room/XTCL6QRJ/presence 200 in 16ms

[1A[2K[2m[WebServer] [22m[0m[1][0m  GET /whiteboard/XTCL6QRJ 200 in 19ms

[1A[2K[2m[WebServer] [22m[0m[1][0m (node:31520) Warning: The 'NO_COLOR' env is ignored due to the 'FORCE_COLOR' env being set.
[2m[WebServer] [22m[0m[1][0m (Use `node --trace-warnings ...` to show where the warning was created)

[1A[2K[2m[WebServer] [22m[0m[1][0m (node:18308) Warning: The 'NO_COLOR' env is ignored due to the 'FORCE_COLOR' env being set.
[2m[WebServer] [22m[0m[1][0m (Use `node --trace-warnings ...` to show where the warning was created)

[1A[2K[2m[WebServer] [22m[0m[1][0m  GET /api/whiteboard/room/XTCL6QRJ 200 in 15ms

[1A[2K[2m[WebServer] [22m[0m[1][0m  GET /api/whiteboard/room/XTCL6QRJ 200 in 10ms

[1A[2K[2m[WebServer] [22m[0m[1][0m  POST /api/whiteboard/room/XTCL6QRJ/presence 200 in 14ms

[1A[2K[2m[WebServer] [22m[0m[1][0m (node:4752) Warning: The 'NO_COLOR' env is ignored due to the 'FORCE_COLOR' env being set.
[2m[WebServer] [22m[0m[1][0m (Use `node --trace-warnings ...` to show where the warning was created)

[1A[2K[2m[WebServer] [22m[0m[1][0m (node:17916) Warning: The 'NO_COLOR' env is ignored due to the 'FORCE_COLOR' env being set.
[2m[WebServer] [22m[0m[1][0m (Use `node --trace-warnings ...` to show where the warning was created)

[1A[2K[2m[WebServer] [22m[0m[1][0m  POST /api/whiteboard/room/XTCL6QRJ/presence 200 in 11ms

[1A[2K[2m[WebServer] [22m[0m[1][0m (node:31128) Warning: The 'NO_COLOR' env is ignored due to the 'FORCE_COLOR' env being set.
[2m[WebServer] [22m[0m[1][0m (Use `node --trace-warnings ...` to show where the warning was created)

[1A[2K[2m[WebServer] [22m[0m[1][0m  POST /api/whiteboard/room/XTCL6QRJ/waiting 200 in 12ms

[1A[2K[2m[WebServer] [22m[0m[1][0m  GET /api/whiteboard/room/XTCL6QRJ/presence 200 in 12ms

[1A[2K[2m[WebServer] [22m[0m[1][0m  POST /api/whiteboard/room/XTCL6QRJ/presence 200 in 10ms

[1A[2K[2m[WebServer] [22m[0m[1][0m (node:13660) Warning: The 'NO_COLOR' env is ignored due to the 'FORCE_COLOR' env being set.
[2m[WebServer] [22m[0m[1][0m (Use `node --trace-warnings ...` to show where the warning was created)

[1A[2K[2m[WebServer] [22m[0m[1][0m (node:23488) Warning: The 'NO_COLOR' env is ignored due to the 'FORCE_COLOR' env being set.
[2m[WebServer] [22m[0m[1][0m (Use `node --trace-warnings ...` to show where the warning was created)

[1A[2K[35/69] [chromium] › tests\e2e\waiting-room.spec.ts:126:7 › Waiting Room › host can reject a waiting peer
[1A[2K[2m[WebServer] [22m[0m[1][0m  GET /whiteboard 200 in 45ms

[1A[2K[2m[WebServer] [22m[0m[1][0m  POST /api/whiteboard/room/4068QUGN 200 in 18ms

[1A[2K[2m[WebServer] [22m[0m[1][0m  GET /api/whiteboard/room/4068QUGN 200 in 9ms

[1A[2K[2m[WebServer] [22m[0m[1][0m (node:8832) Warning: The 'NO_COLOR' env is ignored due to the 'FORCE_COLOR' env being set.
[2m[WebServer] [22m[0m[1][0m (Use `node --trace-warnings ...` to show where the warning was created)

[1A[2K[2m[WebServer] [22m[0m[1][0m  GET /api/whiteboard/room/4068QUGN 200 in 10ms

[1A[2K[2m[WebServer] [22m[0m[1][0m (node:8144) Warning: The 'NO_COLOR' env is ignored due to the 'FORCE_COLOR' env being set.
[2m[WebServer] [22m[0m[1][0m (Use `node --trace-warnings ...` to show where the warning was created)

[1A[2K[2m[WebServer] [22m[0m[1][0m  POST /api/whiteboard/room/4068QUGN/presence 200 in 14ms

[1A[2K[2m[WebServer] [22m[0m[1][0m  GET /whiteboard/4068QUGN 200 in 21ms

[1A[2K[2m[WebServer] [22m[0m[1][0m (node:7840) Warning: The 'NO_COLOR' env is ignored due to the 'FORCE_COLOR' env being set.
[2m[WebServer] [22m[0m[1][0m (Use `node --trace-warnings ...` to show where the warning was created)

[1A[2K[2m[WebServer] [22m[0m[1][0m (node:17008) Warning: The 'NO_COLOR' env is ignored due to the 'FORCE_COLOR' env being set.
[2m[WebServer] [22m[0m[1][0m (Use `node --trace-warnings ...` to show where the warning was created)

[1A[2K[2m[WebServer] [22m[0m[1][0m  GET /api/whiteboard/room/4068QUGN 200 in 14ms

[1A[2K[2m[WebServer] [22m[0m[1][0m  GET /api/whiteboard/room/4068QUGN 200 in 10ms

[1A[2K[2m[WebServer] [22m[0m[1][0m  POST /api/whiteboard/room/4068QUGN/presence 200 in 14ms

[1A[2K[2m[WebServer] [22m[0m[1][0m (node:19512) Warning: The 'NO_COLOR' env is ignored due to the 'FORCE_COLOR' env being set.
[2m[WebServer] [22m[0m[1][0m (Use `node --trace-warnings ...` to show where the warning was created)

[1A[2K[2m[WebServer] [22m[0m[1][0m (node:10944) Warning: The 'NO_COLOR' env is ignored due to the 'FORCE_COLOR' env being set.
[2m[WebServer] [22m[0m[1][0m (Use `node --trace-warnings ...` to show where the warning was created)

[1A[2K[2m[WebServer] [22m[0m[1][0m  POST /api/whiteboard/room/4068QUGN/presence 200 in 14ms

[1A[2K[2m[WebServer] [22m[0m[1][0m (node:15076) Warning: The 'NO_COLOR' env is ignored due to the 'FORCE_COLOR' env being set.
[2m[WebServer] [22m[0m[1][0m (Use `node --trace-warnings ...` to show where the warning was created)

[1A[2K[2m[WebServer] [22m[0m[1][0m  POST /api/whiteboard/room/4068QUGN/waiting 200 in 14ms

[1A[2K[2m[WebServer] [22m[0m[1][0m  GET /api/whiteboard/room/4068QUGN/presence 200 in 12ms

[1A[2K[2m[WebServer] [22m[0m[1][0m  POST /api/whiteboard/room/4068QUGN/presence 200 in 10ms

[1A[2K[2m[WebServer] [22m[0m[1][0m  DELETE /api/whiteboard/room/4068QUGN/presence?peerId=user-lxz2z5j 200 in 10ms

[1A[2K[2m[WebServer] [22m[0m[1][0m (node:12980) Warning: The 'NO_COLOR' env is ignored due to the 'FORCE_COLOR' env being set.
[2m[WebServer] [22m[0m[1][0m (Use `node --trace-warnings ...` to show where the warning was created)

[1A[2K[2m[WebServer] [22m[0m[1][0m (node:29732) Warning: The 'NO_COLOR' env is ignored due to the 'FORCE_COLOR' env being set.
[2m[WebServer] [22m[0m[1][0m (Use `node --trace-warnings ...` to show where the warning was created)

[1A[2K[36/69] [chromium] › tests\e2e\waiting-room.spec.ts:152:7 › Waiting Room › waiting peer can leave the waiting room themselves
[1A[2K[2m[WebServer] [22m[0m[1][0m  GET /whiteboard 200 in 43ms

[1A[2K[2m[WebServer] [22m[0m[1][0m  POST /api/whiteboard/room/Y4IG04DR 200 in 13ms

[1A[2K[2m[WebServer] [22m[0m[1][0m  GET /api/whiteboard/room/Y4IG04DR 200 in 9ms

[1A[2K[2m[WebServer] [22m[0m[1][0m (node:18676) Warning: The 'NO_COLOR' env is ignored due to the 'FORCE_COLOR' env being set.
[2m[WebServer] [22m[0m[1][0m (Use `node --trace-warnings ...` to show where the warning was created)

[1A[2K[2m[WebServer] [22m[0m[1][0m  GET /api/whiteboard/room/Y4IG04DR 200 in 9ms

[1A[2K[2m[WebServer] [22m[0m[1][0m (node:18596) Warning: The 'NO_COLOR' env is ignored due to the 'FORCE_COLOR' env being set.
[2m[WebServer] [22m[0m[1][0m (Use `node --trace-warnings ...` to show where the warning was created)

[1A[2K[2m[WebServer] [22m[0m[1][0m  POST /api/whiteboard/room/Y4IG04DR/presence 200 in 15ms

[1A[2K[2m[WebServer] [22m[0m[1][0m  GET /whiteboard/Y4IG04DR 200 in 26ms

[1A[2K[2m[WebServer] [22m[0m[1][0m (node:20852) Warning: The 'NO_COLOR' env is ignored due to the 'FORCE_COLOR' env being set.
[2m[WebServer] [22m[0m[1][0m (Use `node --trace-warnings ...` to show where the warning was created)

[1A[2K[2m[WebServer] [22m[0m[1][0m (node:15664) Warning: The 'NO_COLOR' env is ignored due to the 'FORCE_COLOR' env being set.
[2m[WebServer] [22m[0m[1][0m (Use `node --trace-warnings ...` to show where the warning was created)

[1A[2K[2m[WebServer] [22m[0m[1][0m  GET /api/whiteboard/room/Y4IG04DR 200 in 16ms

[1A[2K[2m[WebServer] [22m[0m[1][0m  GET /api/whiteboard/room/Y4IG04DR 200 in 12ms

[1A[2K[2m[WebServer] [22m[0m[1][0m  POST /api/whiteboard/room/Y4IG04DR/presence 200 in 16ms

[1A[2K[2m[WebServer] [22m[0m[1][0m  DELETE /api/whiteboard/room/Y4IG04DR/waiting?peerId=user-fpmdb55 200 in 13ms

[1A[2K[2m[WebServer] [22m[0m[1][0m (node:28060) Warning: The 'NO_COLOR' env is ignored due to the 'FORCE_COLOR' env being set.
[2m[WebServer] [22m[0m[1][0m (Use `node --trace-warnings ...` to show where the warning was created)

[1A[2K[2m[WebServer] [22m[0m[1][0m (node:10804) Warning: The 'NO_COLOR' env is ignored due to the 'FORCE_COLOR' env being set.
[2m[WebServer] [22m[0m[1][0m (Use `node --trace-warnings ...` to show where the warning was created)

[1A[2K[2m[WebServer] [22m[0m[1][0m (node:31056) Warning: The 'NO_COLOR' env is ignored due to the 'FORCE_COLOR' env being set.
[2m[WebServer] [22m[0m[1][0m (Use `node --trace-warnings ...` to show where the warning was created)

[1A[2K[2m[WebServer] [22m[0m[1][0m  POST /api/whiteboard/room/Y4IG04DR/presence 200 in 13ms

[1A[2K[2m[WebServer] [22m[0m[1][0m (node:21244) Warning: The 'NO_COLOR' env is ignored due to the 'FORCE_COLOR' env being set.
[2m[WebServer] [22m[0m[1][0m (Use `node --trace-warnings ...` to show where the warning was created)

[1A[2K[2m[WebServer] [22m[0m[1][0m  POST /api/whiteboard/room/Y4IG04DR/presence 200 in 13ms

[1A[2K[2m[WebServer] [22m[0m[1][0m  DELETE /api/whiteboard/room/Y4IG04DR/presence?peerId=user-fpmdb55 200 in 9ms

[1A[2K[37/69] [chromium] › tests\e2e\waiting-room.spec.ts:177:7 › Waiting Room › host can kick an accepted peer
[1A[2K[2m[WebServer] [22m[0m[1][0m (node:15772) Warning: The 'NO_COLOR' env is ignored due to the 'FORCE_COLOR' env being set.
[2m[WebServer] [22m[0m[1][0m (Use `node --trace-warnings ...` to show where the warning was created)

[1A[2K[2m[WebServer] [22m[0m[1][0m  GET /whiteboard 200 in 58ms

[1A[2K[2m[WebServer] [22m[0m[1][0m  POST /api/whiteboard/room/34LO4RA8 200 in 12ms

[1A[2K[2m[WebServer] [22m[0m[1][0m (node:16504) Warning: The 'NO_COLOR' env is ignored due to the 'FORCE_COLOR' env being set.
[2m[WebServer] [22m[0m[1][0m (Use `node --trace-warnings ...` to show where the warning was created)

[1A[2K[2m[WebServer] [22m[0m[1][0m  GET /api/whiteboard/room/34LO4RA8 200 in 10ms

[1A[2K[2m[WebServer] [22m[0m[1][0m (node:3896) Warning: The 'NO_COLOR' env is ignored due to the 'FORCE_COLOR' env being set.
[2m[WebServer] [22m[0m[1][0m (Use `node --trace-warnings ...` to show where the warning was created)

[1A[2K[2m[WebServer] [22m[0m[1][0m  GET /api/whiteboard/room/34LO4RA8 200 in 9ms

[1A[2K[2m[WebServer] [22m[0m[1][0m  POST /api/whiteboard/room/34LO4RA8/presence 200 in 15ms

[1A[2K[2m[WebServer] [22m[0m[1][0m  GET /whiteboard/34LO4RA8 200 in 20ms

[1A[2K[2m[WebServer] [22m[0m[1][0m (node:27020) Warning: The 'NO_COLOR' env is ignored due to the 'FORCE_COLOR' env being set.
[2m[WebServer] [22m[0m[1][0m (Use `node --trace-warnings ...` to show where the warning was created)

[1A[2K[2m[WebServer] [22m[0m[1][0m (node:22380) Warning: The 'NO_COLOR' env is ignored due to the 'FORCE_COLOR' env being set.
[2m[WebServer] [22m[0m[1][0m (Use `node --trace-warnings ...` to show where the warning was created)

[1A[2K[2m[WebServer] [22m[0m[1][0m  GET /api/whiteboard/room/34LO4RA8 200 in 15ms

[1A[2K[2m[WebServer] [22m[0m[1][0m  GET /api/whiteboard/room/34LO4RA8 200 in 9ms

[1A[2K[2m[WebServer] [22m[0m[1][0m  POST /api/whiteboard/room/34LO4RA8/presence 200 in 13ms

[1A[2K[2m[WebServer] [22m[0m[1][0m (node:30212) Warning: The 'NO_COLOR' env is ignored due to the 'FORCE_COLOR' env being set.
[2m[WebServer] [22m[0m[1][0m (Use `node --trace-warnings ...` to show where the warning was created)

[1A[2K[2m[WebServer] [22m[0m[1][0m (node:9148) Warning: The 'NO_COLOR' env is ignored due to the 'FORCE_COLOR' env being set.
[2m[WebServer] [22m[0m[1][0m (Use `node --trace-warnings ...` to show where the warning was created)

[1A[2K[2m[WebServer] [22m[0m[1][0m  POST /api/whiteboard/room/34LO4RA8/presence 200 in 13ms

[1A[2K[2m[WebServer] [22m[0m[1][0m (node:31072) Warning: The 'NO_COLOR' env is ignored due to the 'FORCE_COLOR' env being set.
[2m[WebServer] [22m[0m[1][0m (Use `node --trace-warnings ...` to show where the warning was created)

[1A[2K[2m[WebServer] [22m[0m[1][0m  POST /api/whiteboard/room/34LO4RA8/waiting 200 in 14ms

[1A[2K[2m[WebServer] [22m[0m[1][0m  GET /api/whiteboard/room/34LO4RA8/presence 200 in 13ms

[1A[2K[2m[WebServer] [22m[0m[1][0m  POST /api/whiteboard/room/34LO4RA8/presence 200 in 10ms

[1A[2K[2m[WebServer] [22m[0m[1][0m (node:21664) Warning: The 'NO_COLOR' env is ignored due to the 'FORCE_COLOR' env being set.
[2m[WebServer] [22m[0m[1][0m (Use `node --trace-warnings ...` to show where the warning was created)

[1A[2K[2m[WebServer] [22m[0m[1][0m (node:21084) Warning: The 'NO_COLOR' env is ignored due to the 'FORCE_COLOR' env being set.
[2m[WebServer] [22m[0m[1][0m (Use `node --trace-warnings ...` to show where the warning was created)

[1A[2K[2m[WebServer] [22m[0m[1][0m  POST /api/whiteboard/room/34LO4RA8/presence 200 in 20ms

[1A[2K[2m[WebServer] [22m[0m[1][0m  GET /api/whiteboard/room/34LO4RA8/presence 200 in 9ms

[1A[2K[2m[WebServer] [22m[0m[1][0m (node:27184) Warning: The 'NO_COLOR' env is ignored due to the 'FORCE_COLOR' env being set.
[2m[WebServer] [22m[0m[1][0m (Use `node --trace-warnings ...` to show where the warning was created)

[1A[2K[2m[WebServer] [22m[0m[1][0m  POST /api/whiteboard/room/34LO4RA8/presence 200 in 12ms

[1A[2K[2m[WebServer] [22m[0m[1][0m (node:13480) Warning: The 'NO_COLOR' env is ignored due to the 'FORCE_COLOR' env being set.
[2m[WebServer] [22m[0m[1][0m (Use `node --trace-warnings ...` to show where the warning was created)

[1A[2K[2m[WebServer] [22m[0m[1][0m  POST /api/whiteboard/room/34LO4RA8/presence 200 in 12ms

[1A[2K[2m[WebServer] [22m[0m[1][0m  DELETE /api/whiteboard/room/34LO4RA8/presence?peerId=user-hn5zdpc 200 in 9ms

[1A[2K[2m[WebServer] [22m[0m[1][0m (node:17252) Warning: The 'NO_COLOR' env is ignored due to the 'FORCE_COLOR' env being set.
[2m[WebServer] [22m[0m[1][0m (Use `node --trace-warnings ...` to show where the warning was created)

[1A[2K[38/69] [chromium] › tests\e2e\waiting-room.spec.ts:211:7 › Waiting Room › host can send an accepted peer back to waiting room
[1A[2K[2m[WebServer] [22m[0m[1][0m  GET /whiteboard 200 in 76ms

[1A[2K[2m[WebServer] [22m[0m[1][0m  POST /api/whiteboard/room/DWH38J2A 200 in 13ms

[1A[2K[2m[WebServer] [22m[0m[1][0m  GET /api/whiteboard/room/DWH38J2A 200 in 9ms

[1A[2K[2m[WebServer] [22m[0m[1][0m 

[1A[2K[2m[WebServer] [22m(node:20996) Warning: The 'NO_COLOR' env is ignored due to the 'FORCE_COLOR' env being set.
[2m[WebServer] [22m[0m[1][0m (Use `node --trace-warnings ...` to show where the warning was created)

[1A[2K[2m[WebServer] [22m[0m[1][0m  GET /api/whiteboard/room/DWH38J2A 200 in 9ms

[1A[2K[2m[WebServer] [22m[0m[1][0m (node:21596) Warning: The 'NO_COLOR' env is ignored due to the 'FORCE_COLOR' env being set.
[2m[WebServer] [22m[0m[1][0m (Use `node --trace-warnings ...` to show where the warning was created)

[1A[2K[2m[WebServer] [22m[0m[1][0m  POST /api/whiteboard/room/DWH38J2A/presence 200 in 14ms

[1A[2K[2m[WebServer] [22m[0m[1][0m  GET /whiteboard/DWH38J2A 200 in 26ms

[1A[2K[2m[WebServer] [22m[0m[1][0m (node:30916) Warning: The 'NO_COLOR' env is ignored due to the 'FORCE_COLOR' env being set.
[2m[WebServer] [22m[0m[1][0m (Use `node --trace-warnings ...` to show where the warning was created)

[1A[2K[2m[WebServer] [22m[0m[1][0m (node:8632) Warning: The 'NO_COLOR' env is ignored due to the 'FORCE_COLOR' env being set.
[2m[WebServer] [22m[0m[1][0m (Use `node --trace-warnings ...` to show where the warning was created)

[1A[2K[2m[WebServer] [22m[0m[1][0m  GET /api/whiteboard/room/DWH38J2A 200 in 19ms

[1A[2K[2m[WebServer] [22m[0m[1][0m  GET /api/whiteboard/room/DWH38J2A 200 in 11ms

[1A[2K[2m[WebServer] [22m[0m[1][0m  POST /api/whiteboard/room/DWH38J2A/presence 200 in 15ms

[1A[2K[2m[WebServer] [22m[0m[1][0m (node:9496) Warning: The 'NO_COLOR' env is ignored due to the 'FORCE_COLOR' env being set.
[2m[WebServer] [22m[0m[1][0m (Use `node --trace-warnings ...` to show where the warning was created)

[1A[2K[2m[WebServer] [22m[0m[1][0m (node:17864) Warning: The 'NO_COLOR' env is ignored due to the 'FORCE_COLOR' env being set.
[2m[WebServer] [22m[0m[1][0m (Use `node --trace-warnings ...` to show where the warning was created)

[1A[2K[2m[WebServer] [22m[0m[1][0m  POST /api/whiteboard/room/DWH38J2A/presence 200 in 16ms

[1A[2K[2m[WebServer] [22m[0m[1][0m (node:27756) Warning: The 'NO_COLOR' env is ignored due to the 'FORCE_COLOR' env being set.
[2m[WebServer] [22m[0m[1][0m (Use `node --trace-warnings ...` to show where the warning was created)

[1A[2K[2m[WebServer] [22m[0m[1][0m  POST /api/whiteboard/room/DWH38J2A/waiting 200 in 13ms

[1A[2K[2m[WebServer] [22m[0m[1][0m  GET /api/whiteboard/room/DWH38J2A/presence 200 in 12ms

[1A[2K[2m[WebServer] [22m[0m[1][0m  POST /api/whiteboard/room/DWH38J2A/presence 200 in 9ms

[1A[2K[2m[WebServer] [22m[0m[1][0m (node:25696) Warning: The 'NO_COLOR' env is ignored due to the 'FORCE_COLOR' env being set.
[2m[WebServer] [22m[0m[1][0m (Use `node --trace-warnings ...` to show where the warning was created)

[1A[2K[2m[WebServer] [22m[0m[1][0m (node:28752) Warning: The 'NO_COLOR' env is ignored due to the 'FORCE_COLOR' env being set.
[2m[WebServer] [22m[0m[1][0m (Use `node --trace-warnings ...` to show where the warning was created)

[1A[2K[2m[WebServer] [22m[0m[1][0m  POST /api/whiteboard/room/DWH38J2A/presence 200 in 15ms

[1A[2K[2m[WebServer] [22m[0m[1][0m  GET /api/whiteboard/room/DWH38J2A/presence 200 in 8ms

[1A[2K[2m[WebServer] [22m[0m[1][0m (node:2896) Warning: The 'NO_COLOR' env is ignored due to the 'FORCE_COLOR' env being set.
[2m[WebServer] [22m[0m[1][0m (Use `node --trace-warnings ...` to show where the warning was created)

[1A[2K[2m[WebServer] [22m[0m[1][0m  POST /api/whiteboard/room/DWH38J2A/presence 200 in 13ms

[1A[2K[2m[WebServer] [22m[0m[1][0m (node:21928) Warning: The 'NO_COLOR' env is ignored due to the 'FORCE_COLOR' env being set.
[2m[WebServer] [22m[0m[1][0m (Use `node --trace-warnings ...` to show where the warning was created)

[1A[2K[2m[WebServer] [22m[0m[1][0m  POST /api/whiteboard/room/DWH38J2A/presence 200 in 12ms

[1A[2K[2m[WebServer] [22m[0m[1][0m (node:23772) Warning: The 'NO_COLOR' env is ignored due to the 'FORCE_COLOR' env being set.
[2m[WebServer] [22m[0m[1][0m (Use `node --trace-warnings ...` to show where the warning was created)

[1A[2K[39/69] [chromium] › tests\e2e\waiting-room.spec.ts:243:7 › Waiting Room › host can approve, kick, and re-approve a peer
[1A[2K[2m[WebServer] [22m[0m[1][0m  GET /whiteboard 200 in 62ms

[1A[2K[2m[WebServer] [22m[0m[1][0m  POST /api/whiteboard/room/BPTRGRC5 200 in 13ms

[1A[2K[2m[WebServer] [22m[0m[1][0m (node:12212) Warning: The 'NO_COLOR' env is ignored due to the 'FORCE_COLOR' env being set.
[2m[WebServer] [22m[0m[1][0m (Use `node --trace-warnings ...` to show where the warning was created)

[1A[2K[2m[WebServer] [22m[0m[1][0m  GET /api/whiteboard/room/BPTRGRC5 200 in 16ms

[1A[2K[2m[WebServer] [22m[0m[1][0m (node:31184) Warning: The 'NO_COLOR' env is ignored due to the 'FORCE_COLOR' env being set.
[2m[WebServer] [22m[0m[1][0m (Use `node --trace-warnings ...` to show where the warning was created)

[1A[2K[2m[WebServer] [22m[0m[1][0m  GET /api/whiteboard/room/BPTRGRC5 200 in 8ms

[1A[2K[2m[WebServer] [22m[0m[1][0m  POST /api/whiteboard/room/BPTRGRC5/presence 200 in 15ms

[1A[2K[2m[WebServer] [22m[0m[1][0m  GET /whiteboard/BPTRGRC5 200 in 20ms

[1A[2K[2m[WebServer] [22m[0m[1][0m (node:30516) Warning: The 'NO_COLOR' env is ignored due to the 'FORCE_COLOR' env being set.
[2m[WebServer] [22m[0m[1][0m (Use `node --trace-warnings ...` to show where the warning was created)

[1A[2K[2m[WebServer] [22m[0m[1][0m (node:13960) Warning: The 'NO_COLOR' env is ignored due to the 'FORCE_COLOR' env being set.
[2m[WebServer] [22m[0m[1][0m (Use `node --trace-warnings ...` to show where the warning was created)

[1A[2K[2m[WebServer] [22m[0m[1][0m  GET /api/whiteboard/room/BPTRGRC5 200 in 15ms

[1A[2K[2m[WebServer] [22m[0m[1][0m  GET /api/whiteboard/room/BPTRGRC5 200 in 8ms

[1A[2K[2m[WebServer] [22m[0m[1][0m  POST /api/whiteboard/room/BPTRGRC5/presence 200 in 14ms

[1A[2K[2m[WebServer] [22m[0m[1][0m (node:15436) Warning: The 'NO_COLOR' env is ignored due to the 'FORCE_COLOR' env being set.
[2m[WebServer] [22m[0m[1][0m (Use `node --trace-warnings ...` to show where the warning was created)

[1A[2K[2m[WebServer] [22m[0m[1][0m (node:21704) Warning: The 'NO_COLOR' env is ignored due to the 'FORCE_COLOR' env being set.
[2m[WebServer] [22m[0m[1][0m (Use `node --trace-warnings ...` to show where the warning was created)

[1A[2K[2m[WebServer] [22m[0m[1][0m  POST /api/whiteboard/room/BPTRGRC5/presence 200 in 12ms

[1A[2K[2m[WebServer] [22m[0m[1][0m (node:2512) Warning: The 'NO_COLOR' env is ignored due to the 'FORCE_COLOR' env being set.
[2m[WebServer] [22m[0m[1][0m (Use `node --trace-warnings ...` to show where the warning was created)

[1A[2K[2m[WebServer] [22m[0m[1][0m  POST /api/whiteboard/room/BPTRGRC5/waiting 200 in 13ms

[1A[2K[2m[WebServer] [22m[0m[1][0m  GET /api/whiteboard/room/BPTRGRC5/presence 200 in 13ms

[1A[2K[2m[WebServer] [22m[0m[1][0m  POST /api/whiteboard/room/BPTRGRC5/presence 200 in 9ms

[1A[2K[2m[WebServer] [22m[0m[1][0m (node:21664) Warning: The 'NO_COLOR' env is ignored due to the 'FORCE_COLOR' env being set.
[2m[WebServer] [22m[0m[1][0m (Use `node --trace-warnings ...` to show where the warning was created)

[1A[2K[2m[WebServer] [22m[0m[1][0m (node:27328) Warning: The 'NO_COLOR' env is ignored due to the 'FORCE_COLOR' env being set.
[2m[WebServer] [22m[0m[1][0m (Use `node --trace-warnings ...` to show where the warning was created)

[1A[2K[2m[WebServer] [22m[0m[1][0m  POST /api/whiteboard/room/BPTRGRC5/presence 200 in 24ms

[1A[2K[2m[WebServer] [22m[0m[1][0m  GET /api/whiteboard/room/BPTRGRC5/presence 200 in 15ms

[1A[2K[2m[WebServer] [22m[0m[1][0m  GET /whiteboard/BPTRGRC5 200 in 56ms

[1A[2K[2m[WebServer] [22m[0m[1][0m (node:24736) Warning: The 'NO_COLOR' env is ignored due to the 'FORCE_COLOR' env being set.
[2m[WebServer] [22m[0m[1][0m (Use `node --trace-warnings ...` to show where the warning was created)

[1A[2K[2m[WebServer] [22m[0m[1][0m (node:7016) Warning: The 'NO_COLOR' env is ignored due to the 'FORCE_COLOR' env being set.
[2m[WebServer] [22m[0m[1][0m (Use `node --trace-warnings ...` to show where the warning was created)

[1A[2K[2m[WebServer] [22m[0m[1][0m  GET /api/whiteboard/room/BPTRGRC5 200 in 15ms

[1A[2K[2m[WebServer] [22m[0m[1][0m  POST /api/whiteboard/room/BPTRGRC5/presence 200 in 17ms

[1A[2K[2m[WebServer] [22m[0m[1][0m  GET /api/whiteboard/room/BPTRGRC5 200 in 22ms

[1A[2K[2m[WebServer] [22m[0m[1][0m  DELETE /api/whiteboard/room/BPTRGRC5/presence?peerId=user-r5q3x0v 200 in 9ms

[1A[2K[2m[WebServer] [22m[0m[1][0m  POST /api/whiteboard/room/BPTRGRC5/presence 200 in 10ms

[1A[2K[2m[WebServer] [22m[0m[1][0m (node:13972) Warning: The 'NO_COLOR' env is ignored due to the 'FORCE_COLOR' env being set.
[2m[WebServer] [22m[0m[1][0m (Use `node --trace-warnings ...` to show where the warning was created)

[1A[2K[2m[WebServer] [22m[0m[1][0m (node:22644) Warning: The 'NO_COLOR' env is ignored due to the 'FORCE_COLOR' env being set.
[2m[WebServer] [22m[0m[1][0m (Use `node --trace-warnings ...` to show where the warning was created)

[1A[2K[2m[WebServer] [22m[0m[1][0m  POST /api/whiteboard/room/BPTRGRC5/presence 200 in 12ms

[1A[2K[2m[WebServer] [22m[0m[1][0m (node:14196) Warning: The 'NO_COLOR' env is ignored due to the 'FORCE_COLOR' env being set.
[2m[WebServer] [22m[0m[1][0m (Use `node --trace-warnings ...` to show where the warning was created)

[1A[2K[2m[WebServer] [22m[0m[1][0m  POST /api/whiteboard/room/BPTRGRC5/waiting 200 in 13ms

[1A[2K[2m[WebServer] [22m[0m[1][0m  GET /api/whiteboard/room/BPTRGRC5/presence 200 in 12ms

[1A[2K[2m[WebServer] [22m[0m[1][0m (node:27772) Warning: The 'NO_COLOR' env is ignored due to the 'FORCE_COLOR' env being set.
[2m[WebServer] [22m[0m[1][0m (Use `node --trace-warnings ...` to show where the warning was created)

[1A[2K[2m[WebServer] [22m[0m[1][0m (node:30248) Warning: The 'NO_COLOR' env is ignored due to the 'FORCE_COLOR' env being set.
[2m[WebServer] [22m[0m[1][0m (Use `node --trace-warnings ...` to show where the warning was created)

[1A[2K[2m[WebServer] [22m[0m[1][0m  POST /api/whiteboard/room/BPTRGRC5/presence 200 in 13ms

[1A[2K[2m[WebServer] [22m[0m[1][0m (node:25912) Warning: The 'NO_COLOR' env is ignored due to the 'FORCE_COLOR' env being set.
[2m[WebServer] [22m[0m[1][0m (Use `node --trace-warnings ...` to show where the warning was created)

[1A[2K[40/69] [chromium] › tests\e2e\waiting-room.spec.ts:284:7 › Waiting Room › approved non-host cannot approve or moderate another waiting peer
[1A[2K[2m[WebServer] [22m[0m[1][0m  GET /whiteboard 200 in 82ms

[1A[2K[2m[WebServer] [22m[0m[1][0m  POST /api/whiteboard/room/O04BV4R8 200 in 15ms

[1A[2K[2m[WebServer] [22m[0m[1][0m (node:16240) Warning: The 'NO_COLOR' env is ignored due to the 'FORCE_COLOR' env being set.
[2m[WebServer] [22m[0m[1][0m (Use `node --trace-warnings ...` to show where the warning was created)

[1A[2K[2m[WebServer] [22m[0m[1][0m  GET /api/whiteboard/room/O04BV4R8 200 in 9ms

[1A[2K[2m[WebServer] [22m[0m[1][0m  GET /api/whiteboard/room/O04BV4R8 200 in 10ms

[1A[2K[2m[WebServer] [22m[0m[1][0m (node:31152) Warning: The 'NO_COLOR' env is ignored due to the 'FORCE_COLOR' env being set.
[2m[WebServer] [22m[0m[1][0m (Use `node --trace-warnings ...` to show where the warning was created)

[1A[2K[2m[WebServer] [22m[0m[1][0m 

[1A[2K[2m[WebServer] [22m POST /api/whiteboard/room/O04BV4R8/presence 200 in 13ms

[1A[2K[2m[WebServer] [22m[0m[1][0m  GET /whiteboard/O04BV4R8 200 in 21ms

[1A[2K[2m[WebServer] [22m[0m[1][0m (node:17692) Warning: The 'NO_COLOR' env is ignored due to the 'FORCE_COLOR' env being set.
[2m[WebServer] [22m[0m[1][0m (Use `node --trace-warnings ...` to show where the warning was created)

[1A[2K[2m[WebServer] [22m[0m[1][0m (node:21228) Warning: The 'NO_COLOR' env is ignored due to the 'FORCE_COLOR' env being set.
[2m[WebServer] [22m[0m[1][0m (Use `node --trace-warnings ...` to show where the warning was created)

[1A[2K[2m[WebServer] [22m[0m[1][0m  GET /api/whiteboard/room/O04BV4R8 200 in 19ms

[1A[2K[2m[WebServer] [22m[0m[1][0m  GET /api/whiteboard/room/O04BV4R8 200 in 10ms

[1A[2K[2m[WebServer] [22m[0m[1][0m 

[1A[2K[2m[WebServer] [22m POST /api/whiteboard/room/O04BV4R8/presence 200 in 16ms

[1A[2K[2m[WebServer] [22m[0m[1][0m (node:19204) Warning: The 'NO_COLOR' env is ignored due to the 'FORCE_COLOR' env being set.
[2m[WebServer] [22m[0m[1][0m (Use `node --trace-warnings ...` to show where the warning was created)

[1A[2K[2m[WebServer] [22m[0m[1][0m (node:11748) Warning: The 'NO_COLOR' env is ignored due to the 'FORCE_COLOR' env being set.
[2m[WebServer] [22m[0m[1][0m (Use `node --trace-warnings ...` to show where the warning was created)

[1A[2K[2m[WebServer] [22m[0m[1][0m  POST /api/whiteboard/room/O04BV4R8/presence 200 in 13ms

[1A[2K[2m[WebServer] [22m[0m[1][0m (node:32544) Warning: The 'NO_COLOR' env is ignored due to the 'FORCE_COLOR' env being set.
[2m[WebServer] [22m[0m[1][0m (Use `node --trace-warnings ...` to show where the warning was created)

[1A[2K[2m[WebServer] [22m[0m[1][0m  POST /api/whiteboard/room/O04BV4R8/waiting 200 in 14ms

[1A[2K[2m[WebServer] [22m[0m[1][0m  GET /api/whiteboard/room/O04BV4R8/presence 200 in 12ms

[1A[2K[2m[WebServer] [22m[0m[1][0m  POST /api/whiteboard/room/O04BV4R8/presence 200 in 10ms

[1A[2K[2m[WebServer] [22m[0m[1][0m  GET /whiteboard/O04BV4R8 200 in 62ms

[1A[2K[2m[WebServer] [22m[0m[1][0m (node:5868) Warning: The 'NO_COLOR' env is ignored due to the 'FORCE_COLOR' env being set.
[2m[WebServer] [22m[0m[1][0m (Use `node --trace-warnings ...` to show where the warning was created)

[1A[2K[2m[WebServer] [22m[0m[1][0m (node:5776) Warning: The 'NO_COLOR' env is ignored due to the 'FORCE_COLOR' env being set.
[2m[WebServer] [22m[0m[1][0m (Use `node --trace-warnings ...` to show where the warning was created)

[1A[2K[2m[WebServer] [22m[0m[1][0m (node:28364) Warning: The 'NO_COLOR' env is ignored due to the 'FORCE_COLOR' env being set.
[2m[WebServer] [22m[0m[1][0m (Use `node --trace-warnings ...` to show where the warning was created)

[1A[2K[2m[WebServer] [22m[0m[1][0m  GET /api/whiteboard/room/O04BV4R8 200 in 15ms

[1A[2K[2m[WebServer] [22m[0m[1][0m  GET /api/whiteboard/room/O04BV4R8 200 in 9ms

[1A[2K[2m[WebServer] [22m[0m[1][0m  POST /api/whiteboard/room/O04BV4R8/presence 200 in 16ms

[1A[2K[2m[WebServer] [22m[0m[1][0m (node:21836) Warning: The 'NO_COLOR' env is ignored due to the 'FORCE_COLOR' env being set.
[2m[WebServer] [22m[0m[1][0m (Use `node --trace-warnings ...` to show where the warning was created)

[1A[2K[2m[WebServer] [22m[0m[1][0m (node:8832) Warning: The 'NO_COLOR' env is ignored due to the 'FORCE_COLOR' env being set.
[2m[WebServer] [22m[0m[1][0m (Use `node --trace-warnings ...` to show where the warning was created)

[1A[2K[41/69] [chromium] › tests\e2e\waiting-room.spec.ts:320:7 › Waiting Room › presence panel collapses and expands from the top toggle
[1A[2K[2m[WebServer] [22m[0m[1][0m  GET /whiteboard 200 in 36ms

[1A[2K[2m[WebServer] [22m[0m[1][0m  POST /api/whiteboard/room/HYBHHE9W 200 in 14ms

[1A[2K[2m[WebServer] [22m[0m[1][0m (node:1112) Warning: The 'NO_COLOR' env is ignored due to the 'FORCE_COLOR' env being set.
[2m[WebServer] [22m[0m[1][0m (Use `node --trace-warnings ...` to show where the warning was created)

[1A[2K[2m[WebServer] [22m[0m[1][0m  GET /api/whiteboard/room/HYBHHE9W 200 in 9ms

[1A[2K[2m[WebServer] [22m[0m[1][0m  GET /api/whiteboard/room/HYBHHE9W 200 in 11ms

[1A[2K[2m[WebServer] [22m[0m[1][0m (node:29708) Warning: The 'NO_COLOR' env is ignored due to the 'FORCE_COLOR' env being set.
[2m[WebServer] [22m[0m[1][0m (Use `node --trace-warnings ...` to show where the warning was created)

[1A[2K[2m[WebServer] [22m[0m[1][0m  POST /api/whiteboard/room/HYBHHE9W/presence 200 in 16ms

[1A[2K[2m[WebServer] [22m[0m[1][0m (node:31652) Warning: The 'NO_COLOR' env is ignored due to the 'FORCE_COLOR' env being set.
[2m[WebServer] [22m[0m[1][0m (Use `node --trace-warnings ...` to show where the warning was created)

[1A[2K[42/69] [chromium] › tests\e2e\waiting-room.spec.ts:338:7 › Waiting Room › host can open peer moderation menu with left click
[1A[2K[2m[WebServer] [22m[0m[1][0m  GET /whiteboard 200 in 74ms

[1A[2K[2m[WebServer] [22m[0m[1][0m  POST /api/whiteboard/room/HQLHS59O 200 in 12ms

[1A[2K[2m[WebServer] [22m[0m[1][0m  GET /api/whiteboard/room/HQLHS59O 200 in 9ms

[1A[2K[2m[WebServer] [22m[0m[1][0m (node:3016) Warning: The 'NO_COLOR' env is ignored due to the 'FORCE_COLOR' env being set.
[2m[WebServer] [22m[0m[1][0m (Use `node --trace-warnings ...` to show where the warning was created)

[1A[2K[2m[WebServer] [22m[0m[1][0m  GET /api/whiteboard/room/HQLHS59O 200 in 15ms

[1A[2K[2m[WebServer] [22m[0m[1][0m (node:32468) Warning: The 'NO_COLOR' env is ignored due to the 'FORCE_COLOR' env being set.
[2m[WebServer] [22m[0m[1][0m (Use `node --trace-warnings ...` to show where the warning was created)

[1A[2K[2m[WebServer] [22m[0m[1][0m  POST /api/whiteboard/room/HQLHS59O/presence 200 in 16ms

[1A[2K[2m[WebServer] [22m[0m[1][0m  GET /whiteboard/HQLHS59O 200 in 20ms

[1A[2K[2m[WebServer] [22m[0m[1][0m (node:31084) Warning: The 'NO_COLOR' env is ignored due to the 'FORCE_COLOR' env being set.
[2m[WebServer] [22m[0m[1][0m (Use `node --trace-warnings ...` to show where the warning was created)

[1A[2K[2m[WebServer] [22m[0m[1][0m 

[1A[2K[2m[WebServer] [22m(node:508) Warning: The 'NO_COLOR' env is ignored due to the 'FORCE_COLOR' env being set.
[2m[WebServer] [22m[0m[1][0m (Use `node --trace-warnings ...` to show where the warning was created)

[1A[2K[2m[WebServer] [22m[0m[1][0m  GET /api/whiteboard/room/HQLHS59O 200 in 16ms

[1A[2K[2m[WebServer] [22m[0m[1][0m  GET /api/whiteboard/room/HQLHS59O 200 in 10ms

[1A[2K[2m[WebServer] [22m[0m[1][0m  POST /api/whiteboard/room/HQLHS59O/presence 200 in 14ms

[1A[2K[2m[WebServer] [22m[0m[1][0m (node:27224) Warning: The 'NO_COLOR' env is ignored due to the 'FORCE_COLOR' env being set.
[2m[WebServer] [22m[0m[1][0m (Use `node --trace-warnings ...` to show where the warning was created)

[1A[2K[2m[WebServer] [22m[0m[1][0m (node:11980) Warning: The 'NO_COLOR' env is ignored due to the 'FORCE_COLOR' env being set.
[2m[WebServer] [22m[0m[1][0m (Use `node --trace-warnings ...` to show where the warning was created)

[1A[2K[2m[WebServer] [22m[0m[1][0m  POST /api/whiteboard/room/HQLHS59O/presence 200 in 14ms

[1A[2K[2m[WebServer] [22m[0m[1][0m (node:3408) Warning: The 'NO_COLOR' env is ignored due to the 'FORCE_COLOR' env being set.
[2m[WebServer] [22m[0m[1][0m (Use `node --trace-warnings ...` to show where the warning was created)

[1A[2K[2m[WebServer] [22m[0m[1][0m  POST /api/whiteboard/room/HQLHS59O/waiting 200 in 14ms

[1A[2K[2m[WebServer] [22m[0m[1][0m  GET /api/whiteboard/room/HQLHS59O/presence 200 in 13ms

[1A[2K[2m[WebServer] [22m[0m[1][0m  POST /api/whiteboard/room/HQLHS59O/presence 200 in 9ms

[1A[2K[2m[WebServer] [22m[0m[1][0m (node:17772) Warning: The 'NO_COLOR' env is ignored due to the 'FORCE_COLOR' env being set.
[2m[WebServer] [22m[0m[1][0m (Use `node --trace-warnings ...` to show where the warning was created)

[1A[2K[2m[WebServer] [22m[0m[1][0m (node:28780) Warning: The 'NO_COLOR' env is ignored due to the 'FORCE_COLOR' env being set.
[2m[WebServer] [22m[0m[1][0m (Use `node --trace-warnings ...` to show where the warning was created)

[1A[2K[43/69] [chromium] › tests\e2e\waiting-room.spec.ts:362:7 › Waiting Room › host can open peer moderation menu from the visible options button
[1A[2K[2m[WebServer] [22m[0m[1][0m  GET /whiteboard 200 in 51ms

[1A[2K[2m[WebServer] [22m[0m[1][0m  POST /api/whiteboard/room/0BZVAHWR 200 in 15ms

[1A[2K[2m[WebServer] [22m[0m[1][0m  GET /api/whiteboard/room/0BZVAHWR 200 in 12ms

[1A[2K[2m[WebServer] [22m[0m[1][0m (node:30396) Warning: The 'NO_COLOR' env is ignored due to the 'FORCE_COLOR' env being set.
[2m[WebServer] [22m[0m[1][0m (Use `node --trace-warnings ...` to show where the warning was created)

[1A[2K[2m[WebServer] [22m[0m[1][0m  GET /api/whiteboard/room/0BZVAHWR 200 in 9ms

[1A[2K[2m[WebServer] [22m[0m[1][0m (node:32364) Warning: The 'NO_COLOR' env is ignored due to the 'FORCE_COLOR' env being set.
[2m[WebServer] [22m[0m[1][0m (Use `node --trace-warnings ...` to show where the warning was created)

[1A[2K[2m[WebServer] [22m[0m[1][0m  POST /api/whiteboard/room/0BZVAHWR/presence 200 in 14ms

[1A[2K[2m[WebServer] [22m[0m[1][0m  GET /whiteboard/0BZVAHWR 200 in 21ms

[1A[2K[2m[WebServer] [22m[0m[1][0m (node:31736) Warning: The 'NO_COLOR' env is ignored due to the 'FORCE_COLOR' env being set.
[2m[WebServer] [22m[0m[1][0m (Use `node --trace-warnings ...` to show where the warning was created)

[1A[2K[2m[WebServer] [22m[0m[1][0m (node:11508) Warning: The 'NO_COLOR' env is ignored due to the 'FORCE_COLOR' env being set.
[2m[WebServer] [22m[0m[1][0m (Use `node --trace-warnings ...` to show where the warning was created)

[1A[2K[2m[WebServer] [22m[0m[1][0m  GET /api/whiteboard/room/0BZVAHWR 200 in 15ms

[1A[2K[2m[WebServer] [22m[0m[1][0m  GET /api/whiteboard/room/0BZVAHWR 200 in 11ms

[1A[2K[2m[WebServer] [22m[0m[1][0m  POST /api/whiteboard/room/0BZVAHWR/presence 200 in 14ms

[1A[2K[2m[WebServer] [22m[0m[1][0m (node:14696) Warning: The 'NO_COLOR' env is ignored due to the 'FORCE_COLOR' env being set.
[2m[WebServer] [22m[0m[1][0m (Use `node --trace-warnings ...` to show where the warning was created)

[1A[2K[2m[WebServer] [22m[0m[1][0m (node:27476) Warning: The 'NO_COLOR' env is ignored due to the 'FORCE_COLOR' env being set.
[2m[WebServer] [22m[0m[1][0m (Use `node --trace-warnings ...` to show where the warning was created)

[1A[2K[2m[WebServer] [22m[0m[1][0m  POST /api/whiteboard/room/0BZVAHWR/presence 200 in 13ms

[1A[2K[2m[WebServer] [22m[0m[1][0m (node:2448) Warning: The 'NO_COLOR' env is ignored due to the 'FORCE_COLOR' env being set.
[2m[WebServer] [22m[0m[1][0m (Use `node --trace-warnings ...` to show where the warning was created)

[1A[2K[2m[WebServer] [22m[0m[1][0m  POST /api/whiteboard/room/0BZVAHWR/waiting 200 in 20ms

[1A[2K[2m[WebServer] [22m[0m[1][0m  GET /api/whiteboard/room/0BZVAHWR/presence 200 in 14ms

[1A[2K[2m[WebServer] [22m[0m[1][0m  POST /api/whiteboard/room/0BZVAHWR/presence 200 in 10ms

[1A[2K[2m[WebServer] [22m[0m[1][0m (node:22260) Warning: The 'NO_COLOR' env is ignored due to the 'FORCE_COLOR' env being set.
[2m[WebServer] [22m[0m[1][0m (Use `node --trace-warnings ...` to show where the warning was created)

[1A[2K[2m[WebServer] [22m[0m[1][0m (node:24116) Warning: The 'NO_COLOR' env is ignored due to the 'FORCE_COLOR' env being set.
[2m[WebServer] [22m[0m[1][0m (Use `node --trace-warnings ...` to show where the warning was created)

[1A[2K[44/69] [chromium] › tests\e2e\waiting-room.spec.ts:385:7 › Waiting Room › host only sees moderation actions through the context menu for an approved peer
[1A[2K[2m[WebServer] [22m[0m[1][0m  GET /whiteboard 200 in 26ms

[1A[2K[2m[WebServer] [22m[0m[1][0m  POST /api/whiteboard/room/O1QI8TAQ 200 in 13ms

[1A[2K[2m[WebServer] [22m[0m[1][0m  GET /api/whiteboard/room/O1QI8TAQ 200 in 10ms

[1A[2K[2m[WebServer] [22m[0m[1][0m  GET /api/whiteboard/room/O1QI8TAQ 200 in 9ms

[1A[2K[2m[WebServer] [22m[0m[1][0m (node:32236) Warning: The 'NO_COLOR' env is ignored due to the 'FORCE_COLOR' env being set.
[2m[WebServer] [22m[0m[1][0m (Use `node --trace-warnings ...` to show where the warning was created)

[1A[2K[2m[WebServer] [22m[0m[1][0m (node:32696) Warning: The 'NO_COLOR' env is ignored due to the 'FORCE_COLOR' env being set.
[2m[WebServer] [22m[0m[1][0m (Use `node --trace-warnings ...` to show where the warning was created)

[1A[2K[2m[WebServer] [22m[0m[1][0m  POST /api/whiteboard/room/O1QI8TAQ/presence 200 in 16ms

[1A[2K[2m[WebServer] [22m[0m[1][0m  GET /whiteboard/O1QI8TAQ 200 in 22ms

[1A[2K[2m[WebServer] [22m[0m[1][0m (node:28940) Warning: The 'NO_COLOR' env is ignored due to the 'FORCE_COLOR' env being set.
[2m[WebServer] [22m[0m[1][0m (Use `node --trace-warnings ...` to show where the warning was created)

[1A[2K[2m[WebServer] [22m[0m[1][0m (node:15436) Warning: The 'NO_COLOR' env is ignored due to the 'FORCE_COLOR' env being set.
[2m[WebServer] [22m[0m[1][0m (Use `node --trace-warnings ...` to show where the warning was created)

[1A[2K[2m[WebServer] [22m[0m[1][0m  GET /api/whiteboard/room/O1QI8TAQ 200 in 18ms

[1A[2K[2m[WebServer] [22m[0m[1][0m  GET /api/whiteboard/room/O1QI8TAQ 200 in 18ms

[1A[2K[2m[WebServer] [22m[0m[1][0m  POST /api/whiteboard/room/O1QI8TAQ/presence 200 in 14ms

[1A[2K[2m[WebServer] [22m[0m[1][0m (node:5140) Warning: The 'NO_COLOR' env is ignored due to the 'FORCE_COLOR' env being set.
[2m[WebServer] [22m[0m[1][0m (Use `node --trace-warnings ...` to show where the warning was created)

[1A[2K[2m[WebServer] [22m[0m[1][0m (node:30516) Warning: The 'NO_COLOR' env is ignored due to the 'FORCE_COLOR' env being set.
[2m[WebServer] [22m[0m[1][0m (Use `node --trace-warnings ...` to show where the warning was created)

[1A[2K[2m[WebServer] [22m[0m[1][0m  POST /api/whiteboard/room/O1QI8TAQ/presence 200 in 12ms

[1A[2K[2m[WebServer] [22m[0m[1][0m (node:18860) Warning: The 'NO_COLOR' env is ignored due to the 'FORCE_COLOR' env being set.
[2m[WebServer] [22m[0m[1][0m (Use `node --trace-warnings ...` to show where the warning was created)

[1A[2K[2m[WebServer] [22m[0m[1][0m  POST /api/whiteboard/room/O1QI8TAQ/waiting 200 in 12ms

[1A[2K[2m[WebServer] [22m[0m[1][0m  GET /api/whiteboard/room/O1QI8TAQ/presence 200 in 13ms

[1A[2K[2m[WebServer] [22m[0m[1][0m  POST /api/whiteboard/room/O1QI8TAQ/presence 200 in 8ms

[1A[2K[2m[WebServer] [22m[0m[1][0m (node:11712) Warning: The 'NO_COLOR' env is ignored due to the 'FORCE_COLOR' env being set.
[2m[WebServer] [22m[0m[1][0m (Use `node --trace-warnings ...` to show where the warning was created)

[1A[2K[2m[WebServer] [22m[0m[1][0m (node:16492) Warning: The 'NO_COLOR' env is ignored due to the 'FORCE_COLOR' env being set.
[2m[WebServer] [22m[0m[1][0m (Use `node --trace-warnings ...` to show where the warning was created)

[1A[2K[2m[WebServer] [22m[0m[1][0m  POST /api/whiteboard/room/O1QI8TAQ/presence 200 in 14ms

[1A[2K[2m[WebServer] [22m[0m[1][0m  GET /api/whiteboard/room/O1QI8TAQ/presence 200 in 9ms

[1A[2K[2m[WebServer] [22m[0m[1][0m (node:31576) Warning: The 'NO_COLOR' env is ignored due to the 'FORCE_COLOR' env being set.
[2m[WebServer] [22m[0m[1][0m (Use `node --trace-warnings ...` to show where the warning was created)

[1A[2K[2m[WebServer] [22m[0m[1][0m  POST /api/whiteboard/room/O1QI8TAQ/presence 200 in 12ms

[1A[2K[2m[WebServer] [22m[0m[1][0m (node:17664) Warning: The 'NO_COLOR' env is ignored due to the 'FORCE_COLOR' env being set.
[2m[WebServer] [22m[0m[1][0m (Use `node --trace-warnings ...` to show where the warning was created)

[1A[2K[2m[WebServer] [22m[0m[1][0m  POST /api/whiteboard/room/O1QI8TAQ/presence 200 in 12ms

[1A[2K[2m[WebServer] [22m[0m[1][0m  DELETE /api/whiteboard/room/O1QI8TAQ/presence?peerId=user-o5wev5u 200 in 8ms

[1A[2K[45/69] [chromium] › tests\e2e\waiting-room.spec.ts:414:7 › Waiting Room › host only sees let in and reject actions for a waiting peer context menu
[1A[2K[2m[WebServer] [22m[0m[1][0m 

[1A[2K[2m[WebServer] [22m(node:32392) Warning: The 'NO_COLOR' env is ignored due to the 'FORCE_COLOR' env being set.
[2m[WebServer] [22m[0m[1][0m (Use `node --trace-warnings ...` to show where the warning was created)

[1A[2K[2m[WebServer] [22m[0m[1][0m  GET /whiteboard 200 in 58ms

[1A[2K[2m[WebServer] [22m[0m[1][0m  POST /api/whiteboard/room/M13JT8XS 200 in 19ms

[1A[2K[2m[WebServer] [22m[0m[1][0m (node:18156) Warning: The 'NO_COLOR' env is ignored due to the 'FORCE_COLOR' env being set.
[2m[WebServer] [22m[0m[1][0m (Use `node --trace-warnings ...` to show where the warning was created)

[1A[2K[2m[WebServer] [22m[0m[1][0m  GET /api/whiteboard/room/M13JT8XS 200 in 9ms

[1A[2K[2m[WebServer] [22m[0m[1][0m  GET /api/whiteboard/room/M13JT8XS 200 in 9ms

[1A[2K[2m[WebServer] [22m[0m[1][0m (node:3312) Warning: The 'NO_COLOR' env is ignored due to the 'FORCE_COLOR' env being set.
[2m[WebServer] [22m[0m[1][0m (Use `node --trace-warnings ...` to show where the warning was created)

[1A[2K[2m[WebServer] [22m[0m[1][0m  POST /api/whiteboard/room/M13JT8XS/presence 200 in 15ms

[1A[2K[2m[WebServer] [22m[0m[1][0m  GET /whiteboard/M13JT8XS 200 in 22ms

[1A[2K[2m[WebServer] [22m[0m[1][0m (node:23648) Warning: The 'NO_COLOR' env is ignored due to the 'FORCE_COLOR' env being set.
[2m[WebServer] [22m[0m[1][0m (Use `node --trace-warnings ...` to show where the warning was created)

[1A[2K[2m[WebServer] [22m[0m[1][0m (node:26356) Warning: The 'NO_COLOR' env is ignored due to the 'FORCE_COLOR' env being set.
[2m[WebServer] [22m[0m[1][0m (Use `node --trace-warnings ...` to show where the warning was created)

[1A[2K[2m[WebServer] [22m[0m[1][0m  GET /api/whiteboard/room/M13JT8XS 200 in 14ms

[1A[2K[2m[WebServer] [22m[0m[1][0m  GET /api/whiteboard/room/M13JT8XS 200 in 10ms

[1A[2K[2m[WebServer] [22m[0m[1][0m  POST /api/whiteboard/room/M13JT8XS/presence 200 in 17ms

[1A[2K[2m[WebServer] [22m[0m[1][0m (node:32044) Warning: The 'NO_COLOR' env is ignored due to the 'FORCE_COLOR' env being set.
[2m[WebServer] [22m[0m[1][0m (Use `node --trace-warnings ...` to show where the warning was created)

[1A[2K[2m[WebServer] [22m[0m[1][0m (node:24016) Warning: The 'NO_COLOR' env is ignored due to the 'FORCE_COLOR' env being set.
[2m[WebServer] [22m[0m[1][0m (Use `node --trace-warnings ...` to show where the warning was created)

[1A[2K[2m[WebServer] [22m[0m[1][0m  POST /api/whiteboard/room/M13JT8XS/presence 200 in 13ms

[1A[2K[2m[WebServer] [22m[0m[1][0m (node:26560) Warning: The 'NO_COLOR' env is ignored due to the 'FORCE_COLOR' env being set.
[2m[WebServer] [22m[0m[1][0m (Use `node --trace-warnings ...` to show where the warning was created)

[1A[2K[2m[WebServer] [22m[0m[1][0m  POST /api/whiteboard/room/M13JT8XS/presence 200 in 14ms

[1A[2K[46/69] [chromium] › tests\e2e\waiting-room.spec.ts:435:7 › Waiting Room › host can see an approved peer cursor on the whiteboard
[1A[2K[2m[WebServer] [22m[0m[1][0m (node:15428) Warning: The 'NO_COLOR' env is ignored due to the 'FORCE_COLOR' env being set.
[2m[WebServer] [22m[0m[1][0m (Use `node --trace-warnings ...` to show where the warning was created)

[1A[2K[2m[WebServer] [22m[0m[1][0m  GET /whiteboard 200 in 58ms

[1A[2K[2m[WebServer] [22m[0m[1][0m  POST /api/whiteboard/room/5SNTAMTP 200 in 13ms

[1A[2K[2m[WebServer] [22m[0m[1][0m  GET /api/whiteboard/room/5SNTAMTP 200 in 9ms

[1A[2K[2m[WebServer] [22m[0m[1][0m (node:31192) Warning: The 'NO_COLOR' env is ignored due to the 'FORCE_COLOR' env being set.
[2m[WebServer] [22m[0m[1][0m (Use `node --trace-warnings ...` to show where the warning was created)

[1A[2K[2m[WebServer] [22m[0m[1][0m  GET /api/whiteboard/room/5SNTAMTP 200 in 10ms

[1A[2K[2m[WebServer] [22m[0m[1][0m (node:29504) Warning: The 'NO_COLOR' env is ignored due to the 'FORCE_COLOR' env being set.
[2m[WebServer] [22m[0m[1][0m (Use `node --trace-warnings ...` to show where the warning was created)

[1A[2K[2m[WebServer] [22m[0m[1][0m  POST /api/whiteboard/room/5SNTAMTP/presence 200 in 14ms

[1A[2K[2m[WebServer] [22m[0m[1][0m  GET /whiteboard/5SNTAMTP 200 in 21ms

[1A[2K[2m[WebServer] [22m[0m[1][0m (node:16932) Warning: The 'NO_COLOR' env is ignored due to the 'FORCE_COLOR' env being set.
[2m[WebServer] [22m[0m[1][0m (Use `node --trace-warnings ...` to show where the warning was created)

[1A[2K[2m[WebServer] [22m[0m[1][0m (node:20728) Warning: The 'NO_COLOR' env is ignored due to the 'FORCE_COLOR' env being set.
[2m[WebServer] [22m[0m[1][0m (Use `node --trace-warnings ...` to show where the warning was created)

[1A[2K[2m[WebServer] [22m[0m[1][0m  GET /api/whiteboard/room/5SNTAMTP 200 in 14ms

[1A[2K[2m[WebServer] [22m[0m[1][0m  GET /api/whiteboard/room/5SNTAMTP 200 in 12ms

[1A[2K[2m[WebServer] [22m[0m[1][0m  POST /api/whiteboard/room/5SNTAMTP/presence 200 in 13ms

[1A[2K[2m[WebServer] [22m[0m[1][0m (node:900) Warning: The 'NO_COLOR' env is ignored due to the 'FORCE_COLOR' env being set.
[2m[WebServer] [22m[0m[1][0m (Use `node --trace-warnings ...` to show where the warning was created)

[1A[2K[2m[WebServer] [22m[0m[1][0m (node:28888) Warning: The 'NO_COLOR' env is ignored due to the 'FORCE_COLOR' env being set.
[2m[WebServer] [22m[0m[1][0m (Use `node --trace-warnings ...` to show where the warning was created)

[1A[2K[2m[WebServer] [22m[0m[1][0m  POST /api/whiteboard/room/5SNTAMTP/presence 200 in 13ms

[1A[2K[2m[WebServer] [22m[0m[1][0m (node:11132) Warning: The 'NO_COLOR' env is ignored due to the 'FORCE_COLOR' env being set.
[2m[WebServer] [22m[0m[1][0m (Use `node --trace-warnings ...` to show where the warning was created)

[1A[2K[2m[WebServer] [22m[0m[1][0m  POST /api/whiteboard/room/5SNTAMTP/waiting 200 in 14ms

[1A[2K[2m[WebServer] [22m[0m[1][0m  GET /api/whiteboard/room/5SNTAMTP/presence 200 in 12ms

[1A[2K[2m[WebServer] [22m[0m[1][0m 

[1A[2K[2m[WebServer] [22m POST /api/whiteboard/room/5SNTAMTP/presence 200 in 9ms

[1A[2K[2m[WebServer] [22m[0m[1][0m (node:30408) Warning: The 'NO_COLOR' env is ignored due to the 'FORCE_COLOR' env being set.
[2m[WebServer] [22m[0m[1][0m (Use `node --trace-warnings ...` to show where the warning was created)

[1A[2K[2m[WebServer] [22m[0m[1][0m (node:11604) Warning: The 'NO_COLOR' env is ignored due to the 'FORCE_COLOR' env being set.
[2m[WebServer] [22m[0m[1][0m (Use `node --trace-warnings ...` to show where the warning was created)

[1A[2K[47/69] [chromium] › tests\e2e\waiting-room.spec.ts:479:7 › Waiting Room › only host can open library and help containers
[1A[2K[2m[WebServer] [22m[0m[1][0m  GET /whiteboard 200 in 75ms

[1A[2K[2m[WebServer] [22m[0m[1][0m  POST /api/whiteboard/room/GDLLPQG2 200 in 12ms

[1A[2K[2m[WebServer] [22m[0m[1][0m  GET /api/whiteboard/room/GDLLPQG2 200 in 9ms
[2m[WebServer] [22m[0m[1][0m (node:9284) Warning: The 'NO_COLOR' env is ignored due to the 'FORCE_COLOR' env being set.
[2m[WebServer] [22m[0m[1][0m (Use `node --trace-warnings ...` to show where the warning was created)

[1A[2K[2m[WebServer] [22m[0m[1][0m  GET /api/whiteboard/room/GDLLPQG2 200 in 9ms

[1A[2K[2m[WebServer] [22m[0m[1][0m (node:12248) Warning: The 'NO_COLOR' env is ignored due to the 'FORCE_COLOR' env being set.
[2m[WebServer] [22m[0m[1][0m (Use `node --trace-warnings ...` to show where the warning was created)

[1A[2K[2m[WebServer] [22m[0m[1][0m  POST /api/whiteboard/room/GDLLPQG2/presence 200 in 17ms

[1A[2K[2m[WebServer] [22m[0m[1][0m  GET /whiteboard/GDLLPQG2 200 in 23ms

[1A[2K[2m[WebServer] [22m[0m[1][0m (node:25912) Warning: The 'NO_COLOR' env is ignored due to the 'FORCE_COLOR' env being set.
[2m[WebServer] [22m[0m[1][0m (Use `node --trace-warnings ...` to show where the warning was created)

[1A[2K[2m[WebServer] [22m[0m[1][0m 

[1A[2K[2m[WebServer] [22m(node:24768) Warning: The 'NO_COLOR' env is ignored due to the 'FORCE_COLOR' env being set.
[2m[WebServer] [22m[0m[1][0m (Use `node --trace-warnings ...` to show where the warning was created)

[1A[2K[2m[WebServer] [22m[0m[1][0m  GET /api/whiteboard/room/GDLLPQG2 200 in 16ms

[1A[2K[2m[WebServer] [22m[0m[1][0m  GET /api/whiteboard/room/GDLLPQG2 200 in 11ms

[1A[2K[2m[WebServer] [22m[0m[1][0m  POST /api/whiteboard/room/GDLLPQG2/presence 200 in 14ms

[1A[2K[2m[WebServer] [22m[0m[1][0m (node:27928) Warning: The 'NO_COLOR' env is ignored due to the 'FORCE_COLOR' env being set.
[2m[WebServer] [22m[0m[1][0m (Use `node --trace-warnings ...` to show where the warning was created)

[1A[2K[2m[WebServer] [22m[0m[1][0m (node:29916) Warning: The 'NO_COLOR' env is ignored due to the 'FORCE_COLOR' env being set.
[2m[WebServer] [22m[0m[1][0m (Use `node --trace-warnings ...` to show where the warning was created)

[1A[2K[2m[WebServer] [22m[0m[1][0m  POST /api/whiteboard/room/GDLLPQG2/presence 200 in 13ms

[1A[2K[2m[WebServer] [22m[0m[1][0m (node:27784) Warning: The 'NO_COLOR' env is ignored due to the 'FORCE_COLOR' env being set.
[2m[WebServer] [22m[0m[1][0m (Use `node --trace-warnings ...` to show where the warning was created)

[1A[2K[2m[WebServer] [22m[0m[1][0m  POST /api/whiteboard/room/GDLLPQG2/waiting 200 in 14ms

[1A[2K[2m[WebServer] [22m[0m[1][0m  GET /api/whiteboard/room/GDLLPQG2/presence 200 in 12ms

[1A[2K[2m[WebServer] [22m[0m[1][0m  POST /api/whiteboard/room/GDLLPQG2/presence 200 in 9ms

[1A[2K[2m[WebServer] [22m[0m[1][0m (node:30920) Warning: The 'NO_COLOR' env is ignored due to the 'FORCE_COLOR' env being set.
[2m[WebServer] [22m[0m[1][0m (Use `node --trace-warnings ...` to show where the warning was created)

[1A[2K[2m[WebServer] [22m[0m[1][0m (node:32392) Warning: The 'NO_COLOR' env is ignored due to the 'FORCE_COLOR' env being set.
[2m[WebServer] [22m[0m[1][0m (Use `node --trace-warnings ...` to show where the warning was created)

[1A[2K[48/69] [chromium] › tests\e2e\whiteboard.spec.ts:173:7 › Room Connection Lifecycle › disables create room button while room creation is pending
[1A[2K[2m[WebServer] [22m[0m[1][0m  GET /whiteboard 200 in 67ms

[1A[2K[2m[WebServer] [22m[0m[1][0m (node:14984) Warning: The 'NO_COLOR' env is ignored due to the 'FORCE_COLOR' env being set.
[2m[WebServer] [22m[0m[1][0m (Use `node --trace-warnings ...` to show where the warning was created)

[1A[2K[49/69] [chromium] › tests\e2e\whiteboard.spec.ts:205:7 › Room Connection Lifecycle › creates room and joins with username
[1A[2K[2m[WebServer] [22m[0m[1][0m  GET /whiteboard 200 in 43ms

[1A[2K[2m[WebServer] [22m[0m[1][0m  POST /api/whiteboard/room/1H0PX7B1 200 in 14ms

[1A[2K[2m[WebServer] [22m[0m[1][0m  GET /api/whiteboard/room/1H0PX7B1 200 in 11ms

[1A[2K[2m[WebServer] [22m[0m[1][0m (node:8036) Warning: The 'NO_COLOR' env is ignored due to the 'FORCE_COLOR' env being set.
[2m[WebServer] [22m[0m[1][0m (Use `node --trace-warnings ...` to show where the warning was created)

[1A[2K[2m[WebServer] [22m[0m[1][0m  GET /api/whiteboard/room/1H0PX7B1 200 in 8ms

[1A[2K[2m[WebServer] [22m[0m[1][0m (node:24736) Warning: The 'NO_COLOR' env is ignored due to the 'FORCE_COLOR' env being set.
[2m[WebServer] [22m[0m[1][0m (Use `node --trace-warnings ...` to show where the warning was created)

[1A[2K[2m[WebServer] [22m[0m[1][0m  POST /api/whiteboard/room/1H0PX7B1/presence 200 in 17ms

[1A[2K[2m[WebServer] [22m[0m[1][0m (node:14100) Warning: The 'NO_COLOR' env is ignored due to the 'FORCE_COLOR' env being set.
[2m[WebServer] [22m[0m[1][0m (Use `node --trace-warnings ...` to show where the warning was created)

[1A[2K[50/69] [chromium] › tests\e2e\whiteboard.spec.ts:222:7 › Room Connection Lifecycle › joins room via code
[1A[2K[2m[WebServer] [22m[0m[1][0m  GET /whiteboard 200 in 75ms

[1A[2K[2m[WebServer] [22m[0m[1][0m  POST /api/whiteboard/room/99BL57L4 200 in 14ms

[1A[2K[2m[WebServer] [22m[0m[1][0m  GET /api/whiteboard/room/99BL57L4 200 in 10ms

[1A[2K[2m[WebServer] [22m[0m[1][0m 

[1A[2K[2m[WebServer] [22m(node:5164) Warning: The 'NO_COLOR' env is ignored due to the 'FORCE_COLOR' env being set.
[2m[WebServer] [22m[0m[1][0m (Use `node --trace-warnings ...` to show where the warning was created)

[1A[2K[2m[WebServer] [22m[0m[1][0m  GET /api/whiteboard/room/99BL57L4 200 in 9ms

[1A[2K[2m[WebServer] [22m[0m[1][0m (node:9496) Warning: The 'NO_COLOR' env is ignored due to the 'FORCE_COLOR' env being set.
[2m[WebServer] [22m[0m[1][0m (Use `node --trace-warnings ...` to show where the warning was created)

[1A[2K[2m[WebServer] [22m[0m[1][0m  POST /api/whiteboard/room/99BL57L4/presence 200 in 16ms

[1A[2K[2m[WebServer] [22m[0m[1][0m  GET /whiteboard/99BL57L4 200 in 18ms

[1A[2K[2m[WebServer] [22m[0m[1][0m (node:12480) Warning: The 'NO_COLOR' env is ignored due to the 'FORCE_COLOR' env being set.
[2m[WebServer] [22m[0m[1][0m (Use `node --trace-warnings ...` to show where the warning was created)

[1A[2K[2m[WebServer] [22m[0m[1][0m (node:15140) Warning: The 'NO_COLOR' env is ignored due to the 'FORCE_COLOR' env being set.
[2m[WebServer] [22m[0m[1][0m (Use `node --trace-warnings ...` to show where the warning was created)

[1A[2K[2m[WebServer] [22m[0m[1][0m  GET /api/whiteboard/room/99BL57L4 200 in 14ms

[1A[2K[2m[WebServer] [22m[0m[1][0m  GET /api/whiteboard/room/99BL57L4 200 in 11ms

[1A[2K[2m[WebServer] [22m[0m[1][0m  POST /api/whiteboard/room/99BL57L4/presence 200 in 13ms

[1A[2K[2m[WebServer] [22m[0m[1][0m (node:17032) Warning: The 'NO_COLOR' env is ignored due to the 'FORCE_COLOR' env being set.
[2m[WebServer] [22m[0m[1][0m (Use `node --trace-warnings ...` to show where the warning was created)

[1A[2K[2m[WebServer] [22m[0m[1][0m (node:32696) Warning: The 'NO_COLOR' env is ignored due to the 'FORCE_COLOR' env being set.
[2m[WebServer] [22m[0m[1][0m (Use `node --trace-warnings ...` to show where the warning was created)

[1A[2K[2m[WebServer] [22m[0m[1][0m  POST /api/whiteboard/room/99BL57L4/presence 200 in 12ms

[1A[2K[2m[WebServer] [22m[0m[1][0m (node:31556) Warning: The 'NO_COLOR' env is ignored due to the 'FORCE_COLOR' env being set.
[2m[WebServer] [22m[0m[1][0m (Use `node --trace-warnings ...` to show where the warning was created)

[1A[2K[2m[WebServer] [22m[0m[1][0m  POST /api/whiteboard/room/99BL57L4/waiting 200 in 14ms

[1A[2K[2m[WebServer] [22m[0m[1][0m  GET /api/whiteboard/room/99BL57L4/presence 200 in 14ms

[1A[2K[2m[WebServer] [22m[0m[1][0m  POST /api/whiteboard/room/99BL57L4/presence 200 in 16ms

[1A[2K[2m[WebServer] [22m[0m[1][0m (node:14572) Warning: The 'NO_COLOR' env is ignored due to the 'FORCE_COLOR' env being set.
[2m[WebServer] [22m[0m[1][0m (Use `node --trace-warnings ...` to show where the warning was created)

[1A[2K[2m[WebServer] [22m[0m[1][0m (node:27352) Warning: The 'NO_COLOR' env is ignored due to the 'FORCE_COLOR' env being set.
[2m[WebServer] [22m[0m[1][0m (Use `node --trace-warnings ...` to show where the warning was created)

[1A[2K[51/69] [chromium] › tests\e2e\whiteboard.spec.ts:248:7 › Room Connection Lifecycle › user name persists across page navigation
[1A[2K[2m[WebServer] [22m[0m[1][0m  GET /whiteboard 200 in 85ms

[1A[2K[2m[WebServer] [22m[0m[1][0m  POST /api/whiteboard/room/NG4HXKPE 200 in 13ms

[1A[2K[2m[WebServer] [22m[0m[1][0m  GET /api/whiteboard/room/NG4HXKPE 200 in 10ms

[1A[2K[2m[WebServer] [22m[0m[1][0m (node:32432) Warning: The 'NO_COLOR' env is ignored due to the 'FORCE_COLOR' env being set.
[2m[WebServer] [22m[0m[1][0m (Use `node --trace-warnings ...` to show where the warning was created)

[1A[2K[2m[WebServer] [22m[0m[1][0m  GET /api/whiteboard/room/NG4HXKPE 200 in 8ms

[1A[2K[2m[WebServer] [22m[0m[1][0m (node:9284) Warning: The 'NO_COLOR' env is ignored due to the 'FORCE_COLOR' env being set.
[2m[WebServer] [22m[0m[1][0m (Use `node --trace-warnings ...` to show where the warning was created)

[1A[2K[2m[WebServer] [22m[0m[1][0m  POST /api/whiteboard/room/NG4HXKPE/presence 200 in 14ms

[1A[2K[2m[WebServer] [22m[0m[1][0m  GET /whiteboard 200 in 20ms

[1A[2K[2m[WebServer] [22m[0m[1][0m (node:32360) Warning: The 'NO_COLOR' env is ignored due to the 'FORCE_COLOR' env being set.
[2m[WebServer] [22m[0m[1][0m (Use `node --trace-warnings ...` to show where the warning was created)

[1A[2K[2m[WebServer] [22m[0m[1][0m  POST /api/whiteboard/room/TXCNNEL3 200 in 14ms

[1A[2K[2m[WebServer] [22m[0m[1][0m  GET /api/whiteboard/room/TXCNNEL3 200 in 14ms

[1A[2K[2m[WebServer] [22m[0m[1][0m  GET /api/whiteboard/room/TXCNNEL3 200 in 8ms

[1A[2K[2m[WebServer] [22m[0m[1][0m (node:20712) Warning: The 'NO_COLOR' env is ignored due to the 'FORCE_COLOR' env being set.
[2m[WebServer] [22m[0m[1][0m (Use `node --trace-warnings ...` to show where the warning was created)

[1A[2K[2m[WebServer] [22m[0m[1][0m (node:31516) Warning: The 'NO_COLOR' env is ignored due to the 'FORCE_COLOR' env being set.
[2m[WebServer] [22m[0m[1][0m (Use `node --trace-warnings ...` to show where the warning was created)

[1A[2K  5) [chromium] › tests\e2e\whiteboard.spec.ts:248:7 › Room Connection Lifecycle › user name persists across page navigation 

    Error: [2mexpect([22m[31mreceived[39m[2m).[22mtoBe[2m([22m[32mexpected[39m[2m) // Object.is equality[22m

    Expected: [32m"PersistentUser"[39m
    Received: [31m""[39m

      258 |     await expect(page.getByTestId('whiteboard-username-input')).toBeVisible();
      259 |     const inputValue = await page.getByTestId('whiteboard-username-input').inputValue();
    > 260 |     expect(inputValue).toBe('PersistentUser');
          |                        ^
      261 |   });
      262 |
      263 |   test('page refresh preserves whiteboard state', async ({ page }) => {
        at D:\new-projects\teacher-playground\tests\e2e\whiteboard.spec.ts:260:24

    attachment #1: screenshot (image/png) ──────────────────────────────────────────────────────────
    test-results\whiteboard-Room-Connection-b4c4f-ists-across-page-navigation-chromium\test-failed-1.png
    ────────────────────────────────────────────────────────────────────────────────────────────────

    attachment #2: video (video/webm) ──────────────────────────────────────────────────────────────
    test-results\whiteboard-Room-Connection-b4c4f-ists-across-page-navigation-chromium\video.webm
    ────────────────────────────────────────────────────────────────────────────────────────────────

    Error Context: test-results\whiteboard-Room-Connection-b4c4f-ists-across-page-navigation-chromium\error-context.md



[1A[2K(node:29456) Warning: The 'NO_COLOR' env is ignored due to the 'FORCE_COLOR' env being set.
(Use `node --trace-warnings ...` to show where the warning was created)



[1A[2K(node:29456) Warning: The 'NO_COLOR' env is ignored due to the 'FORCE_COLOR' env being set.
(Use `node --trace-warnings ...` to show where the warning was created)
[1A[2K[52/69] [chromium] › tests\e2e\whiteboard.spec.ts:263:7 › Room Connection Lifecycle › page refresh preserves whiteboard state
[1A[2K[2m[WebServer] [22m[0m[1][0m  GET /whiteboard 200 in 71ms

[1A[2K[2m[WebServer] [22m[0m[1][0m  POST /api/whiteboard/room/SWL607I7 200 in 14ms

[1A[2K[2m[WebServer] [22m[0m[1][0m  GET /api/whiteboard/room/SWL607I7 200 in 9ms

[1A[2K[2m[WebServer] [22m[0m[1][0m (node:31064) Warning: The 'NO_COLOR' env is ignored due to the 'FORCE_COLOR' env being set.
[2m[WebServer] [22m[0m[1][0m (Use `node --trace-warnings ...` to show where the warning was created)

[1A[2K[2m[WebServer] [22m[0m[1][0m  GET /api/whiteboard/room/SWL607I7 200 in 10ms

[1A[2K[2m[WebServer] [22m[0m[1][0m (node:32636) Warning: The 'NO_COLOR' env is ignored due to the 'FORCE_COLOR' env being set.
[2m[WebServer] [22m[0m[1][0m (Use `node --trace-warnings ...` to show where the warning was created)

[1A[2K[2m[WebServer] [22m[0m[1][0m  POST /api/whiteboard/room/SWL607I7/presence 200 in 17ms

[1A[2K  6) [chromium] › tests\e2e\whiteboard.spec.ts:263:7 › Room Connection Lifecycle › page refresh preserves whiteboard state 

    Error: [2mexpect([22m[31mreceived[39m[2m).[22mtoBe[2m([22m[32mexpected[39m[2m) // Object.is equality[22m

    Expected: [32m1[39m
    Received: [31m0[39m

      279 |
      280 |     const stateBefore = await getStoreState(page);
    > 281 |     expect(stateBefore.elements?.length).toBe(1);
          |                                          ^
      282 |
      283 |     // Refresh the page
      284 |     await page.reload({ waitUntil: 'networkidle' });
        at D:\new-projects\teacher-playground\tests\e2e\whiteboard.spec.ts:281:42

    attachment #1: screenshot (image/png) ──────────────────────────────────────────────────────────
    test-results\whiteboard-Room-Connection-f30e9--preserves-whiteboard-state-chromium\test-failed-1.png
    ────────────────────────────────────────────────────────────────────────────────────────────────

    attachment #2: video (video/webm) ──────────────────────────────────────────────────────────────
    test-results\whiteboard-Room-Connection-f30e9--preserves-whiteboard-state-chromium\video.webm
    ────────────────────────────────────────────────────────────────────────────────────────────────

    Error Context: test-results\whiteboard-Room-Connection-f30e9--preserves-whiteboard-state-chromium\error-context.md


[1A[2K[2m[WebServer] [22m[0m[1][0m (node:26648) Warning: The 'NO_COLOR' env is ignored due to the 'FORCE_COLOR' env being set.
[2m[WebServer] [22m[0m[1][0m (Use `node --trace-warnings ...` to show where the warning was created)



[1A[2K(node:24348) Warning: The 'NO_COLOR' env is ignored due to the 'FORCE_COLOR' env being set.
(Use `node --trace-warnings ...` to show where the warning was created)
[1A[2K(node:24348) Warning: The 'NO_COLOR' env is ignored due to the 'FORCE_COLOR' env being set.
(Use `node --trace-warnings ...` to show where the warning was created)


[1A[2K[53/69] [chromium] › tests\e2e\whiteboard.spec.ts:299:7 › Room Connection Lifecycle › connection status transitions from connecting to connected
[1A[2K[2m[WebServer] [22m[0m[1][0m  GET /whiteboard 200 in 79ms

[1A[2K[2m[WebServer] [22m[0m[1][0m  POST /api/whiteboard/room/27NVCZO8 200 in 17ms

[1A[2K[2m[WebServer] [22m[0m[1][0m (node:17452) Warning: The 'NO_COLOR' env is ignored due to the 'FORCE_COLOR' env being set.
[2m[WebServer] [22m[0m[1][0m (Use `node --trace-warnings ...` to show where the warning was created)

[1A[2K[2m[WebServer] [22m[0m[1][0m  GET /api/whiteboard/room/27NVCZO8 200 in 12ms

[1A[2K[2m[WebServer] [22m[0m[1][0m  GET /api/whiteboard/room/27NVCZO8 200 in 10ms

[1A[2K[2m[WebServer] [22m[0m[1][0m (node:18064) Warning: The 'NO_COLOR' env is ignored due to the 'FORCE_COLOR' env being set.
[2m[WebServer] [22m[0m[1][0m (Use `node --trace-warnings ...` to show where the warning was created)

[1A[2K[2m[WebServer] [22m[0m[1][0m  POST /api/whiteboard/room/27NVCZO8/presence 200 in 17ms

[1A[2K[2m[WebServer] [22m[0m[1][0m (node:6908) Warning: The 'NO_COLOR' env is ignored due to the 'FORCE_COLOR' env being set.
[2m[WebServer] [22m[0m[1][0m (Use `node --trace-warnings ...` to show where the warning was created)

[1A[2K[2m[WebServer] [22m[0m[1][0m  POST /api/whiteboard/room/27NVCZO8/presence 200 in 13ms

[1A[2K[2m[WebServer] [22m[0m[1][0m (node:22448) Warning: The 'NO_COLOR' env is ignored due to the 'FORCE_COLOR' env being set.
[2m[WebServer] [22m[0m[1][0m (Use `node --trace-warnings ...` to show where the warning was created)

[1A[2K[54/69] [chromium] › tests\e2e\whiteboard.spec.ts:312:7 › Room Connection Lifecycle › navigating to non-existent room shows whiteboard anyway
[1A[2K[2m[WebServer] [22m[0m[1][0m  GET /whiteboard 200 in 81ms

[1A[2K[2m[WebServer] [22m[0m[1][0m  POST /api/whiteboard/room/FYHOJWK3 200 in 14ms

[1A[2K[2m[WebServer] [22m[0m[1][0m  GET /api/whiteboard/room/FYHOJWK3 200 in 11ms

[1A[2K[2m[WebServer] [22m[0m[1][0m (node:12268) Warning: The 'NO_COLOR' env is ignored due to the 'FORCE_COLOR' env being set.
[2m[WebServer] [22m[0m[1][0m (Use `node --trace-warnings ...` to show where the warning was created)

[1A[2K[2m[WebServer] [22m[0m[1][0m  GET /api/whiteboard/room/FYHOJWK3 200 in 15ms

[1A[2K[2m[WebServer] [22m[0m[1][0m (node:18912) Warning: The 'NO_COLOR' env is ignored due to the 'FORCE_COLOR' env being set.
[2m[WebServer] [22m[0m[1][0m (Use `node --trace-warnings ...` to show where the warning was created)

[1A[2K[2m[WebServer] [22m[0m[1][0m  POST /api/whiteboard/room/FYHOJWK3/presence 200 in 16ms

[1A[2K[2m[WebServer] [22m[0m[1][0m  GET /whiteboard/FAKENONEXIST1785444959174 200 in 22ms

[1A[2K[2m[WebServer] [22m[0m[1][0m (node:17708) Warning: The 'NO_COLOR' env is ignored due to the 'FORCE_COLOR' env being set.
[2m[WebServer] [22m[0m[1][0m (Use `node --trace-warnings ...` to show where the warning was created)

[1A[2K[2m[WebServer] [22m[0m[1][0m (node:17844) Warning: The 'NO_COLOR' env is ignored due to the 'FORCE_COLOR' env being set.
[2m[WebServer] [22m[0m[1][0m (Use `node --trace-warnings ...` to show where the warning was created)

[1A[2K[2m[WebServer] [22m[0m[1][0m  GET /api/whiteboard/room/FAKENONEXIST1785444959174 404 in 15ms

[1A[2K[2m[WebServer] [22m[0m[1][0m  GET /api/whiteboard/room/FAKENONEXIST1785444959174 404 in 12ms

[1A[2K[2m[WebServer] [22m[0m[1][0m  POST /api/whiteboard/room/FAKENONEXIST1785444959174/presence 200 in 12ms

[1A[2K[55/69] [chromium] › tests\e2e\whiteboard.spec.ts:329:7 › Multi-Peer Sync › Alice draws rectangle, Bob sees it via Yjs WebRTC
[1A[2K[2m[WebServer] [22m[0m[1][0m (node:21824) Warning: The 'NO_COLOR' env is ignored due to the 'FORCE_COLOR' env being set.
[2m[WebServer] [22m[0m[1][0m (Use `node --trace-warnings ...` to show where the warning was created)

[1A[2K[2m[WebServer] [22m[0m[1][0m  GET /whiteboard 200 in 89ms

[1A[2K[2m[WebServer] [22m[0m[1][0m  POST /api/whiteboard/room/THPYX5F4 200 in 14ms

[1A[2K[2m[WebServer] [22m[0m[1][0m  GET /api/whiteboard/room/THPYX5F4 200 in 11ms

[1A[2K[2m[WebServer] [22m[0m[1][0m  GET /api/whiteboard/room/THPYX5F4 200 in 9ms

[1A[2K[2m[WebServer] [22m[0m[1][0m (node:27184) Warning: The 'NO_COLOR' env is ignored due to the 'FORCE_COLOR' env being set.
[2m[WebServer] [22m[0m[1][0m (Use `node --trace-warnings ...` to show where the warning was created)

[1A[2K[2m[WebServer] [22m[0m[1][0m (node:22164) Warning: The 'NO_COLOR' env is ignored due to the 'FORCE_COLOR' env being set.
[2m[WebServer] [22m[0m[1][0m (Use `node --trace-warnings ...` to show where the warning was created)

[1A[2K[2m[WebServer] [22m[0m[1][0m  POST /api/whiteboard/room/THPYX5F4/presence 200 in 18ms

[1A[2K[2m[WebServer] [22m[0m[1][0m  GET /whiteboard/THPYX5F4 200 in 19ms

[1A[2K[2m[WebServer] [22m[0m[1][0m (node:6448) Warning: The 'NO_COLOR' env is ignored due to the 'FORCE_COLOR' env being set.
[2m[WebServer] [22m[0m[1][0m (Use `node --trace-warnings ...` to show where the warning was created)

[1A[2K[2m[WebServer] [22m[0m[1][0m (node:12900) Warning: The 'NO_COLOR' env is ignored due to the 'FORCE_COLOR' env being set.
[2m[WebServer] [22m[0m[1][0m (Use `node --trace-warnings ...` to show where the warning was created)

[1A[2K[2m[WebServer] [22m[0m[1][0m  GET /api/whiteboard/room/THPYX5F4 200 in 14ms

[1A[2K[2m[WebServer] [22m[0m[1][0m  GET /api/whiteboard/room/THPYX5F4 200 in 10ms

[1A[2K[2m[WebServer] [22m[0m[1][0m  POST /api/whiteboard/room/THPYX5F4/presence 200 in 16ms

[1A[2K[2m[WebServer] [22m[0m[1][0m (node:2648) Warning: The 'NO_COLOR' env is ignored due to the 'FORCE_COLOR' env being set.
[2m[WebServer] [22m[0m[1][0m (Use `node --trace-warnings ...` to show where the warning was created)

[1A[2K[2m[WebServer] [22m[0m[1][0m (node:27224) Warning: The 'NO_COLOR' env is ignored due to the 'FORCE_COLOR' env being set.
[2m[WebServer] [22m[0m[1][0m (Use `node --trace-warnings ...` to show where the warning was created)

[1A[2K[2m[WebServer] [22m[0m[1][0m  POST /api/whiteboard/room/THPYX5F4/presence 200 in 13ms

[1A[2K[2m[WebServer] [22m[0m[1][0m (node:15744) Warning: The 'NO_COLOR' env is ignored due to the 'FORCE_COLOR' env being set.
[2m[WebServer] [22m[0m[1][0m (Use `node --trace-warnings ...` to show where the warning was created)

[1A[2K[2m[WebServer] [22m[0m[1][0m  POST /api/whiteboard/room/THPYX5F4/waiting 200 in 13ms

[1A[2K[2m[WebServer] [22m[0m[1][0m  GET /api/whiteboard/room/THPYX5F4/presence 200 in 13ms

[1A[2K[2m[WebServer] [22m[0m[1][0m  POST /api/whiteboard/room/THPYX5F4/presence 200 in 10ms

[1A[2K[2m[WebServer] [22m[0m[1][0m (node:25864) Warning: The 'NO_COLOR' env is ignored due to the 'FORCE_COLOR' env being set.
[2m[WebServer] [22m[0m[1][0m (Use `node --trace-warnings ...` to show where the warning was created)

[1A[2K[2m[WebServer] [22m[0m[1][0m (node:27088) Warning: The 'NO_COLOR' env is ignored due to the 'FORCE_COLOR' env being set.
[2m[WebServer] [22m[0m[1][0m (Use `node --trace-warnings ...` to show where the warning was created)

[1A[2K[2m[WebServer] [22m[0m[1][0m  POST /api/whiteboard/room/THPYX5F4/presence 200 in 12ms

[1A[2K[2m[WebServer] [22m[0m[1][0m (node:24052) Warning: The 'NO_COLOR' env is ignored due to the 'FORCE_COLOR' env being set.
[2m[WebServer] [22m[0m[1][0m (Use `node --trace-warnings ...` to show where the warning was created)

[1A[2K[2m[WebServer] [22m[0m[1][0m  POST /api/whiteboard/room/THPYX5F4/presence 200 in 13ms

[1A[2K[2m[WebServer] [22m[0m[1][0m (node:30516) Warning: The 'NO_COLOR' env is ignored due to the 'FORCE_COLOR' env being set.
[2m[WebServer] [22m[0m[1][0m (Use `node --trace-warnings ...` to show where the warning was created)

[1A[2K  7) [chromium] › tests\e2e\whiteboard.spec.ts:329:7 › Multi-Peer Sync › Alice draws rectangle, Bob sees it via Yjs WebRTC 

    Error: [2mexpect([22m[31mreceived[39m[2m).[22mtoBeGreaterThanOrEqual[2m([22m[32mexpected[39m[2m)[22m

    Expected: >= [32m1[39m
    Received:    [31m0[39m

      362 |       // Verify Alice's store has the element
      363 |       const aliceState = await getStoreState(page);
    > 364 |       expect(aliceState.elements?.length).toBeGreaterThanOrEqual(1);
          |                                           ^
      365 |
      366 |       // Bob should see the element via Yjs sync
      367 |       await waitForSync(bobPage, 1, 15000);
        at D:\new-projects\teacher-playground\tests\e2e\whiteboard.spec.ts:364:43

    attachment #1: screenshot (image/png) ──────────────────────────────────────────────────────────
    test-results\whiteboard-Multi-Peer-Sync-fd04a--Bob-sees-it-via-Yjs-WebRTC-chromium\test-failed-1.png
    ────────────────────────────────────────────────────────────────────────────────────────────────

    attachment #2: video (video/webm) ──────────────────────────────────────────────────────────────
    test-results\whiteboard-Multi-Peer-Sync-fd04a--Bob-sees-it-via-Yjs-WebRTC-chromium\video.webm
    ────────────────────────────────────────────────────────────────────────────────────────────────

    attachment #3: screenshot (image/png) ──────────────────────────────────────────────────────────
    test-results\whiteboard-Multi-Peer-Sync-fd04a--Bob-sees-it-via-Yjs-WebRTC-chromium\test-failed-2.png
    ────────────────────────────────────────────────────────────────────────────────────────────────

    Error Context: test-results\whiteboard-Multi-Peer-Sync-fd04a--Bob-sees-it-via-Yjs-WebRTC-chromium\error-context.md




[1A[2K(node:4688) Warning: The 'NO_COLOR' env is ignored due to the 'FORCE_COLOR' env being set.
(Use `node --trace-warnings ...` to show where the warning was created)
[1A[2K(node:4688) Warning: The 'NO_COLOR' env is ignored due to the 'FORCE_COLOR' env being set.
(Use `node --trace-warnings ...` to show where the warning was created)


[1A[2K[56/69] [chromium] › tests\e2e\whiteboard.spec.ts:383:7 › Multi-Peer Sync › Bob draws, Alice sees it
[1A[2K[2m[WebServer] [22m[0m[1][0m  GET /whiteboard 200 in 67ms

[1A[2K[2m[WebServer] [22m[0m[1][0m  POST /api/whiteboard/room/EVN6JPSA 200 in 14ms

[1A[2K[2m[WebServer] [22m[0m[1][0m  GET /api/whiteboard/room/EVN6JPSA 200 in 9ms

[1A[2K[2m[WebServer] [22m[0m[1][0m (node:21636) Warning: The 'NO_COLOR' env is ignored due to the 'FORCE_COLOR' env being set.
[2m[WebServer] [22m[0m[1][0m (Use `node --trace-warnings ...` to show where the warning was created)

[1A[2K[2m[WebServer] [22m[0m[1][0m  GET /api/whiteboard/room/EVN6JPSA 200 in 9ms

[1A[2K[2m[WebServer] [22m[0m[1][0m (node:23228) Warning: The 'NO_COLOR' env is ignored due to the 'FORCE_COLOR' env being set.
[2m[WebServer] [22m[0m[1][0m (Use `node --trace-warnings ...` to show where the warning was created)

[1A[2K[2m[WebServer] [22m[0m[1][0m  POST /api/whiteboard/room/EVN6JPSA/presence 200 in 13ms

[1A[2K[2m[WebServer] [22m[0m[1][0m  GET /whiteboard/EVN6JPSA 200 in 20ms

[1A[2K[2m[WebServer] [22m[0m[1][0m (node:30428) Warning: The 'NO_COLOR' env is ignored due to the 'FORCE_COLOR' env being set.
[2m[WebServer] [22m[0m[1][0m (Use `node --trace-warnings ...` to show where the warning was created)

[1A[2K[2m[WebServer] [22m[0m[1][0m (node:14448) Warning: The 'NO_COLOR' env is ignored due to the 'FORCE_COLOR' env being set.
[2m[WebServer] [22m[0m[1][0m (Use `node --trace-warnings ...` to show where the warning was created)

[1A[2K[2m[WebServer] [22m[0m[1][0m  GET /api/whiteboard/room/EVN6JPSA 200 in 14ms

[1A[2K[2m[WebServer] [22m[0m[1][0m  GET /api/whiteboard/room/EVN6JPSA 200 in 8ms

[1A[2K[2m[WebServer] [22m[0m[1][0m  POST /api/whiteboard/room/EVN6JPSA/presence 200 in 15ms

[1A[2K[2m[WebServer] [22m[0m[1][0m (node:11300) Warning: The 'NO_COLOR' env is ignored due to the 'FORCE_COLOR' env being set.
[2m[WebServer] [22m[0m[1][0m (Use `node --trace-warnings ...` to show where the warning was created)

[1A[2K[2m[WebServer] [22m[0m[1][0m (node:31648) Warning: The 'NO_COLOR' env is ignored due to the 'FORCE_COLOR' env being set.
[2m[WebServer] [22m[0m[1][0m (Use `node --trace-warnings ...` to show where the warning was created)

[1A[2K[2m[WebServer] [22m[0m[1][0m  POST /api/whiteboard/room/EVN6JPSA/presence 200 in 13ms

[1A[2K[2m[WebServer] [22m[0m[1][0m (node:1960) Warning: The 'NO_COLOR' env is ignored due to the 'FORCE_COLOR' env being set.
[2m[WebServer] [22m[0m[1][0m (Use `node --trace-warnings ...` to show where the warning was created)

[1A[2K[2m[WebServer] [22m[0m[1][0m  POST /api/whiteboard/room/EVN6JPSA/waiting 200 in 13ms

[1A[2K[2m[WebServer] [22m[0m[1][0m  GET /api/whiteboard/room/EVN6JPSA/presence 200 in 14ms

[1A[2K[2m[WebServer] [22m[0m[1][0m  POST /api/whiteboard/room/EVN6JPSA/presence 200 in 8ms

[1A[2K[2m[WebServer] [22m[0m[1][0m (node:27184) Warning: The 'NO_COLOR' env is ignored due to the 'FORCE_COLOR' env being set.
[2m[WebServer] [22m[0m[1][0m (Use `node --trace-warnings ...` to show where the warning was created)

[1A[2K[2m[WebServer] [22m[0m[1][0m (node:32452) Warning: The 'NO_COLOR' env is ignored due to the 'FORCE_COLOR' env being set.
[2m[WebServer] [22m[0m[1][0m (Use `node --trace-warnings ...` to show where the warning was created)

[1A[2K[2m[WebServer] [22m[0m[1][0m  POST /api/whiteboard/room/EVN6JPSA/presence 200 in 13ms

[1A[2K[2m[WebServer] [22m[0m[1][0m (node:8528) Warning: The 'NO_COLOR' env is ignored due to the 'FORCE_COLOR' env being set.
[2m[WebServer] [22m[0m[1][0m (Use `node --trace-warnings ...` to show where the warning was created)

[1A[2K[2m[WebServer] [22m[0m[1][0m  POST /api/whiteboard/room/EVN6JPSA/presence 200 in 13ms

[1A[2K[2m[WebServer] [22m[0m[1][0m 

[1A[2K[2m[WebServer] [22m(node:9460) Warning: The 'NO_COLOR' env is ignored due to the 'FORCE_COLOR' env being set.
[2m[WebServer] [22m[0m[1][0m (Use `node --trace-warnings ...` to show where the warning was created)

[1A[2K[2m[WebServer] [22m[0m[1][0m  POST /api/whiteboard/room/EVN6JPSA/presence 200 in 12ms

[1A[2K[2m[WebServer] [22m[0m[1][0m (node:6632) Warning: The 'NO_COLOR' env is ignored due to the 'FORCE_COLOR' env being set.
[2m[WebServer] [22m[0m[1][0m (Use `node --trace-warnings ...` to show where the warning was created)

[1A[2K[2m[WebServer] [22m[0m[1][0m  POST /api/whiteboard/room/EVN6JPSA/presence 200 in 12ms

[1A[2K[2m[WebServer] [22m[0m[1][0m (node:15076) Warning: The 'NO_COLOR' env is ignored due to the 'FORCE_COLOR' env being set.
[2m[WebServer] [22m[0m[1][0m (Use `node --trace-warnings ...` to show where the warning was created)

[1A[2K[2m[WebServer] [22m[0m[1][0m  POST /api/whiteboard/room/EVN6JPSA/presence 200 in 12ms

[1A[2K[2m[WebServer] [22m[0m[1][0m (node:15800) Warning: The 'NO_COLOR' env is ignored due to the 'FORCE_COLOR' env being set.
[2m[WebServer] [22m[0m[1][0m (Use `node --trace-warnings ...` to show where the warning was created)

[1A[2K[2m[WebServer] [22m[0m[1][0m  POST /api/whiteboard/room/EVN6JPSA/presence 200 in 20ms

[1A[2K[2m[WebServer] [22m[0m[1][0m (node:22144) Warning: The 'NO_COLOR' env is ignored due to the 'FORCE_COLOR' env being set.
[2m[WebServer] [22m[0m[1][0m (Use `node --trace-warnings ...` to show where the warning was created)

[1A[2K[2m[WebServer] [22m[0m[1][0m  POST /api/whiteboard/room/EVN6JPSA/presence 200 in 12ms

[1A[2K[2m[WebServer] [22m[0m[1][0m (node:9388) Warning: The 'NO_COLOR' env is ignored due to the 'FORCE_COLOR' env being set.
[2m[WebServer] [22m[0m[1][0m (Use `node --trace-warnings ...` to show where the warning was created)

[1A[2K[2m[WebServer] [22m[0m[1][0m  POST /api/whiteboard/room/EVN6JPSA/presence 200 in 13ms

[1A[2K[2m[WebServer] [22m[0m[1][0m (node:32568) Warning: The 'NO_COLOR' env is ignored due to the 'FORCE_COLOR' env being set.
[2m[WebServer] [22m[0m[1][0m (Use `node --trace-warnings ...` to show where the warning was created)

[1A[2K[2m[WebServer] [22m[0m[1][0m  POST /api/whiteboard/room/EVN6JPSA/presence 200 in 12ms

[1A[2K[2m[WebServer] [22m[0m[1][0m (node:32588) Warning: The 'NO_COLOR' env is ignored due to the 'FORCE_COLOR' env being set.
[2m[WebServer] [22m[0m[1][0m (Use `node --trace-warnings ...` to show where the warning was created)

[1A[2K[2m[WebServer] [22m[0m[1][0m  POST /api/whiteboard/room/EVN6JPSA/presence 200 in 12ms

[1A[2K[2m[WebServer] [22m[0m[1][0m (node:29008) Warning: The 'NO_COLOR' env is ignored due to the 'FORCE_COLOR' env being set.
[2m[WebServer] [22m[0m[1][0m (Use `node --trace-warnings ...` to show where the warning was created)

[1A[2K[2m[WebServer] [22m[0m[1][0m  POST /api/whiteboard/room/EVN6JPSA/presence 200 in 12ms

[1A[2K[2m[WebServer] [22m[0m[1][0m (node:9856) Warning: The 'NO_COLOR' env is ignored due to the 'FORCE_COLOR' env being set.
[2m[WebServer] [22m[0m[1][0m (Use `node --trace-warnings ...` to show where the warning was created)

[1A[2K[2m[WebServer] [22m[0m[1][0m  POST /api/whiteboard/room/EVN6JPSA/presence 200 in 14ms

[1A[2K[2m[WebServer] [22m[0m[1][0m (node:9116) Warning: The 'NO_COLOR' env is ignored due to the 'FORCE_COLOR' env being set.
[2m[WebServer] [22m[0m[1][0m (Use `node --trace-warnings ...` to show where the warning was created)

[1A[2K[2m[WebServer] [22m[0m[1][0m  POST /api/whiteboard/room/EVN6JPSA/presence 200 in 12ms

[1A[2K[2m[WebServer] [22m[0m[1][0m (node:31652) Warning: The 'NO_COLOR' env is ignored due to the 'FORCE_COLOR' env being set.
[2m[WebServer] [22m[0m[1][0m (Use `node --trace-warnings ...` to show where the warning was created)

[1A[2K[2m[WebServer] [22m[0m[1][0m  POST /api/whiteboard/room/EVN6JPSA/presence 200 in 12ms

[1A[2K[2m[WebServer] [22m[0m[1][0m (node:24456) Warning: The 'NO_COLOR' env is ignored due to the 'FORCE_COLOR' env being set.
[2m[WebServer] [22m[0m[1][0m (Use `node --trace-warnings ...` to show where the warning was created)

[1A[2K[2m[WebServer] [22m[0m[1][0m  POST /api/whiteboard/room/EVN6JPSA/presence 200 in 12ms

[1A[2K[2m[WebServer] [22m[0m[1][0m (node:14188) Warning: The 'NO_COLOR' env is ignored due to the 'FORCE_COLOR' env being set.
[2m[WebServer] [22m[0m[1][0m (Use `node --trace-warnings ...` to show where the warning was created)

[1A[2K[2m[WebServer] [22m[0m[1][0m  POST /api/whiteboard/room/EVN6JPSA/presence 200 in 12ms

[1A[2K[2m[WebServer] [22m[0m[1][0m (node:9496) Warning: The 'NO_COLOR' env is ignored due to the 'FORCE_COLOR' env being set.
[2m[WebServer] [22m[0m[1][0m (Use `node --trace-warnings ...` to show where the warning was created)

[1A[2K  8) [chromium] › tests\e2e\whiteboard.spec.ts:383:7 › Multi-Peer Sync › Bob draws, Alice sees it ──

    Error: [2mexpect([22m[31mreceived[39m[2m).[22mtoBeGreaterThanOrEqual[2m([22m[32mexpected[39m[2m)[22m

    Expected: >= [32m1[39m
    Received:    [31m0[39m

    Call Log:
    - Timeout 15000ms exceeded while waiting on the predicate

      139 |     },
      140 |     { timeout },
    > 141 |   ).toBeGreaterThanOrEqual(expectedElements);
          |     ^
      142 | }
      143 |
      144 | async function waitForPresence(page: Page, name: string, timeout = 15000) {
        at waitForSync (D:\new-projects\teacher-playground\tests\e2e\whiteboard.spec.ts:141:5)
        at D:\new-projects\teacher-playground\tests\e2e\whiteboard.spec.ts:413:13

    attachment #1: screenshot (image/png) ──────────────────────────────────────────────────────────
    test-results\whiteboard-Multi-Peer-Sync-Bob-draws-Alice-sees-it-chromium\test-failed-1.png
    ────────────────────────────────────────────────────────────────────────────────────────────────

    attachment #2: video (video/webm) ──────────────────────────────────────────────────────────────
    test-results\whiteboard-Multi-Peer-Sync-Bob-draws-Alice-sees-it-chromium\video.webm
    ────────────────────────────────────────────────────────────────────────────────────────────────

    attachment #3: screenshot (image/png) ──────────────────────────────────────────────────────────
    test-results\whiteboard-Multi-Peer-Sync-Bob-draws-Alice-sees-it-chromium\test-failed-2.png
    ────────────────────────────────────────────────────────────────────────────────────────────────

    Error Context: test-results\whiteboard-Multi-Peer-Sync-Bob-draws-Alice-sees-it-chromium\error-context.md




[1A[2K(node:4820) Warning: The 'NO_COLOR' env is ignored due to the 'FORCE_COLOR' env being set.
(Use `node --trace-warnings ...` to show where the warning was created)


[1A[2K(node:4820) Warning: The 'NO_COLOR' env is ignored due to the 'FORCE_COLOR' env being set.
(Use `node --trace-warnings ...` to show where the warning was created)
[1A[2K[57/69] [chromium] › tests\e2e\whiteboard.spec.ts:424:7 › Multi-Peer Sync › both peers draw simultaneously, both see each other
[1A[2K[2m[WebServer] [22m[0m[1][0m  GET /whiteboard 200 in 80ms

[1A[2K[2m[WebServer] [22m[0m[1][0m  POST /api/whiteboard/room/3VS7D2AF 200 in 19ms

[1A[2K[2m[WebServer] [22m[0m[1][0m  GET /api/whiteboard/room/3VS7D2AF 200 in 9ms

[1A[2K[2m[WebServer] [22m[0m[1][0m (node:3288) Warning: The 'NO_COLOR' env is ignored due to the 'FORCE_COLOR' env being set.
[2m[WebServer] [22m[0m[1][0m (Use `node --trace-warnings ...` to show where the warning was created)

[1A[2K[2m[WebServer] [22m[0m[1][0m  GET /api/whiteboard/room/3VS7D2AF 200 in 8ms

[1A[2K[2m[WebServer] [22m[0m[1][0m (node:1960) Warning: The 'NO_COLOR' env is ignored due to the 'FORCE_COLOR' env being set.
[2m[WebServer] [22m[0m[1][0m (Use `node --trace-warnings ...` to show where the warning was created)

[1A[2K[2m[WebServer] [22m[0m[1][0m  POST /api/whiteboard/room/3VS7D2AF/presence 200 in 14ms

[1A[2K[2m[WebServer] [22m[0m[1][0m  GET /whiteboard/3VS7D2AF 200 in 18ms

[1A[2K[2m[WebServer] [22m[0m[1][0m (node:27224) Warning: The 'NO_COLOR' env is ignored due to the 'FORCE_COLOR' env being set.
[2m[WebServer] [22m[0m[1][0m (Use `node --trace-warnings ...` to show where the warning was created)

[1A[2K[2m[WebServer] [22m[0m[1][0m (node:27184) Warning: The 'NO_COLOR' env is ignored due to the 'FORCE_COLOR' env being set.
[2m[WebServer] [22m[0m[1][0m (Use `node --trace-warnings ...` to show where the warning was created)

[1A[2K[2m[WebServer] [22m[0m[1][0m  GET /api/whiteboard/room/3VS7D2AF 200 in 13ms

[1A[2K[2m[WebServer] [22m[0m[1][0m  GET /api/whiteboard/room/3VS7D2AF 200 in 8ms

[1A[2K[2m[WebServer] [22m[0m[1][0m 

[1A[2K[2m[WebServer] [22m POST /api/whiteboard/room/3VS7D2AF/presence 200 in 13ms

[1A[2K[2m[WebServer] [22m[0m[1][0m (node:15744) Warning: The 'NO_COLOR' env is ignored due to the 'FORCE_COLOR' env being set.
[2m[WebServer] [22m[0m[1][0m (Use `node --trace-warnings ...` to show where the warning was created)

[1A[2K[2m[WebServer] [22m[0m[1][0m (node:6632) Warning: The 'NO_COLOR' env is ignored due to the 'FORCE_COLOR' env being set.
[2m[WebServer] [22m[0m[1][0m (Use `node --trace-warnings ...` to show where the warning was created)

[1A[2K[2m[WebServer] [22m[0m[1][0m  POST /api/whiteboard/room/3VS7D2AF/presence 200 in 12ms

[1A[2K[2m[WebServer] [22m[0m[1][0m 

[1A[2K[2m[WebServer] [22m(node:7840) Warning: The 'NO_COLOR' env is ignored due to the 'FORCE_COLOR' env being set.
[2m[WebServer] [22m[0m[1][0m (Use `node --trace-warnings ...` to show where the warning was created)

[1A[2K[2m[WebServer] [22m[0m[1][0m  POST /api/whiteboard/room/3VS7D2AF/waiting 200 in 13ms

[1A[2K[2m[WebServer] [22m[0m[1][0m  GET /api/whiteboard/room/3VS7D2AF/presence 200 in 18ms

[1A[2K[2m[WebServer] [22m[0m[1][0m  POST /api/whiteboard/room/3VS7D2AF/presence 200 in 10ms

[1A[2K[2m[WebServer] [22m[0m[1][0m (node:24532) Warning: The 'NO_COLOR' env is ignored due to the 'FORCE_COLOR' env being set.
[2m[WebServer] [22m[0m[1][0m (Use `node --trace-warnings ...` to show where the warning was created)

[1A[2K[2m[WebServer] [22m[0m[1][0m (node:10384) Warning: The 'NO_COLOR' env is ignored due to the 'FORCE_COLOR' env being set.
[2m[WebServer] [22m[0m[1][0m (Use `node --trace-warnings ...` to show where the warning was created)

[1A[2K[2m[WebServer] [22m[0m[1][0m  POST /api/whiteboard/room/3VS7D2AF/presence 200 in 12ms

[1A[2K[2m[WebServer] [22m[0m[1][0m (node:28780) Warning: The 'NO_COLOR' env is ignored due to the 'FORCE_COLOR' env being set.
[2m[WebServer] [22m[0m[1][0m (Use `node --trace-warnings ...` to show where the warning was created)

[1A[2K[2m[WebServer] [22m[0m[1][0m  POST /api/whiteboard/room/3VS7D2AF/presence 200 in 13ms

[1A[2K[2m[WebServer] [22m[0m[1][0m (node:22984) Warning: The 'NO_COLOR' env is ignored due to the 'FORCE_COLOR' env being set.
[2m[WebServer] [22m[0m[1][0m (Use `node --trace-warnings ...` to show where the warning was created)

[1A[2K[2m[WebServer] [22m[0m[1][0m  POST /api/whiteboard/room/3VS7D2AF/presence 200 in 13ms

[1A[2K[2m[WebServer] [22m[0m[1][0m (node:24296) Warning: The 'NO_COLOR' env is ignored due to the 'FORCE_COLOR' env being set.
[2m[WebServer] [22m[0m[1][0m (Use `node --trace-warnings ...` to show where the warning was created)

[1A[2K[2m[WebServer] [22m[0m[1][0m  POST /api/whiteboard/room/3VS7D2AF/presence 200 in 12ms

[1A[2K[2m[WebServer] [22m[0m[1][0m (node:31844) Warning: The 'NO_COLOR' env is ignored due to the 'FORCE_COLOR' env being set.
[2m[WebServer] [22m[0m[1][0m (Use `node --trace-warnings ...` to show where the warning was created)

[1A[2K[2m[WebServer] [22m[0m[1][0m  POST /api/whiteboard/room/3VS7D2AF/presence 200 in 12ms

[1A[2K[2m[WebServer] [22m[0m[1][0m (node:14984) Warning: The 'NO_COLOR' env is ignored due to the 'FORCE_COLOR' env being set.
[2m[WebServer] [22m[0m[1][0m (Use `node --trace-warnings ...` to show where the warning was created)

[1A[2K[2m[WebServer] [22m[0m[1][0m  POST /api/whiteboard/room/3VS7D2AF/presence 200 in 13ms

[1A[2K[2m[WebServer] [22m[0m[1][0m (node:32440) Warning: The 'NO_COLOR' env is ignored due to the 'FORCE_COLOR' env being set.
[2m[WebServer] [22m[0m[1][0m (Use `node --trace-warnings ...` to show where the warning was created)

[1A[2K[2m[WebServer] [22m[0m[1][0m  POST /api/whiteboard/room/3VS7D2AF 200 in 12ms

[1A[2K[2m[WebServer] [22m[0m[1][0m  POST /api/whiteboard/room/3VS7D2AF 200 in 16ms

[1A[2K[2m[WebServer] [22m[0m[1][0m (node:31052) Warning: The 'NO_COLOR' env is ignored due to the 'FORCE_COLOR' env being set.
[2m[WebServer] [22m[0m[1][0m (Use `node --trace-warnings ...` to show where the warning was created)

[1A[2K[2m[WebServer] [22m[0m[1][0m  POST /api/whiteboard/room/3VS7D2AF/presence 200 in 12ms

[1A[2K[2m[WebServer] [22m[0m[1][0m (node:31644) Warning: The 'NO_COLOR' env is ignored due to the 'FORCE_COLOR' env being set.
[2m[WebServer] [22m[0m[1][0m (Use `node --trace-warnings ...` to show where the warning was created)

[1A[2K[2m[WebServer] [22m[0m[1][0m  POST /api/whiteboard/room/3VS7D2AF/presence 200 in 13ms

[1A[2K[2m[WebServer] [22m[0m[1][0m (node:11536) Warning: The 'NO_COLOR' env is ignored due to the 'FORCE_COLOR' env being set.
[2m[WebServer] [22m[0m[1][0m (Use `node --trace-warnings ...` to show where the warning was created)

[1A[2K[2m[WebServer] [22m[0m[1][0m  POST /api/whiteboard/room/3VS7D2AF/presence 200 in 18ms

[1A[2K[2m[WebServer] [22m[0m[1][0m (node:23488) Warning: The 'NO_COLOR' env is ignored due to the 'FORCE_COLOR' env being set.
[2m[WebServer] [22m[0m[1][0m (Use `node --trace-warnings ...` to show where the warning was created)

[1A[2K[2m[WebServer] [22m[0m[1][0m  POST /api/whiteboard/room/3VS7D2AF/presence 200 in 14ms

[1A[2K[2m[WebServer] [22m[0m[1][0m (node:3408) Warning: The 'NO_COLOR' env is ignored due to the 'FORCE_COLOR' env being set.
[2m[WebServer] [22m[0m[1][0m (Use `node --trace-warnings ...` to show where the warning was created)

[1A[2K[2m[WebServer] [22m[0m[1][0m  POST /api/whiteboard/room/3VS7D2AF/presence 200 in 13ms

[1A[2K[2m[WebServer] [22m[0m[1][0m (node:31576) Warning: The 'NO_COLOR' env is ignored due to the 'FORCE_COLOR' env being set.
[2m[WebServer] [22m[0m[1][0m (Use `node --trace-warnings ...` to show where the warning was created)

[1A[2K[2m[WebServer] [22m[0m[1][0m  POST /api/whiteboard/room/3VS7D2AF/presence 200 in 13ms

[1A[2K[2m[WebServer] [22m[0m[1][0m (node:23024) Warning: The 'NO_COLOR' env is ignored due to the 'FORCE_COLOR' env being set.
[2m[WebServer] [22m[0m[1][0m (Use `node --trace-warnings ...` to show where the warning was created)

[1A[2K[2m[WebServer] [22m[0m[1][0m  POST /api/whiteboard/room/3VS7D2AF/presence 200 in 13ms

[1A[2K[2m[WebServer] [22m[0m[1][0m (node:1112) Warning: The 'NO_COLOR' env is ignored due to the 'FORCE_COLOR' env being set.
[2m[WebServer] [22m[0m[1][0m (Use `node --trace-warnings ...` to show where the warning was created)

[1A[2K[2m[WebServer] [22m[0m[1][0m  POST /api/whiteboard/room/3VS7D2AF/presence 200 in 12ms

[1A[2K[2m[WebServer] [22m[0m[1][0m (node:23472) Warning: The 'NO_COLOR' env is ignored due to the 'FORCE_COLOR' env being set.
[2m[WebServer] [22m[0m[1][0m (Use `node --trace-warnings ...` to show where the warning was created)

[1A[2K[2m[WebServer] [22m[0m[1][0m  POST /api/whiteboard/room/3VS7D2AF/presence 200 in 12ms

[1A[2K[2m[WebServer] [22m[0m[1][0m (node:15980) Warning: The 'NO_COLOR' env is ignored due to the 'FORCE_COLOR' env being set.
[2m[WebServer] [22m[0m[1][0m (Use `node --trace-warnings ...` to show where the warning was created)

[1A[2K[2m[WebServer] [22m[0m[1][0m  POST /api/whiteboard/room/3VS7D2AF/presence 200 in 12ms

[1A[2K[2m[WebServer] [22m[0m[1][0m (node:10328) Warning: The 'NO_COLOR' env is ignored due to the 'FORCE_COLOR' env being set.
[2m[WebServer] [22m[0m[1][0m (Use `node --trace-warnings ...` to show where the warning was created)

[1A[2K  9) [chromium] › tests\e2e\whiteboard.spec.ts:424:7 › Multi-Peer Sync › both peers draw simultaneously, both see each other 

    Error: [2mexpect([22m[31mreceived[39m[2m).[22mtoBeGreaterThanOrEqual[2m([22m[32mexpected[39m[2m)[22m

    Expected: >= [32m2[39m
    Received:    [31m1[39m

    Call Log:
    - Timeout 15000ms exceeded while waiting on the predicate

      139 |     },
      140 |     { timeout },
    > 141 |   ).toBeGreaterThanOrEqual(expectedElements);
          |     ^
      142 | }
      143 |
      144 | async function waitForPresence(page: Page, name: string, timeout = 15000) {
        at waitForSync (D:\new-projects\teacher-playground\tests\e2e\whiteboard.spec.ts:141:5)
        at D:\new-projects\teacher-playground\tests\e2e\whiteboard.spec.ts:457:13

    attachment #1: screenshot (image/png) ──────────────────────────────────────────────────────────
    test-results\whiteboard-Multi-Peer-Sync-72bd0-neously-both-see-each-other-chromium\test-failed-1.png
    ────────────────────────────────────────────────────────────────────────────────────────────────

    attachment #2: video (video/webm) ──────────────────────────────────────────────────────────────
    test-results\whiteboard-Multi-Peer-Sync-72bd0-neously-both-see-each-other-chromium\video.webm
    ────────────────────────────────────────────────────────────────────────────────────────────────

    attachment #3: screenshot (image/png) ──────────────────────────────────────────────────────────
    test-results\whiteboard-Multi-Peer-Sync-72bd0-neously-both-see-each-other-chromium\test-failed-2.png
    ────────────────────────────────────────────────────────────────────────────────────────────────

    Error Context: test-results\whiteboard-Multi-Peer-Sync-72bd0-neously-both-see-each-other-chromium\error-context.md




[1A[2K(node:25532) Warning: The 'NO_COLOR' env is ignored due to the 'FORCE_COLOR' env being set.
(Use `node --trace-warnings ...` to show where the warning was created)
[1A[2K(node:25532) Warning: The 'NO_COLOR' env is ignored due to the 'FORCE_COLOR' env being set.
(Use `node --trace-warnings ...` to show where the warning was created)


[1A[2K[58/69] [chromium] › tests\e2e\whiteboard.spec.ts:475:7 › Multi-Peer Sync › Bob leaves, Alice sees user count drop
[1A[2K[2m[WebServer] [22m[0m[1][0m  GET /whiteboard 200 in 83ms

[1A[2K[2m[WebServer] [22m[0m[1][0m  POST /api/whiteboard/room/TD7V79MS 200 in 13ms

[1A[2K[2m[WebServer] [22m[0m[1][0m (node:27224) Warning: The 'NO_COLOR' env is ignored due to the 'FORCE_COLOR' env being set.
[2m[WebServer] [22m[0m[1][0m (Use `node --trace-warnings ...` to show where the warning was created)

[1A[2K[2m[WebServer] [22m[0m[1][0m  GET /api/whiteboard/room/TD7V79MS 200 in 15ms

[1A[2K[2m[WebServer] [22m[0m[1][0m (node:15076) Warning: The 'NO_COLOR' env is ignored due to the 'FORCE_COLOR' env being set.
[2m[WebServer] [22m[0m[1][0m (Use `node --trace-warnings ...` to show where the warning was created)

[1A[2K[2m[WebServer] [22m[0m[1][0m  GET /api/whiteboard/room/TD7V79MS 200 in 8ms

[1A[2K[2m[WebServer] [22m[0m[1][0m 

[1A[2K[2m[WebServer] [22m POST /api/whiteboard/room/TD7V79MS/presence 200 in 16ms

[1A[2K[2m[WebServer] [22m[0m[1][0m  GET /whiteboard/TD7V79MS 200 in 22ms

[1A[2K[2m[WebServer] [22m[0m[1][0m (node:22572) Warning: The 'NO_COLOR' env is ignored due to the 'FORCE_COLOR' env being set.
[2m[WebServer] [22m[0m[1][0m (Use `node --trace-warnings ...` to show where the warning was created)

[1A[2K[2m[WebServer] [22m[0m[1][0m (node:26652) Warning: The 'NO_COLOR' env is ignored due to the 'FORCE_COLOR' env being set.
[2m[WebServer] [22m[0m[1][0m (Use `node --trace-warnings ...` to show where the warning was created)

[1A[2K[2m[WebServer] [22m[0m[1][0m  GET /api/whiteboard/room/TD7V79MS 200 in 14ms

[1A[2K[2m[WebServer] [22m[0m[1][0m  GET /api/whiteboard/room/TD7V79MS 200 in 8ms

[1A[2K[2m[WebServer] [22m[0m[1][0m  POST /api/whiteboard/room/TD7V79MS/presence 200 in 13ms

[1A[2K[2m[WebServer] [22m[0m[1][0m (node:25216) Warning: The 'NO_COLOR' env is ignored due to the 'FORCE_COLOR' env being set.
[2m[WebServer] [22m[0m[1][0m (Use `node --trace-warnings ...` to show where the warning was created)

[1A[2K[2m[WebServer] [22m[0m[1][0m (node:25256) Warning: The 'NO_COLOR' env is ignored due to the 'FORCE_COLOR' env being set.
[2m[WebServer] [22m[0m[1][0m (Use `node --trace-warnings ...` to show where the warning was created)

[1A[2K[2m[WebServer] [22m[0m[1][0m  POST /api/whiteboard/room/TD7V79MS/presence 200 in 14ms

[1A[2K[2m[WebServer] [22m[0m[1][0m (node:21928) Warning: The 'NO_COLOR' env is ignored due to the 'FORCE_COLOR' env being set.
[2m[WebServer] [22m[0m[1][0m (Use `node --trace-warnings ...` to show where the warning was created)

[1A[2K[2m[WebServer] [22m[0m[1][0m  POST /api/whiteboard/room/TD7V79MS/waiting 200 in 13ms

[1A[2K[2m[WebServer] [22m[0m[1][0m  GET /api/whiteboard/room/TD7V79MS/presence 200 in 13ms

[1A[2K[2m[WebServer] [22m[0m[1][0m  POST /api/whiteboard/room/TD7V79MS/presence 200 in 10ms

[1A[2K[2m[WebServer] [22m[0m[1][0m (node:2984) Warning: The 'NO_COLOR' env is ignored due to the 'FORCE_COLOR' env being set.
[2m[WebServer] [22m[0m[1][0m (Use `node --trace-warnings ...` to show where the warning was created)

[1A[2K[2m[WebServer] [22m[0m[1][0m (node:8636) Warning: The 'NO_COLOR' env is ignored due to the 'FORCE_COLOR' env being set.
[2m[WebServer] [22m[0m[1][0m (Use `node --trace-warnings ...` to show where the warning was created)

[1A[2K[2m[WebServer] [22m[0m[1][0m  POST /api/whiteboard/room/TD7V79MS/presence 200 in 12ms

[1A[2K[2m[WebServer] [22m[0m[1][0m (node:6780) Warning: The 'NO_COLOR' env is ignored due to the 'FORCE_COLOR' env being set.
[2m[WebServer] [22m[0m[1][0m (Use `node --trace-warnings ...` to show where the warning was created)

[1A[2K[2m[WebServer] [22m[0m[1][0m  POST /api/whiteboard/room/TD7V79MS/presence 200 in 12ms

[1A[2K[2m[WebServer] [22m[0m[1][0m (node:29708) Warning: The 'NO_COLOR' env is ignored due to the 'FORCE_COLOR' env being set.
[2m[WebServer] [22m[0m[1][0m (Use `node --trace-warnings ...` to show where the warning was created)

[1A[2K[2m[WebServer] [22m[0m[1][0m  POST /api/whiteboard/room/TD7V79MS/presence 200 in 12ms

[1A[2K[2m[WebServer] [22m[0m[1][0m (node:19320) Warning: The 'NO_COLOR' env is ignored due to the 'FORCE_COLOR' env being set.
[2m[WebServer] [22m[0m[1][0m (Use `node --trace-warnings ...` to show where the warning was created)

[1A[2K[2m[WebServer] [22m[0m[1][0m  POST /api/whiteboard/room/TD7V79MS/presence 200 in 13ms

[1A[2K[2m[WebServer] [22m[0m[1][0m (node:10368) Warning: The 'NO_COLOR' env is ignored due to the 'FORCE_COLOR' env being set.
[2m[WebServer] [22m[0m[1][0m (Use `node --trace-warnings ...` to show where the warning was created)

[1A[2K[59/69] [chromium] › tests\e2e\whiteboard.spec.ts:514:7 › Multi-Peer Sync › Bob joins after Alice has drawn, Bob receives all elements
[1A[2K[2m[WebServer] [22m[0m[1][0m  GET /whiteboard 200 in 77ms

[1A[2K[2m[WebServer] [22m[0m[1][0m  POST /api/whiteboard/room/KKDRHZA2 200 in 13ms

[1A[2K[2m[WebServer] [22m[0m[1][0m (node:21836) Warning: The 'NO_COLOR' env is ignored due to the 'FORCE_COLOR' env being set.
[2m[WebServer] [22m[0m[1][0m (Use `node --trace-warnings ...` to show where the warning was created)

[1A[2K[2m[WebServer] [22m[0m[1][0m  GET /api/whiteboard/room/KKDRHZA2 200 in 14ms

[1A[2K[2m[WebServer] [22m[0m[1][0m 

[1A[2K[2m[WebServer] [22m GET /api/whiteboard/room/KKDRHZA2 200 in 9ms

[1A[2K[2m[WebServer] [22m[0m[1][0m (node:15492) Warning: The 'NO_COLOR' env is ignored due to the 'FORCE_COLOR' env being set.
[2m[WebServer] [22m[0m[1][0m (Use `node --trace-warnings ...` to show where the warning was created)

[1A[2K[2m[WebServer] [22m[0m[1][0m  POST /api/whiteboard/room/KKDRHZA2/presence 200 in 14ms

[1A[2K[2m[WebServer] [22m[0m[1][0m (node:25296) Warning: The 'NO_COLOR' env is ignored due to the 'FORCE_COLOR' env being set.
[2m[WebServer] [22m[0m[1][0m (Use `node --trace-warnings ...` to show where the warning was created)

[1A[2K[2m[WebServer] [22m[0m[1][0m  POST /api/whiteboard/room/KKDRHZA2/presence 200 in 12ms

[1A[2K  10) [chromium] › tests\e2e\whiteboard.spec.ts:514:7 › Multi-Peer Sync › Bob joins after Alice has drawn, Bob receives all elements 

    Error: [2mexpect([22m[31mreceived[39m[2m).[22mtoBeGreaterThanOrEqual[2m([22m[32mexpected[39m[2m)[22m

    Expected: >= [32m3[39m
    Received:    [31m1[39m

      531 |     await page.waitForTimeout(1000);
      532 |     const aliceState = await getStoreState(page);
    > 533 |     expect(aliceState.elements?.length).toBeGreaterThanOrEqual(3);
          |                                         ^
      534 |
      535 |     // Bob joins late
      536 |     const bobContext = await browser.newContext();
        at D:\new-projects\teacher-playground\tests\e2e\whiteboard.spec.ts:533:41

    attachment #1: screenshot (image/png) ──────────────────────────────────────────────────────────
    test-results\whiteboard-Multi-Peer-Sync-106dd-n-Bob-receives-all-elements-chromium\test-failed-1.png
    ────────────────────────────────────────────────────────────────────────────────────────────────

    attachment #2: video (video/webm) ──────────────────────────────────────────────────────────────
    test-results\whiteboard-Multi-Peer-Sync-106dd-n-Bob-receives-all-elements-chromium\video.webm
    ────────────────────────────────────────────────────────────────────────────────────────────────

    Error Context: test-results\whiteboard-Multi-Peer-Sync-106dd-n-Bob-receives-all-elements-chromium\error-context.md


[1A[2K[2m[WebServer] [22m[0m[1][0m (node:28364) Warning: The 'NO_COLOR' env is ignored due to the 'FORCE_COLOR' env being set.
[2m[WebServer] [22m[0m[1][0m (Use `node --trace-warnings ...` to show where the warning was created)

[1A[2K(node:20776) Warning: The 'NO_COLOR' env is ignored due to the 'FORCE_COLOR' env being set.
(Use `node --trace-warnings ...` to show where the warning was created)




[1A[2K(node:20776) Warning: The 'NO_COLOR' env is ignored due to the 'FORCE_COLOR' env being set.
(Use `node --trace-warnings ...` to show where the warning was created)
[1A[2K[60/69] [chromium] › tests\e2e\whiteboard.spec.ts:562:7 › Reconnection & Resilience › reconnecting page receives existing elements
[1A[2K[2m[WebServer] [22m[0m[1][0m  GET /whiteboard 200 in 75ms

[1A[2K[2m[WebServer] [22m[0m[1][0m  POST /api/whiteboard/room/6VXH2SW8 200 in 12ms

[1A[2K[2m[WebServer] [22m[0m[1][0m (node:9332) Warning: The 'NO_COLOR' env is ignored due to the 'FORCE_COLOR' env being set.
[2m[WebServer] [22m[0m[1][0m (Use `node --trace-warnings ...` to show where the warning was created)

[1A[2K[2m[WebServer] [22m[0m[1][0m  GET /api/whiteboard/room/6VXH2SW8 200 in 10ms

[1A[2K[2m[WebServer] [22m[0m[1][0m  GET /api/whiteboard/room/6VXH2SW8 200 in 10ms

[1A[2K[2m[WebServer] [22m[0m[1][0m (node:25912) Warning: The 'NO_COLOR' env is ignored due to the 'FORCE_COLOR' env being set.
[2m[WebServer] [22m[0m[1][0m (Use `node --trace-warnings ...` to show where the warning was created)

[1A[2K[2m[WebServer] [22m[0m[1][0m  POST /api/whiteboard/room/6VXH2SW8/presence 200 in 16ms

[1A[2K  11) [chromium] › tests\e2e\whiteboard.spec.ts:562:7 › Reconnection & Resilience › reconnecting page receives existing elements 

    Error: [2mexpect([22m[31mreceived[39m[2m).[22mtoBe[2m([22m[32mexpected[39m[2m) // Object.is equality[22m

    Expected: [32m1[39m
    Received: [31m0[39m

      577 |
      578 |     const stateBefore = await getStoreState(page);
    > 579 |     expect(stateBefore.elements?.length).toBe(1);
          |                                          ^
      580 |
      581 |     // Simulate disconnect by clearing Yjs provider cache, then reconnect
      582 |     await page.evaluate(() => {
        at D:\new-projects\teacher-playground\tests\e2e\whiteboard.spec.ts:579:42

    attachment #1: screenshot (image/png) ──────────────────────────────────────────────────────────
    test-results\whiteboard-Reconnection-Re-83af8--receives-existing-elements-chromium\test-failed-1.png
    ────────────────────────────────────────────────────────────────────────────────────────────────

    attachment #2: video (video/webm) ──────────────────────────────────────────────────────────────
    test-results\whiteboard-Reconnection-Re-83af8--receives-existing-elements-chromium\video.webm
    ────────────────────────────────────────────────────────────────────────────────────────────────

    Error Context: test-results\whiteboard-Reconnection-Re-83af8--receives-existing-elements-chromium\error-context.md


[1A[2K[2m[WebServer] [22m[0m[1][0m (node:10640) Warning: The 'NO_COLOR' env is ignored due to the 'FORCE_COLOR' env being set.
[2m[WebServer] [22m[0m[1][0m (Use `node --trace-warnings ...` to show where the warning was created)



[1A[2K(node:10900) Warning: The 'NO_COLOR' env is ignored due to the 'FORCE_COLOR' env being set.
(Use `node --trace-warnings ...` to show where the warning was created)


[1A[2K(node:10900) Warning: The 'NO_COLOR' env is ignored due to the 'FORCE_COLOR' env being set.
(Use `node --trace-warnings ...` to show where the warning was created)
[1A[2K[61/69] [chromium] › tests\e2e\whiteboard.spec.ts:602:7 › Reconnection & Resilience › rapid tool switching doesn't lose elements
[1A[2K[2m[WebServer] [22m[0m[1][0m  GET /whiteboard 200 in 75ms

[1A[2K[2m[WebServer] [22m[0m[1][0m  POST /api/whiteboard/room/RMYPQ9E0 200 in 14ms

[1A[2K[2m[WebServer] [22m[0m[1][0m  GET /api/whiteboard/room/RMYPQ9E0 200 in 11ms

[1A[2K[2m[WebServer] [22m[0m[1][0m (node:4596) Warning: The 'NO_COLOR' env is ignored due to the 'FORCE_COLOR' env being set.
[2m[WebServer] [22m[0m[1][0m (Use `node --trace-warnings ...` to show where the warning was created)

[1A[2K[2m[WebServer] [22m[0m[1][0m  GET /api/whiteboard/room/RMYPQ9E0 200 in 10ms

[1A[2K[2m[WebServer] [22m[0m[1][0m (node:32400) Warning: The 'NO_COLOR' env is ignored due to the 'FORCE_COLOR' env being set.
[2m[WebServer] [22m[0m[1][0m (Use `node --trace-warnings ...` to show where the warning was created)

[1A[2K[2m[WebServer] [22m[0m[1][0m  POST /api/whiteboard/room/RMYPQ9E0/presence 200 in 16ms

[1A[2K[2m[WebServer] [22m[0m[1][0m (node:11536) Warning: The 'NO_COLOR' env is ignored due to the 'FORCE_COLOR' env being set.
[2m[WebServer] [22m[0m[1][0m (Use `node --trace-warnings ...` to show where the warning was created)

[1A[2K  12) [chromium] › tests\e2e\whiteboard.spec.ts:602:7 › Reconnection & Resilience › rapid tool switching doesn't lose elements 

    Error: [2mexpect([22m[31mreceived[39m[2m).[22mtoBeGreaterThanOrEqual[2m([22m[32mexpected[39m[2m)[22m

    Expected: >= [32m1[39m
    Received:    [31m0[39m

      618 |
      619 |     const state = await getStoreState(page);
    > 620 |     expect(state.elements?.length).toBeGreaterThanOrEqual(1);
          |                                    ^
      621 |     expect(state.tool).toBe('pen');
      622 |   });
      623 |
        at D:\new-projects\teacher-playground\tests\e2e\whiteboard.spec.ts:620:36

    attachment #1: screenshot (image/png) ──────────────────────────────────────────────────────────
    test-results\whiteboard-Reconnection-Re-d8e3c-ching-doesn-t-lose-elements-chromium\test-failed-1.png
    ────────────────────────────────────────────────────────────────────────────────────────────────

    attachment #2: video (video/webm) ──────────────────────────────────────────────────────────────
    test-results\whiteboard-Reconnection-Re-d8e3c-ching-doesn-t-lose-elements-chromium\video.webm
    ────────────────────────────────────────────────────────────────────────────────────────────────

    Error Context: test-results\whiteboard-Reconnection-Re-d8e3c-ching-doesn-t-lose-elements-chromium\error-context.md



[1A[2K(node:20940) Warning: The 'NO_COLOR' env is ignored due to the 'FORCE_COLOR' env being set.
(Use `node --trace-warnings ...` to show where the warning was created)

[1A[2K(node:20940) Warning: The 'NO_COLOR' env is ignored due to the 'FORCE_COLOR' env being set.
(Use `node --trace-warnings ...` to show where the warning was created)


[1A[2K[62/69] [chromium] › tests\e2e\whiteboard.spec.ts:624:7 › Reconnection & Resilience › clearing board removes all elements and syncs
[1A[2K[2m[WebServer] [22m[0m[1][0m  GET /whiteboard 200 in 85ms

[1A[2K[2m[WebServer] [22m[0m[1][0m  POST /api/whiteboard/room/A851W7SH 200 in 12ms

[1A[2K[2m[WebServer] [22m[0m[1][0m  GET /api/whiteboard/room/A851W7SH 200 in 9ms

[1A[2K[2m[WebServer] [22m[0m[1][0m  GET /api/whiteboard/room/A851W7SH 200 in 9ms

[1A[2K[2m[WebServer] [22m[0m[1][0m (node:14080) Warning: The 'NO_COLOR' env is ignored due to the 'FORCE_COLOR' env being set.
[2m[WebServer] [22m[0m[1][0m (Use `node --trace-warnings ...` to show where the warning was created)

[1A[2K[2m[WebServer] [22m[0m[1][0m (node:26584) Warning: The 'NO_COLOR' env is ignored due to the 'FORCE_COLOR' env being set.
[2m[WebServer] [22m[0m[1][0m (Use `node --trace-warnings ...` to show where the warning was created)

[1A[2K[2m[WebServer] [22m[0m[1][0m  POST /api/whiteboard/room/A851W7SH/presence 200 in 21ms

[1A[2K[2m[WebServer] [22m[0m[1][0m  GET /whiteboard/A851W7SH 200 in 21ms

[1A[2K[2m[WebServer] [22m[0m[1][0m (node:3288) Warning: The 'NO_COLOR' env is ignored due to the 'FORCE_COLOR' env being set.
[2m[WebServer] [22m[0m[1][0m (Use `node --trace-warnings ...` to show where the warning was created)

[1A[2K[2m[WebServer] [22m[0m[1][0m (node:23072) Warning: The 'NO_COLOR' env is ignored due to the 'FORCE_COLOR' env being set.
[2m[WebServer] [22m[0m[1][0m (Use `node --trace-warnings ...` to show where the warning was created)

[1A[2K[2m[WebServer] [22m[0m[1][0m  GET /api/whiteboard/room/A851W7SH 200 in 15ms

[1A[2K[2m[WebServer] [22m[0m[1][0m  GET /api/whiteboard/room/A851W7SH 200 in 9ms

[1A[2K[2m[WebServer] [22m[0m[1][0m  POST /api/whiteboard/room/A851W7SH/presence 200 in 15ms

[1A[2K[2m[WebServer] [22m[0m[1][0m (node:21728) Warning: The 'NO_COLOR' env is ignored due to the 'FORCE_COLOR' env being set.
[2m[WebServer] [22m[0m[1][0m (Use `node --trace-warnings ...` to show where the warning was created)

[1A[2K[2m[WebServer] [22m[0m[1][0m (node:32536) Warning: The 'NO_COLOR' env is ignored due to the 'FORCE_COLOR' env being set.
[2m[WebServer] [22m[0m[1][0m (Use `node --trace-warnings ...` to show where the warning was created)

[1A[2K[2m[WebServer] [22m[0m[1][0m  POST /api/whiteboard/room/A851W7SH/presence 200 in 16ms

[1A[2K[2m[WebServer] [22m[0m[1][0m (node:32676) Warning: The 'NO_COLOR' env is ignored due to the 'FORCE_COLOR' env being set.
[2m[WebServer] [22m[0m[1][0m (Use `node --trace-warnings ...` to show where the warning was created)

[1A[2K[2m[WebServer] [22m[0m[1][0m  POST /api/whiteboard/room/A851W7SH/waiting 200 in 14ms

[1A[2K[2m[WebServer] [22m[0m[1][0m  GET /api/whiteboard/room/A851W7SH/presence 200 in 14ms

[1A[2K[2m[WebServer] [22m[0m[1][0m  POST /api/whiteboard/room/A851W7SH/presence 200 in 9ms

[1A[2K[2m[WebServer] [22m[0m[1][0m (node:12252) Warning: The 'NO_COLOR' env is ignored due to the 'FORCE_COLOR' env being set.
[2m[WebServer] [22m[0m[1][0m (Use `node --trace-warnings ...` to show where the warning was created)

[1A[2K[2m[WebServer] [22m[0m[1][0m (node:31116) Warning: The 'NO_COLOR' env is ignored due to the 'FORCE_COLOR' env being set.
[2m[WebServer] [22m[0m[1][0m (Use `node --trace-warnings ...` to show where the warning was created)

[1A[2K[2m[WebServer] [22m[0m[1][0m  POST /api/whiteboard/room/A851W7SH/presence 200 in 13ms

[1A[2K[2m[WebServer] [22m[0m[1][0m (node:25912) Warning: The 'NO_COLOR' env is ignored due to the 'FORCE_COLOR' env being set.
[2m[WebServer] [22m[0m[1][0m (Use `node --trace-warnings ...` to show where the warning was created)

[1A[2K[2m[WebServer] [22m[0m[1][0m  POST /api/whiteboard/room/A851W7SH/presence 200 in 13ms

[1A[2K[2m[WebServer] [22m[0m[1][0m (node:16800) Warning: The 'NO_COLOR' env is ignored due to the 'FORCE_COLOR' env being set.
[2m[WebServer] [22m[0m[1][0m (Use `node --trace-warnings ...` to show where the warning was created)

[1A[2K[2m[WebServer] [22m[0m[1][0m  POST /api/whiteboard/room/A851W7SH/presence 200 in 12ms

[1A[2K[2m[WebServer] [22m[0m[1][0m (node:22940) Warning: The 'NO_COLOR' env is ignored due to the 'FORCE_COLOR' env being set.
[2m[WebServer] [22m[0m[1][0m (Use `node --trace-warnings ...` to show where the warning was created)

[1A[2K[2m[WebServer] [22m[0m[1][0m  POST /api/whiteboard/room/A851W7SH/presence 200 in 12ms

[1A[2K[2m[WebServer] [22m[0m[1][0m (node:12212) Warning: The 'NO_COLOR' env is ignored due to the 'FORCE_COLOR' env being set.
[2m[WebServer] [22m[0m[1][0m (Use `node --trace-warnings ...` to show where the warning was created)

[1A[2K[2m[WebServer] [22m[0m[1][0m  POST /api/whiteboard/room/A851W7SH/presence 200 in 13ms

[1A[2K[2m[WebServer] [22m[0m[1][0m (node:11376) Warning: The 'NO_COLOR' env is ignored due to the 'FORCE_COLOR' env being set.
[2m[WebServer] [22m[0m[1][0m (Use `node --trace-warnings ...` to show where the warning was created)

[1A[2K[2m[WebServer] [22m[0m[1][0m  POST /api/whiteboard/room/A851W7SH/presence 200 in 13ms

[1A[2K[2m[WebServer] [22m[0m[1][0m (node:31148) Warning: The 'NO_COLOR' env is ignored due to the 'FORCE_COLOR' env being set.
[2m[WebServer] [22m[0m[1][0m (Use `node --trace-warnings ...` to show where the warning was created)

[1A[2K[2m[WebServer] [22m[0m[1][0m  POST /api/whiteboard/room/A851W7SH/presence 200 in 13ms

[1A[2K[2m[WebServer] [22m[0m[1][0m (node:13472) Warning: The 'NO_COLOR' env is ignored due to the 'FORCE_COLOR' env being set.
[2m[WebServer] [22m[0m[1][0m (Use `node --trace-warnings ...` to show where the warning was created)

[1A[2K[2m[WebServer] [22m[0m[1][0m  POST /api/whiteboard/room/A851W7SH/presence 200 in 12ms

[1A[2K[2m[WebServer] [22m[0m[1][0m (node:6372) Warning: The 'NO_COLOR' env is ignored due to the 'FORCE_COLOR' env being set.
[2m[WebServer] [22m[0m[1][0m (Use `node --trace-warnings ...` to show where the warning was created)

[1A[2K[2m[WebServer] [22m[0m[1][0m  POST /api/whiteboard/room/A851W7SH/presence 200 in 20ms

[1A[2K[2m[WebServer] [22m[0m[1][0m (node:24008) Warning: The 'NO_COLOR' env is ignored due to the 'FORCE_COLOR' env being set.
[2m[WebServer] [22m[0m[1][0m (Use `node --trace-warnings ...` to show where the warning was created)

[1A[2K[2m[WebServer] [22m[0m[1][0m  POST /api/whiteboard/room/A851W7SH/presence 200 in 13ms

[1A[2K[2m[WebServer] [22m[0m[1][0m (node:19752) Warning: The 'NO_COLOR' env is ignored due to the 'FORCE_COLOR' env being set.
[2m[WebServer] [22m[0m[1][0m (Use `node --trace-warnings ...` to show where the warning was created)

[1A[2K[2m[WebServer] [22m[0m[1][0m  POST /api/whiteboard/room/A851W7SH/presence 200 in 12ms

[1A[2K[2m[WebServer] [22m[0m[1][0m (node:14696) Warning: The 'NO_COLOR' env is ignored due to the 'FORCE_COLOR' env being set.
[2m[WebServer] [22m[0m[1][0m (Use `node --trace-warnings ...` to show where the warning was created)

[1A[2K[2m[WebServer] [22m[0m[1][0m  POST /api/whiteboard/room/A851W7SH/presence 200 in 12ms

[1A[2K[2m[WebServer] [22m[0m[1][0m (node:29688) Warning: The 'NO_COLOR' env is ignored due to the 'FORCE_COLOR' env being set.
[2m[WebServer] [22m[0m[1][0m (Use `node --trace-warnings ...` to show where the warning was created)

[1A[2K  13) [chromium] › tests\e2e\whiteboard.spec.ts:624:7 › Reconnection & Resilience › clearing board removes all elements and syncs 

    Error: [2mexpect([22m[31mreceived[39m[2m).[22mtoBeGreaterThanOrEqual[2m([22m[32mexpected[39m[2m)[22m

    Expected: >= [32m1[39m
    Received:    [31m0[39m

    Call Log:
    - Timeout 10000ms exceeded while waiting on the predicate

      139 |     },
      140 |     { timeout },
    > 141 |   ).toBeGreaterThanOrEqual(expectedElements);
          |     ^
      142 | }
      143 |
      144 | async function waitForPresence(page: Page, name: string, timeout = 15000) {
        at waitForSync (D:\new-projects\teacher-playground\tests\e2e\whiteboard.spec.ts:141:5)
        at D:\new-projects\teacher-playground\tests\e2e\whiteboard.spec.ts:654:13

    attachment #1: screenshot (image/png) ──────────────────────────────────────────────────────────
    test-results\whiteboard-Reconnection-Re-2e0eb-oves-all-elements-and-syncs-chromium\test-failed-1.png
    ────────────────────────────────────────────────────────────────────────────────────────────────

    attachment #2: video (video/webm) ──────────────────────────────────────────────────────────────
    test-results\whiteboard-Reconnection-Re-2e0eb-oves-all-elements-and-syncs-chromium\video.webm
    ────────────────────────────────────────────────────────────────────────────────────────────────

    attachment #3: screenshot (image/png) ──────────────────────────────────────────────────────────
    test-results\whiteboard-Reconnection-Re-2e0eb-oves-all-elements-and-syncs-chromium\test-failed-2.png
    ────────────────────────────────────────────────────────────────────────────────────────────────

    Error Context: test-results\whiteboard-Reconnection-Re-2e0eb-oves-all-elements-and-syncs-chromium\error-context.md




[1A[2K(node:8204) Warning: The 'NO_COLOR' env is ignored due to the 'FORCE_COLOR' env being set.
(Use `node --trace-warnings ...` to show where the warning was created)


[1A[2K(node:8204) Warning: The 'NO_COLOR' env is ignored due to the 'FORCE_COLOR' env being set.
(Use `node --trace-warnings ...` to show where the warning was created)
[1A[2K[63/69] [chromium] › tests\e2e\whiteboard.spec.ts:675:7 › Reconnection & Resilience › viewport changes sync between peers
[1A[2K[2m[WebServer] [22m[0m[1][0m  GET /whiteboard 200 in 67ms

[1A[2K[2m[WebServer] [22m[0m[1][0m  POST /api/whiteboard/room/TYDWQEA0 200 in 13ms

[1A[2K[2m[WebServer] [22m[0m[1][0m  GET /api/whiteboard/room/TYDWQEA0 200 in 10ms

[1A[2K[2m[WebServer] [22m[0m[1][0m (node:26388) Warning: The 'NO_COLOR' env is ignored due to the 'FORCE_COLOR' env being set.
[2m[WebServer] [22m[0m[1][0m (Use `node --trace-warnings ...` to show where the warning was created)

[1A[2K[2m[WebServer] [22m[0m[1][0m  GET /api/whiteboard/room/TYDWQEA0 200 in 9ms

[1A[2K[2m[WebServer] [22m[0m[1][0m (node:32436) Warning: The 'NO_COLOR' env is ignored due to the 'FORCE_COLOR' env being set.
[2m[WebServer] [22m[0m[1][0m (Use `node --trace-warnings ...` to show where the warning was created)

[1A[2K[2m[WebServer] [22m[0m[1][0m  POST /api/whiteboard/room/TYDWQEA0/presence 200 in 14ms

[1A[2K[2m[WebServer] [22m[0m[1][0m  GET /whiteboard/TYDWQEA0 200 in 18ms

[1A[2K[2m[WebServer] [22m[0m[1][0m (node:11904) Warning: The 'NO_COLOR' env is ignored due to the 'FORCE_COLOR' env being set.
[2m[WebServer] [22m[0m[1][0m (Use `node --trace-warnings ...` to show where the warning was created)

[1A[2K[2m[WebServer] [22m[0m[1][0m (node:15012) Warning: The 'NO_COLOR' env is ignored due to the 'FORCE_COLOR' env being set.
[2m[WebServer] [22m[0m[1][0m (Use `node --trace-warnings ...` to show where the warning was created)

[1A[2K[2m[WebServer] [22m[0m[1][0m  GET /api/whiteboard/room/TYDWQEA0 200 in 14ms

[1A[2K[2m[WebServer] [22m[0m[1][0m  GET /api/whiteboard/room/TYDWQEA0 200 in 9ms

[1A[2K[2m[WebServer] [22m[0m[1][0m  POST /api/whiteboard/room/TYDWQEA0/presence 200 in 14ms

[1A[2K[2m[WebServer] [22m[0m[1][0m (node:31840) Warning: The 'NO_COLOR' env is ignored due to the 'FORCE_COLOR' env being set.
[2m[WebServer] [22m[0m[1][0m (Use `node --trace-warnings ...` to show where the warning was created)

[1A[2K[2m[WebServer] [22m[0m[1][0m (node:9496) Warning: The 'NO_COLOR' env is ignored due to the 'FORCE_COLOR' env being set.
[2m[WebServer] [22m[0m[1][0m (Use `node --trace-warnings ...` to show where the warning was created)

[1A[2K[2m[WebServer] [22m[0m[1][0m  POST /api/whiteboard/room/TYDWQEA0/presence 200 in 13ms

[1A[2K[2m[WebServer] [22m[0m[1][0m (node:6364) Warning: The 'NO_COLOR' env is ignored due to the 'FORCE_COLOR' env being set.
[2m[WebServer] [22m[0m[1][0m (Use `node --trace-warnings ...` to show where the warning was created)

[1A[2K[2m[WebServer] [22m[0m[1][0m  POST /api/whiteboard/room/TYDWQEA0/waiting 200 in 13ms

[1A[2K[2m[WebServer] [22m[0m[1][0m  GET /api/whiteboard/room/TYDWQEA0/presence 200 in 14ms

[1A[2K[2m[WebServer] [22m[0m[1][0m  POST /api/whiteboard/room/TYDWQEA0/presence 200 in 9ms

[1A[2K[2m[WebServer] [22m[0m[1][0m (node:20764) Warning: The 'NO_COLOR' env is ignored due to the 'FORCE_COLOR' env being set.
[2m[WebServer] [22m[0m[1][0m (Use `node --trace-warnings ...` to show where the warning was created)

[1A[2K[2m[WebServer] [22m[0m[1][0m (node:32360) Warning: The 'NO_COLOR' env is ignored due to the 'FORCE_COLOR' env being set.
[2m[WebServer] [22m[0m[1][0m (Use `node --trace-warnings ...` to show where the warning was created)

[1A[2K[2m[WebServer] [22m[0m[1][0m  POST /api/whiteboard/room/TYDWQEA0/presence 200 in 12ms

[1A[2K[2m[WebServer] [22m[0m[1][0m (node:7604) Warning: The 'NO_COLOR' env is ignored due to the 'FORCE_COLOR' env being set.
[2m[WebServer] [22m[0m[1][0m (Use `node --trace-warnings ...` to show where the warning was created)

[1A[2K[2m[WebServer] [22m[0m[1][0m  POST /api/whiteboard/room/TYDWQEA0/presence 200 in 12ms

[1A[2K[2m[WebServer] [22m[0m[1][0m (node:7892) Warning: The 'NO_COLOR' env is ignored due to the 'FORCE_COLOR' env being set.
[2m[WebServer] [22m[0m[1][0m (Use `node --trace-warnings ...` to show where the warning was created)

[1A[2K  14) [chromium] › tests\e2e\whiteboard.spec.ts:675:7 › Reconnection & Resilience › viewport changes sync between peers 

    Error: [2mexpect([22m[31mreceived[39m[2m).[22mtoBeGreaterThan[2m([22m[32mexpected[39m[2m)[22m

    [1mMatcher error[22m: [31mreceived[39m value must be a number or bigint

    Received has type:  object
    Received has value: [31m{"value": 1}[39m

      707 |       // Bob should see the zoom change
      708 |       const bobState = await getStoreState(bobPage);
    > 709 |       expect(bobState.viewport?.zoom).toBeGreaterThan(initialZoom);
          |                                       ^
      710 |     } finally {
      711 |       await bobContext.close();
      712 |     }
        at D:\new-projects\teacher-playground\tests\e2e\whiteboard.spec.ts:709:39

    attachment #1: screenshot (image/png) ──────────────────────────────────────────────────────────
    test-results\whiteboard-Reconnection-Re-c7763--changes-sync-between-peers-chromium\test-failed-1.png
    ────────────────────────────────────────────────────────────────────────────────────────────────

    attachment #2: video (video/webm) ──────────────────────────────────────────────────────────────
    test-results\whiteboard-Reconnection-Re-c7763--changes-sync-between-peers-chromium\video.webm
    ────────────────────────────────────────────────────────────────────────────────────────────────

    attachment #3: screenshot (image/png) ──────────────────────────────────────────────────────────
    test-results\whiteboard-Reconnection-Re-c7763--changes-sync-between-peers-chromium\test-failed-2.png
    ────────────────────────────────────────────────────────────────────────────────────────────────

    Error Context: test-results\whiteboard-Reconnection-Re-c7763--changes-sync-between-peers-chromium\error-context.md




[1A[2K(node:32028) Warning: The 'NO_COLOR' env is ignored due to the 'FORCE_COLOR' env being set.
(Use `node --trace-warnings ...` to show where the warning was created)
[1A[2K(node:32028) Warning: The 'NO_COLOR' env is ignored due to the 'FORCE_COLOR' env being set.
(Use `node --trace-warnings ...` to show where the warning was created)


[1A[2K[64/69] [chromium] › tests\e2e\whiteboard.spec.ts:717:7 › Edge Cases › creating many rooms in succession works
[1A[2K[2m[WebServer] [22m[0m[1][0m  GET /whiteboard 200 in 57ms

[1A[2K[2m[WebServer] [22m[0m[1][0m  POST /api/whiteboard/room/GN72JRH1 200 in 12ms

[1A[2K[2m[WebServer] [22m[0m[1][0m (node:5272) Warning: The 'NO_COLOR' env is ignored due to the 'FORCE_COLOR' env being set.
[2m[WebServer] [22m[0m[1][0m (Use `node --trace-warnings ...` to show where the warning was created)

[1A[2K[2m[WebServer] [22m[0m[1][0m  GET /api/whiteboard/room/GN72JRH1 200 in 11ms

[1A[2K[2m[WebServer] [22m[0m[1][0m  GET /api/whiteboard/room/GN72JRH1 200 in 10ms

[1A[2K[2m[WebServer] [22m[0m[1][0m (node:25584) Warning: The 'NO_COLOR' env is ignored due to the 'FORCE_COLOR' env being set.
[2m[WebServer] [22m[0m[1][0m (Use `node --trace-warnings ...` to show where the warning was created)

[1A[2K[2m[WebServer] [22m[0m[1][0m  POST /api/whiteboard/room/GN72JRH1/presence 200 in 15ms

[1A[2K[2m[WebServer] [22m[0m[1][0m (node:7504) Warning: The 'NO_COLOR' env is ignored due to the 'FORCE_COLOR' env being set.
[2m[WebServer] [22m[0m[1][0m (Use `node --trace-warnings ...` to show where the warning was created)

[1A[2K[2m[WebServer] [22m[0m[1][0m  GET /whiteboard 200 in 58ms

[1A[2K[2m[WebServer] [22m[0m[1][0m  POST /api/whiteboard/room/O5SLOSIY 200 in 12ms

[1A[2K[2m[WebServer] [22m[0m[1][0m  GET /api/whiteboard/room/O5SLOSIY 200 in 9ms

[1A[2K[2m[WebServer] [22m[0m[1][0m  GET /api/whiteboard/room/O5SLOSIY 200 in 8ms

[1A[2K[2m[WebServer] [22m[0m[1][0m (node:18780) Warning: The 'NO_COLOR' env is ignored due to the 'FORCE_COLOR' env being set.
[2m[WebServer] [22m[0m[1][0m (Use `node --trace-warnings ...` to show where the warning was created)

[1A[2K[2m[WebServer] [22m[0m[1][0m (node:9912) Warning: The 'NO_COLOR' env is ignored due to the 'FORCE_COLOR' env being set.
[2m[WebServer] [22m[0m[1][0m (Use `node --trace-warnings ...` to show where the warning was created)

[1A[2K[2m[WebServer] [22m[0m[1][0m  POST /api/whiteboard/room/O5SLOSIY/presence 200 in 14ms

[1A[2K[2m[WebServer] [22m[0m[1][0m (node:2512) Warning: The 'NO_COLOR' env is ignored due to the 'FORCE_COLOR' env being set.
[2m[WebServer] [22m[0m[1][0m (Use `node --trace-warnings ...` to show where the warning was created)

[1A[2K[2m[WebServer] [22m[0m[1][0m  GET /whiteboard 200 in 73ms

[1A[2K[2m[WebServer] [22m[0m[1][0m  POST /api/whiteboard/room/5QQ1VA5K 200 in 16ms

[1A[2K[2m[WebServer] [22m[0m[1][0m  GET /api/whiteboard/room/5QQ1VA5K 200 in 9ms

[1A[2K[2m[WebServer] [22m[0m[1][0m  GET /api/whiteboard/room/5QQ1VA5K 200 in 8ms

[1A[2K[2m[WebServer] [22m[0m[1][0m (node:30796) Warning: The 'NO_COLOR' env is ignored due to the 'FORCE_COLOR' env being set.
[2m[WebServer] [22m[0m[1][0m (Use `node --trace-warnings ...` to show where the warning was created)

[1A[2K[2m[WebServer] [22m[0m[1][0m (node:12484) Warning: The 'NO_COLOR' env is ignored due to the 'FORCE_COLOR' env being set.
[2m[WebServer] [22m[0m[1][0m (Use `node --trace-warnings ...` to show where the warning was created)

[1A[2K[2m[WebServer] [22m[0m[1][0m  POST /api/whiteboard/room/5QQ1VA5K/presence 200 in 18ms

[1A[2K[2m[WebServer] [22m[0m[1][0m (node:29168) Warning: The 'NO_COLOR' env is ignored due to the 'FORCE_COLOR' env being set.
[2m[WebServer] [22m[0m[1][0m (Use `node --trace-warnings ...` to show where the warning was created)

[1A[2K[2m[WebServer] [22m[0m[1][0m  GET /whiteboard 200 in 62ms

[1A[2K[2m[WebServer] [22m[0m[1][0m  POST /api/whiteboard/room/YAEZ7FK7 200 in 13ms

[1A[2K[2m[WebServer] [22m[0m[1][0m  GET /api/whiteboard/room/YAEZ7FK7 200 in 11ms

[1A[2K[2m[WebServer] [22m[0m[1][0m  GET /api/whiteboard/room/YAEZ7FK7 200 in 9ms

[1A[2K[2m[WebServer] [22m[0m[1][0m (node:22124) Warning: The 'NO_COLOR' env is ignored due to the 'FORCE_COLOR' env being set.
[2m[WebServer] [22m[0m[1][0m (Use `node --trace-warnings ...` to show where the warning was created)

[1A[2K[2m[WebServer] [22m[0m[1][0m (node:18552) Warning: The 'NO_COLOR' env is ignored due to the 'FORCE_COLOR' env being set.
[2m[WebServer] [22m[0m[1][0m (Use `node --trace-warnings ...` to show where the warning was created)

[1A[2K[2m[WebServer] [22m[0m[1][0m  POST /api/whiteboard/room/YAEZ7FK7/presence 200 in 18ms

[1A[2K[2m[WebServer] [22m[0m[1][0m 

[1A[2K[2m[WebServer] [22m(node:1700) Warning: The 'NO_COLOR' env is ignored due to the 'FORCE_COLOR' env being set.
[2m[WebServer] [22m[0m[1][0m (Use `node --trace-warnings ...` to show where the warning was created)

[1A[2K[2m[WebServer] [22m[0m[1][0m  GET /whiteboard 200 in 76ms

[1A[2K[2m[WebServer] [22m[0m[1][0m  POST /api/whiteboard/room/AW6VB71J 200 in 13ms

[1A[2K[2m[WebServer] [22m[0m[1][0m  GET /api/whiteboard/room/AW6VB71J 200 in 10ms

[1A[2K[2m[WebServer] [22m[0m[1][0m  GET /api/whiteboard/room/AW6VB71J 200 in 7ms

[1A[2K[2m[WebServer] [22m[0m[1][0m (node:13916) Warning: The 'NO_COLOR' env is ignored due to the 'FORCE_COLOR' env being set.
[2m[WebServer] [22m[0m[1][0m (Use `node --trace-warnings ...` to show where the warning was created)

[1A[2K[2m[WebServer] [22m[0m[1][0m (node:7448) Warning: The 'NO_COLOR' env is ignored due to the 'FORCE_COLOR' env being set.
[2m[WebServer] [22m[0m[1][0m (Use `node --trace-warnings ...` to show where the warning was created)

[1A[2K[2m[WebServer] [22m[0m[1][0m  POST /api/whiteboard/room/AW6VB71J/presence 200 in 14ms

[1A[2K[2m[WebServer] [22m[0m[1][0m (node:5104) Warning: The 'NO_COLOR' env is ignored due to the 'FORCE_COLOR' env being set.
[2m[WebServer] [22m[0m[1][0m (Use `node --trace-warnings ...` to show where the warning was created)

[1A[2K[65/69] [chromium] › tests\e2e\whiteboard.spec.ts:725:7 › Edge Cases › joining with special characters in name works
[1A[2K[2m[WebServer] [22m[0m[1][0m  GET /whiteboard 200 in 85ms

[1A[2K[2m[WebServer] [22m[0m[1][0m 

[1A[2K[2m[WebServer] [22m POST /api/whiteboard/room/5K8CE28O 200 in 14ms

[1A[2K[2m[WebServer] [22m[0m[1][0m  GET /api/whiteboard/room/5K8CE28O 200 in 10ms

[1A[2K[2m[WebServer] [22m[0m[1][0m (node:2684) Warning: The 'NO_COLOR' env is ignored due to the 'FORCE_COLOR' env being set.
[2m[WebServer] [22m[0m[1][0m (Use `node --trace-warnings ...` to show where the warning was created)

[1A[2K[2m[WebServer] [22m[0m[1][0m  GET /api/whiteboard/room/5K8CE28O 200 in 10ms

[1A[2K[2m[WebServer] [22m[0m[1][0m (node:32676) Warning: The 'NO_COLOR' env is ignored due to the 'FORCE_COLOR' env being set.
[2m[WebServer] [22m[0m[1][0m (Use `node --trace-warnings ...` to show where the warning was created)

[1A[2K[2m[WebServer] [22m[0m[1][0m  POST /api/whiteboard/room/5K8CE28O/presence 200 in 16ms

[1A[2K[66/69] [chromium] › tests\e2e\whiteboard.spec.ts:730:7 › Edge Cases › drawing while provider is still connecting still works
[1A[2K[2m[WebServer] [22m[0m[1][0m  GET /whiteboard 200 in 75ms

[1A[2K[2m[WebServer] [22m[0m[1][0m (node:32336) Warning: The 'NO_COLOR' env is ignored due to the 'FORCE_COLOR' env being set.
[2m[WebServer] [22m[0m[1][0m (Use `node --trace-warnings ...` to show where the warning was created)

[1A[2K[2m[WebServer] [22m[0m[1][0m  POST /api/whiteboard/room/6UNKLIT1 200 in 14ms

[1A[2K[2m[WebServer] [22m[0m[1][0m (node:14220) Warning: The 'NO_COLOR' env is ignored due to the 'FORCE_COLOR' env being set.
[2m[WebServer] [22m[0m[1][0m (Use `node --trace-warnings ...` to show where the warning was created)

[1A[2K[2m[WebServer] [22m[0m[1][0m  GET /api/whiteboard/room/6UNKLIT1 200 in 10ms

[1A[2K[2m[WebServer] [22m[0m[1][0m  GET /api/whiteboard/room/6UNKLIT1 200 in 9ms

[1A[2K[2m[WebServer] [22m[0m[1][0m (node:11096) Warning: The 'NO_COLOR' env is ignored due to the 'FORCE_COLOR' env being set.
[2m[WebServer] [22m[0m[1][0m (Use `node --trace-warnings ...` to show where the warning was created)

[1A[2K[2m[WebServer] [22m[0m[1][0m  POST /api/whiteboard/room/6UNKLIT1/presence 200 in 15ms

[1A[2K[2m[WebServer] [22m[0m[1][0m (node:19980) Warning: The 'NO_COLOR' env is ignored due to the 'FORCE_COLOR' env being set.
[2m[WebServer] [22m[0m[1][0m (Use `node --trace-warnings ...` to show where the warning was created)

[1A[2K  15) [chromium] › tests\e2e\whiteboard.spec.ts:730:7 › Edge Cases › drawing while provider is still connecting still works 

    Error: [2mexpect([22m[31mreceived[39m[2m).[22mtoBeGreaterThanOrEqual[2m([22m[32mexpected[39m[2m)[22m

    Expected: >= [32m1[39m
    Received:    [31m0[39m

      737 |
      738 |     const state = await getStoreState(page);
    > 739 |     expect(state.elements?.length).toBeGreaterThanOrEqual(1);
          |                                    ^
      740 |
      741 |     // Now wait for provider to connect — element should sync
      742 |     await waitForProviderConnected(page);
        at D:\new-projects\teacher-playground\tests\e2e\whiteboard.spec.ts:739:36

    attachment #1: screenshot (image/png) ──────────────────────────────────────────────────────────
    test-results\whiteboard-Edge-Cases-draw-be831-till-connecting-still-works-chromium\test-failed-1.png
    ────────────────────────────────────────────────────────────────────────────────────────────────

    attachment #2: video (video/webm) ──────────────────────────────────────────────────────────────
    test-results\whiteboard-Edge-Cases-draw-be831-till-connecting-still-works-chromium\video.webm
    ────────────────────────────────────────────────────────────────────────────────────────────────

    Error Context: test-results\whiteboard-Edge-Cases-draw-be831-till-connecting-still-works-chromium\error-context.md




[1A[2K(node:8324) Warning: The 'NO_COLOR' env is ignored due to the 'FORCE_COLOR' env being set.
(Use `node --trace-warnings ...` to show where the warning was created)
[1A[2K(node:8324) Warning: The 'NO_COLOR' env is ignored due to the 'FORCE_COLOR' env being set.
(Use `node --trace-warnings ...` to show where the warning was created)


[1A[2K[67/69] [chromium] › tests\e2e\whiteboard.spec.ts:749:7 › Edge Cases › undo/redo works after Yjs sync
[1A[2K[2m[WebServer] [22m[0m[1][0m  GET /whiteboard 200 in 48ms

[1A[2K[2m[WebServer] [22m[0m[1][0m  POST /api/whiteboard/room/RMLFR9C3 200 in 15ms

[1A[2K[2m[WebServer] [22m[0m[1][0m  GET /api/whiteboard/room/RMLFR9C3 200 in 9ms

[1A[2K[2m[WebServer] [22m[0m[1][0m (node:15664) Warning: The 'NO_COLOR' env is ignored due to the 'FORCE_COLOR' env being set.
[2m[WebServer] [22m[0m[1][0m (Use `node --trace-warnings ...` to show where the warning was created)

[1A[2K[2m[WebServer] [22m[0m[1][0m  GET /api/whiteboard/room/RMLFR9C3 200 in 8ms

[1A[2K[2m[WebServer] [22m[0m[1][0m (node:31056) Warning: The 'NO_COLOR' env is ignored due to the 'FORCE_COLOR' env being set.
[2m[WebServer] [22m[0m[1][0m (Use `node --trace-warnings ...` to show where the warning was created)

[1A[2K[2m[WebServer] [22m[0m[1][0m  POST /api/whiteboard/room/RMLFR9C3/presence 200 in 14ms

[1A[2K[2m[WebServer] [22m[0m[1][0m  GET /whiteboard/RMLFR9C3 200 in 21ms

[1A[2K[2m[WebServer] [22m[0m[1][0m (node:24864) Warning: The 'NO_COLOR' env is ignored due to the 'FORCE_COLOR' env being set.
[2m[WebServer] [22m[0m[1][0m (Use `node --trace-warnings ...` to show where the warning was created)

[1A[2K[2m[WebServer] [22m[0m[1][0m (node:32692) Warning: The 'NO_COLOR' env is ignored due to the 'FORCE_COLOR' env being set.
[2m[WebServer] [22m[0m[1][0m (Use `node --trace-warnings ...` to show where the warning was created)

[1A[2K[2m[WebServer] [22m[0m[1][0m  GET /api/whiteboard/room/RMLFR9C3 200 in 15ms

[1A[2K[2m[WebServer] [22m[0m[1][0m  GET /api/whiteboard/room/RMLFR9C3 200 in 9ms

[1A[2K[2m[WebServer] [22m[0m[1][0m  POST /api/whiteboard/room/RMLFR9C3/presence 200 in 13ms

[1A[2K[2m[WebServer] [22m[0m[1][0m (node:21508) Warning: The 'NO_COLOR' env is ignored due to the 'FORCE_COLOR' env being set.
[2m[WebServer] [22m[0m[1][0m (Use `node --trace-warnings ...` to show where the warning was created)

[1A[2K[2m[WebServer] [22m[0m[1][0m (node:8064) Warning: The 'NO_COLOR' env is ignored due to the 'FORCE_COLOR' env being set.
[2m[WebServer] [22m[0m[1][0m (Use `node --trace-warnings ...` to show where the warning was created)

[1A[2K[2m[WebServer] [22m[0m[1][0m  POST /api/whiteboard/room/RMLFR9C3/presence 200 in 18ms

[1A[2K[2m[WebServer] [22m[0m[1][0m (node:31944) Warning: The 'NO_COLOR' env is ignored due to the 'FORCE_COLOR' env being set.
[2m[WebServer] [22m[0m[1][0m (Use `node --trace-warnings ...` to show where the warning was created)

[1A[2K[2m[WebServer] [22m[0m[1][0m  POST /api/whiteboard/room/RMLFR9C3/presence 200 in 12ms

[1A[2K[2m[WebServer] [22m[0m[1][0m (node:13452) Warning: The 'NO_COLOR' env is ignored due to the 'FORCE_COLOR' env being set.
[2m[WebServer] [22m[0m[1][0m (Use `node --trace-warnings ...` to show where the warning was created)

[1A[2K[2m[WebServer] [22m[0m[1][0m  POST /api/whiteboard/room/RMLFR9C3/presence 200 in 12ms

[1A[2K[2m[WebServer] [22m[0m[1][0m (node:3380) Warning: The 'NO_COLOR' env is ignored due to the 'FORCE_COLOR' env being set.
[2m[WebServer] [22m[0m[1][0m (Use `node --trace-warnings ...` to show where the warning was created)

[1A[2K[2m[WebServer] [22m[0m[1][0m  POST /api/whiteboard/room/RMLFR9C3/presence 200 in 12ms

[1A[2K[2m[WebServer] [22m[0m[1][0m (node:26388) Warning: The 'NO_COLOR' env is ignored due to the 'FORCE_COLOR' env being set.
[2m[WebServer] [22m[0m[1][0m (Use `node --trace-warnings ...` to show where the warning was created)

[1A[2K[2m[WebServer] [22m[0m[1][0m  POST /api/whiteboard/room/RMLFR9C3/presence 200 in 12ms

[1A[2K[2m[WebServer] [22m[0m[1][0m (node:5380) Warning: The 'NO_COLOR' env is ignored due to the 'FORCE_COLOR' env being set.
[2m[WebServer] [22m[0m[1][0m (Use `node --trace-warnings ...` to show where the warning was created)

[1A[2K[2m[WebServer] [22m[0m[1][0m  POST /api/whiteboard/room/RMLFR9C3/presence 200 in 12ms

[1A[2K[2m[WebServer] [22m[0m[1][0m (node:3384) Warning: The 'NO_COLOR' env is ignored due to the 'FORCE_COLOR' env being set.
[2m[WebServer] [22m[0m[1][0m (Use `node --trace-warnings ...` to show where the warning was created)

[1A[2K[2m[WebServer] [22m[0m[1][0m  POST /api/whiteboard/room/RMLFR9C3/presence 200 in 12ms

[1A[2K[2m[WebServer] [22m[0m[1][0m (node:6824) Warning: The 'NO_COLOR' env is ignored due to the 'FORCE_COLOR' env being set.
[2m[WebServer] [22m[0m[1][0m (Use `node --trace-warnings ...` to show where the warning was created)

[1A[2K[2m[WebServer] [22m[0m[1][0m  POST /api/whiteboard/room/RMLFR9C3/presence 200 in 13ms

[1A[2K[2m[WebServer] [22m[0m[1][0m (node:18592) Warning: The 'NO_COLOR' env is ignored due to the 'FORCE_COLOR' env being set.
[2m[WebServer] [22m[0m[1][0m (Use `node --trace-warnings ...` to show where the warning was created)

[1A[2K[2m[WebServer] [22m[0m[1][0m  POST /api/whiteboard/room/RMLFR9C3/presence 200 in 14ms

[1A[2K[2m[WebServer] [22m[0m[1][0m (node:31168) Warning: The 'NO_COLOR' env is ignored due to the 'FORCE_COLOR' env being set.
[2m[WebServer] [22m[0m[1][0m (Use `node --trace-warnings ...` to show where the warning was created)

[1A[2K[2m[WebServer] [22m[0m[1][0m  POST /api/whiteboard/room/RMLFR9C3/presence 200 in 13ms

[1A[2K[2m[WebServer] [22m[0m[1][0m (node:3324) Warning: The 'NO_COLOR' env is ignored due to the 'FORCE_COLOR' env being set.
[2m[WebServer] [22m[0m[1][0m (Use `node --trace-warnings ...` to show where the warning was created)

[1A[2K[2m[WebServer] [22m[0m[1][0m  POST /api/whiteboard/room/RMLFR9C3/presence 200 in 13ms

[1A[2K[2m[WebServer] [22m[0m[1][0m (node:13972) Warning: The 'NO_COLOR' env is ignored due to the 'FORCE_COLOR' env being set.
[2m[WebServer] [22m[0m[1][0m (Use `node --trace-warnings ...` to show where the warning was created)

[1A[2K[2m[WebServer] [22m[0m[1][0m  POST /api/whiteboard/room/RMLFR9C3/presence 200 in 13ms

[1A[2K[2m[WebServer] [22m[0m[1][0m 

[1A[2K[2m[WebServer] [22m(node:31728) Warning: The 'NO_COLOR' env is ignored due to the 'FORCE_COLOR' env being set.
[2m[WebServer] [22m[0m[1][0m (Use `node --trace-warnings ...` to show where the warning was created)

[1A[2K[2m[WebServer] [22m[0m[1][0m  POST /api/whiteboard/room/RMLFR9C3/presence 200 in 18ms

[1A[2K[2m[WebServer] [22m[0m[1][0m (node:4668) Warning: The 'NO_COLOR' env is ignored due to the 'FORCE_COLOR' env being set.
[2m[WebServer] [22m[0m[1][0m (Use `node --trace-warnings ...` to show where the warning was created)

[1A[2K[2m[WebServer] [22m[0m[1][0m  POST /api/whiteboard/room/RMLFR9C3/presence 200 in 13ms

[1A[2K[2m[WebServer] [22m[0m[1][0m (node:25912) Warning: The 'NO_COLOR' env is ignored due to the 'FORCE_COLOR' env being set.
[2m[WebServer] [22m[0m[1][0m (Use `node --trace-warnings ...` to show where the warning was created)

[1A[2K[2m[WebServer] [22m[0m[1][0m  POST /api/whiteboard/room/RMLFR9C3/presence 200 in 15ms

[1A[2K  16) [chromium] › tests\e2e\whiteboard.spec.ts:749:7 › Edge Cases › undo/redo works after Yjs sync 

    Error: [2mexpect([22m[31mlocator[39m[2m).[22mtoBeVisible[2m([22m[2m)[22m failed

    Locator: getByTestId('whiteboard-canvas-area')
    Expected: visible
    Timeout: 15000ms
    Error: element(s) not found

    Call log:
    [2m  - Expect "toBeVisible" with timeout 15000ms[22m
    [2m  - waiting for getByTestId('whiteboard-canvas-area')[22m


      761 |       await bobPage.getByTestId('whiteboard-username-input').fill('UndoBob');
      762 |       await bobPage.getByTestId('whiteboard-join-room-btn').click();
    > 763 |       await expect(bobPage.getByTestId('whiteboard-canvas-area')).toBeVisible({ timeout: 15000 });
          |                                                                   ^
      764 |
      765 |       await waitForProviderConnected(page);
      766 |       await waitForProviderConnected(bobPage);
        at D:\new-projects\teacher-playground\tests\e2e\whiteboard.spec.ts:763:67

    attachment #1: screenshot (image/png) ──────────────────────────────────────────────────────────
    test-results\whiteboard-Edge-Cases-undo-redo-works-after-Yjs-sync-chromium\test-failed-1.png
    ────────────────────────────────────────────────────────────────────────────────────────────────

    attachment #2: video (video/webm) ──────────────────────────────────────────────────────────────
    test-results\whiteboard-Edge-Cases-undo-redo-works-after-Yjs-sync-chromium\video.webm
    ────────────────────────────────────────────────────────────────────────────────────────────────

    attachment #3: screenshot (image/png) ──────────────────────────────────────────────────────────
    test-results\whiteboard-Edge-Cases-undo-redo-works-after-Yjs-sync-chromium\test-failed-2.png
    ────────────────────────────────────────────────────────────────────────────────────────────────

    Error Context: test-results\whiteboard-Edge-Cases-undo-redo-works-after-Yjs-sync-chromium\error-context.md


[1A[2K[2m[WebServer] [22m[0m[1][0m (node:23852) Warning: The 'NO_COLOR' env is ignored due to the 'FORCE_COLOR' env being set.
[2m[WebServer] [22m[0m[1][0m (Use `node --trace-warnings ...` to show where the warning was created)

[1A[2K(node:17800) Warning: The 'NO_COLOR' env is ignored due to the 'FORCE_COLOR' env being set.
(Use `node --trace-warnings ...` to show where the warning was created)




[1A[2K(node:17800) Warning: The 'NO_COLOR' env is ignored due to the 'FORCE_COLOR' env being set.
(Use `node --trace-warnings ...` to show where the warning was created)
[1A[2K[68/69] [chromium] › tests\e2e\whiteboard.spec.ts:804:7 › Edge Cases › all 8 tools can be selected and active state is shown
[1A[2K[2m[WebServer] [22m[0m[1][0m  GET /whiteboard 200 in 77ms

[1A[2K[2m[WebServer] [22m[0m[1][0m  POST /api/whiteboard/room/I9MY52TC 200 in 13ms

[1A[2K[2m[WebServer] [22m[0m[1][0m (node:17876) Warning: The 'NO_COLOR' env is ignored due to the 'FORCE_COLOR' env being set.
[2m[WebServer] [22m[0m[1][0m (Use `node --trace-warnings ...` to show where the warning was created)

[1A[2K[2m[WebServer] [22m[0m[1][0m  GET /api/whiteboard/room/I9MY52TC 200 in 11ms

[1A[2K[2m[WebServer] [22m[0m[1][0m (node:19592) Warning: The 'NO_COLOR' env is ignored due to the 'FORCE_COLOR' env being set.
[2m[WebServer] [22m[0m[1][0m (Use `node --trace-warnings ...` to show where the warning was created)

[1A[2K[2m[WebServer] [22m[0m[1][0m  GET /api/whiteboard/room/I9MY52TC 200 in 9ms

[1A[2K[2m[WebServer] [22m[0m[1][0m  POST /api/whiteboard/room/I9MY52TC/presence 200 in 14ms

[1A[2K[2m[WebServer] [22m[0m[1][0m (node:18560) Warning: The 'NO_COLOR' env is ignored due to the 'FORCE_COLOR' env being set.
[2m[WebServer] [22m[0m[1][0m (Use `node --trace-warnings ...` to show where the warning was created)

[1A[2K  17) [chromium] › tests\e2e\whiteboard.spec.ts:804:7 › Edge Cases › all 8 tools can be selected and active state is shown 

    Error: [2mexpect([22m[31mreceived[39m[2m).[22mtoBe[2m([22m[32mexpected[39m[2m) // Object.is equality[22m

    Expected: [32m"[7mpe[27mn"[39m
    Received: [31m"[7mselectio[27mn"[39m

      821 |
      822 |       const state = await getStoreState(page);
    > 823 |       expect(state.tool).toBe(tool.expected);
          |                          ^
      824 |
      825 |       // Active tool should have blue background
      826 |       const activeTool = page.getByTestId(`whiteboard-tool-${tool.expected}`);
        at D:\new-projects\teacher-playground\tests\e2e\whiteboard.spec.ts:823:26

    attachment #1: screenshot (image/png) ──────────────────────────────────────────────────────────
    test-results\whiteboard-Edge-Cases-all--b6e12-d-and-active-state-is-shown-chromium\test-failed-1.png
    ────────────────────────────────────────────────────────────────────────────────────────────────

    attachment #2: video (video/webm) ──────────────────────────────────────────────────────────────
    test-results\whiteboard-Edge-Cases-all--b6e12-d-and-active-state-is-shown-chromium\video.webm
    ────────────────────────────────────────────────────────────────────────────────────────────────

    Error Context: test-results\whiteboard-Edge-Cases-all--b6e12-d-and-active-state-is-shown-chromium\error-context.md




[1A[2K(node:19152) Warning: The 'NO_COLOR' env is ignored due to the 'FORCE_COLOR' env being set.
(Use `node --trace-warnings ...` to show where the warning was created)


[1A[2K(node:19152) Warning: The 'NO_COLOR' env is ignored due to the 'FORCE_COLOR' env being set.
(Use `node --trace-warnings ...` to show where the warning was created)
[1A[2K[69/69] [chromium] › tests\e2e\whiteboard.spec.ts:831:7 › Edge Cases › presence shows correct user count
[1A[2K[2m[WebServer] [22m[0m[1][0m  GET /whiteboard 200 in 81ms

[1A[2K[2m[WebServer] [22m[0m[1][0m  POST /api/whiteboard/room/21GM8CG6 200 in 13ms

[1A[2K[2m[WebServer] [22m[0m[1][0m  GET /api/whiteboard/room/21GM8CG6 200 in 9ms

[1A[2K[2m[WebServer] [22m[0m[1][0m  GET /api/whiteboard/room/21GM8CG6 200 in 9ms

[1A[2K[2m[WebServer] [22m[0m[1][0m (node:10736) Warning: The 'NO_COLOR' env is ignored due to the 'FORCE_COLOR' env being set.
[2m[WebServer] [22m[0m[1][0m (Use `node --trace-warnings ...` to show where the warning was created)

[1A[2K[2m[WebServer] [22m[0m[1][0m (node:13972) Warning: The 'NO_COLOR' env is ignored due to the 'FORCE_COLOR' env being set.
[2m[WebServer] [22m[0m[1][0m (Use `node --trace-warnings ...` to show where the warning was created)

[1A[2K[2m[WebServer] [22m[0m[1][0m  POST /api/whiteboard/room/21GM8CG6/presence 200 in 15ms

[1A[2K[2m[WebServer] [22m[0m[1][0m  GET /whiteboard/21GM8CG6 200 in 19ms

[1A[2K[2m[WebServer] [22m[0m[1][0m (node:31984) Warning: The 'NO_COLOR' env is ignored due to the 'FORCE_COLOR' env being set.
[2m[WebServer] [22m[0m[1][0m (Use `node --trace-warnings ...` to show where the warning was created)

[1A[2K[2m[WebServer] [22m[0m[1][0m (node:9332) Warning: The 'NO_COLOR' env is ignored due to the 'FORCE_COLOR' env being set.
[2m[WebServer] [22m[0m[1][0m (Use `node --trace-warnings ...` to show where the warning was created)

[1A[2K[2m[WebServer] [22m[0m[1][0m  GET /api/whiteboard/room/21GM8CG6 200 in 16ms

[1A[2K[2m[WebServer] [22m[0m[1][0m  GET /api/whiteboard/room/21GM8CG6 200 in 9ms

[1A[2K[2m[WebServer] [22m[0m[1][0m  POST /api/whiteboard/room/21GM8CG6/presence 200 in 16ms

[1A[2K[2m[WebServer] [22m[0m[1][0m (node:2636) Warning: The 'NO_COLOR' env is ignored due to the 'FORCE_COLOR' env being set.
[2m[WebServer] [22m[0m[1][0m (Use `node --trace-warnings ...` to show where the warning was created)

[1A[2K[2m[WebServer] [22m[0m[1][0m (node:7016) Warning: The 'NO_COLOR' env is ignored due to the 'FORCE_COLOR' env being set.
[2m[WebServer] [22m[0m[1][0m (Use `node --trace-warnings ...` to show where the warning was created)

[1A[2K[2m[WebServer] [22m[0m[1][0m  POST /api/whiteboard/room/21GM8CG6/presence 200 in 15ms

[1A[2K[2m[WebServer] [22m[0m[1][0m (node:24852) Warning: The 'NO_COLOR' env is ignored due to the 'FORCE_COLOR' env being set.
[2m[WebServer] [22m[0m[1][0m (Use `node --trace-warnings ...` to show where the warning was created)

[1A[2K[2m[WebServer] [22m[0m[1][0m 

[1A[2K[2m[WebServer] [22m POST /api/whiteboard/room/21GM8CG6/waiting 200 in 15ms

[1A[2K[2m[WebServer] [22m[0m[1][0m  GET /api/whiteboard/room/21GM8CG6/presence 200 in 15ms

[1A[2K[2m[WebServer] [22m[0m[1][0m  POST /api/whiteboard/room/21GM8CG6/presence 200 in 10ms

[1A[2K[2m[WebServer] [22m[0m[1][0m (node:29008) Warning: The 'NO_COLOR' env is ignored due to the 'FORCE_COLOR' env being set.
[2m[WebServer] [22m[0m[1][0m (Use `node --trace-warnings ...` to show where the warning was created)

[1A[2K[2m[WebServer] [22m[0m[1][0m (node:28676) Warning: The 'NO_COLOR' env is ignored due to the 'FORCE_COLOR' env being set.
[2m[WebServer] [22m[0m[1][0m (Use `node --trace-warnings ...` to show where the warning was created)

[1A[2K[2m[WebServer] [22m[0m[1][0m  POST /api/whiteboard/room/21GM8CG6/presence 200 in 11ms

[1A[2K[2m[WebServer] [22m[0m[1][0m (node:24296) Warning: The 'NO_COLOR' env is ignored due to the 'FORCE_COLOR' env being set.
[2m[WebServer] [22m[0m[1][0m (Use `node --trace-warnings ...` to show where the warning was created)

[1A[2K[2m[WebServer] [22m[0m[1][0m  POST /api/whiteboard/room/21GM8CG6/presence 200 in 12ms

[1A[2K[2m[WebServer] [22m[0m[1][0m (node:16176) Warning: The 'NO_COLOR' env is ignored due to the 'FORCE_COLOR' env being set.
[2m[WebServer] [22m[0m[1][0m (Use `node --trace-warnings ...` to show where the warning was created)

[1A[2K[2m[WebServer] [22m[0m[1][0m  POST /api/whiteboard/room/21GM8CG6/presence 200 in 12ms

[1A[2K[2m[WebServer] [22m[0m[1][0m (node:11400) Warning: The 'NO_COLOR' env is ignored due to the 'FORCE_COLOR' env being set.
[2m[WebServer] [22m[0m[1][0m (Use `node --trace-warnings ...` to show where the warning was created)

[1A[2K[2m[WebServer] [22m[0m[1][0m  POST /api/whiteboard/room/21GM8CG6/presence 200 in 13ms

[1A[2K[2m[WebServer] [22m[0m[1][0m (node:8964) Warning: The 'NO_COLOR' env is ignored due to the 'FORCE_COLOR' env being set.
[2m[WebServer] [22m[0m[1][0m (Use `node --trace-warnings ...` to show where the warning was created)

[1A[2K[2m[WebServer] [22m[0m[1][0m  POST /api/whiteboard/room/21GM8CG6/presence 200 in 13ms

[1A[2K[2m[WebServer] [22m[0m[1][0m (node:908) Warning: The 'NO_COLOR' env is ignored due to the 'FORCE_COLOR' env being set.
[2m[WebServer] [22m[0m[1][0m (Use `node --trace-warnings ...` to show where the warning was created)

[1A[2K[2m[WebServer] [22m[0m[1][0m  POST /api/whiteboard/room/21GM8CG6/presence 200 in 12ms

[1A[2K[2m[WebServer] [22m[0m[1][0m (node:6512) Warning: The 'NO_COLOR' env is ignored due to the 'FORCE_COLOR' env being set.
[2m[WebServer] [22m[0m[1][0m (Use `node --trace-warnings ...` to show where the warning was created)

[1A[2K[2m[WebServer] [22m[0m[1][0m  POST /api/whiteboard/room/21GM8CG6/presence 200 in 15ms

[1A[2K[2m[WebServer] [22m[0m[1][0m (node:8188) Warning: The 'NO_COLOR' env is ignored due to the 'FORCE_COLOR' env being set.
[2m[WebServer] [22m[0m[1][0m (Use `node --trace-warnings ...` to show where the warning was created)

[1A[2K[2m[WebServer] [22m[0m[1][0m  POST /api/whiteboard/room/21GM8CG6/presence 200 in 13ms

[1A[2K[2m[WebServer] [22m[0m[1][0m (node:32732) Warning: The 'NO_COLOR' env is ignored due to the 'FORCE_COLOR' env being set.
[2m[WebServer] [22m[0m[1][0m (Use `node --trace-warnings ...` to show where the warning was created)

[1A[2K[2m[WebServer] [22m[0m[1][0m  POST /api/whiteboard/room/21GM8CG6/presence 200 in 19ms

[1A[2K[2m[WebServer] [22m[0m[1][0m (node:13960) Warning: The 'NO_COLOR' env is ignored due to the 'FORCE_COLOR' env being set.
[2m[WebServer] [22m[0m[1][0m (Use `node --trace-warnings ...` to show where the warning was created)

[1A[2K[2m[WebServer] [22m[0m[1][0m  POST /api/whiteboard/room/21GM8CG6/presence 200 in 12ms

[1A[2K[2m[WebServer] [22m[0m[1][0m (node:27680) Warning: The 'NO_COLOR' env is ignored due to the 'FORCE_COLOR' env being set.
[2m[WebServer] [22m[0m[1][0m (Use `node --trace-warnings ...` to show where the warning was created)

[1A[2K[2m[WebServer] [22m[0m[1][0m  POST /api/whiteboard/room/21GM8CG6/presence 200 in 12ms

[1A[2K[2m[WebServer] [22m[0m[1][0m (node:19660) Warning: The 'NO_COLOR' env is ignored due to the 'FORCE_COLOR' env being set.
[2m[WebServer] [22m[0m[1][0m (Use `node --trace-warnings ...` to show where the warning was created)

[1A[2K[2m[WebServer] [22m[0m[1][0m  POST /api/whiteboard/room/21GM8CG6/presence 200 in 13ms

[1A[2K[2m[WebServer] [22m[0m[1][0m (node:6140) Warning: The 'NO_COLOR' env is ignored due to the 'FORCE_COLOR' env being set.
[2m[WebServer] [22m[0m[1][0m (Use `node --trace-warnings ...` to show where the warning was created)

[1A[2K[2m[WebServer] [22m[0m[1][0m  POST /api/whiteboard/room/21GM8CG6/presence 200 in 15ms

[1A[2K[2m[WebServer] [22m[0m[1][0m (node:5868) Warning: The 'NO_COLOR' env is ignored due to the 'FORCE_COLOR' env being set.
[2m[WebServer] [22m[0m[1][0m (Use `node --trace-warnings ...` to show where the warning was created)

[1A[2K  18) [chromium] › tests\e2e\whiteboard.spec.ts:831:7 › Edge Cases › presence shows correct user count 

    Error: [2mexpect([22m[31mlocator[39m[2m).[22mtoContainText[2m([22m[32mexpected[39m[2m)[22m failed

    Locator: getByTestId('whiteboard-presence-toggle')
    Expected substring: [32m"2/"[39m
    Received string:    [31m"<"[39m
    Timeout: 10000ms

    Call log:
    [2m  - Expect "toContainText" with timeout 10000ms[22m
    [2m  - waiting for getByTestId('whiteboard-presence-toggle')[22m
    [2m    23 × locator resolved to <button title="Collapse presence panel" data-testid="whiteboard-presence-toggle" class="flex h-10 cursor-pointer items-center justify-center border-b border-slate-200 bg-slate-50 text-[16px] text-slate-800 hover:bg-slate-100"><</button>[22m
    [2m       - unexpected value "<"[22m


      852 |
      853 |       // Both should show "2/X users online"
    > 854 |       await expect(page.getByTestId('whiteboard-presence-toggle')).toContainText('2/');
          |                                                                    ^
      855 |       await expect(bobPage.getByTestId('whiteboard-presence-toggle')).toContainText('2/');
      856 |     } finally {
      857 |       await bobContext.close();
        at D:\new-projects\teacher-playground\tests\e2e\whiteboard.spec.ts:854:68

    attachment #1: screenshot (image/png) ──────────────────────────────────────────────────────────
    test-results\whiteboard-Edge-Cases-presence-shows-correct-user-count-chromium\test-failed-1.png
    ────────────────────────────────────────────────────────────────────────────────────────────────

    attachment #2: video (video/webm) ──────────────────────────────────────────────────────────────
    test-results\whiteboard-Edge-Cases-presence-shows-correct-user-count-chromium\video.webm
    ────────────────────────────────────────────────────────────────────────────────────────────────

    attachment #3: screenshot (image/png) ──────────────────────────────────────────────────────────
    test-results\whiteboard-Edge-Cases-presence-shows-correct-user-count-chromium\test-failed-2.png
    ────────────────────────────────────────────────────────────────────────────────────────────────

    Error Context: test-results\whiteboard-Edge-Cases-presence-shows-correct-user-count-chromium\error-context.md


[1A[2K  18 failed
    [chromium] › tests\e2e\collaboration.spec.ts:321:7 › Excalidraw Collaboration › drawing a rectangle on one peer appears on the other 
    [chromium] › tests\e2e\collaboration.spec.ts:372:7 › Excalidraw Collaboration › drawing a pen stroke on one peer appears on the other 
    [chromium] › tests\e2e\collaboration.spec.ts:447:7 › Excalidraw Collaboration › provider status reflects disconnect and reconnect 
    [chromium] › tests\e2e\collaboration.spec.ts:477:7 › Excalidraw Collaboration › disconnected peer catches up from API fallback 
    [chromium] › tests\e2e\whiteboard.spec.ts:248:7 › Room Connection Lifecycle › user name persists across page navigation 
    [chromium] › tests\e2e\whiteboard.spec.ts:263:7 › Room Connection Lifecycle › page refresh preserves whiteboard state 
    [chromium] › tests\e2e\whiteboard.spec.ts:329:7 › Multi-Peer Sync › Alice draws rectangle, Bob sees it via Yjs WebRTC 
    [chromium] › tests\e2e\whiteboard.spec.ts:383:7 › Multi-Peer Sync › Bob draws, Alice sees it ───
    [chromium] › tests\e2e\whiteboard.spec.ts:424:7 › Multi-Peer Sync › both peers draw simultaneously, both see each other 
    [chromium] › tests\e2e\whiteboard.spec.ts:514:7 › Multi-Peer Sync › Bob joins after Alice has drawn, Bob receives all elements 
    [chromium] › tests\e2e\whiteboard.spec.ts:562:7 › Reconnection & Resilience › reconnecting page receives existing elements 
    [chromium] › tests\e2e\whiteboard.spec.ts:602:7 › Reconnection & Resilience › rapid tool switching doesn't lose elements 
    [chromium] › tests\e2e\whiteboard.spec.ts:624:7 › Reconnection & Resilience › clearing board removes all elements and syncs 
    [chromium] › tests\e2e\whiteboard.spec.ts:675:7 › Reconnection & Resilience › viewport changes sync between peers 
    [chromium] › tests\e2e\whiteboard.spec.ts:730:7 › Edge Cases › drawing while provider is still connecting still works 
    [chromium] › tests\e2e\whiteboard.spec.ts:749:7 › Edge Cases › undo/redo works after Yjs sync ──
    [chromium] › tests\e2e\whiteboard.spec.ts:804:7 › Edge Cases › all 8 tools can be selected and active state is shown 
    [chromium] › tests\e2e\whiteboard.spec.ts:831:7 › Edge Cases › presence shows correct user count 
  1 skipped
  50 passed (8.6m)
